******************************************************************************
             TMS320C2000 Linker PC v18.12.1                    
******************************************************************************
>> Linked Fri Sep 20 15:04:21 2019

OUTPUT FILE NAME:   <RTOSdemo.out>
ENTRY POINT SYMBOL: "_c_int00"  address: 00092392


MEMORY CONFIGURATION

         name            origin    length      used     unused   attr    fill
----------------------  --------  ---------  --------  --------  ----  --------
PAGE 0:
  D01SARAM              0000b000   00001000  00000027  00000fd9  RWIX
  BEGIN                 00080000   00000004  00000004  00000000  RWIX
  FLASHA                00080004   00001ffc  00000000  00001ffc  RWIX
  FLASHB                00082000   00002000  00000000  00002000  RWIX
  FLASHC                00084000   00002000  00000000  00002000  RWIX
  FLASHD                00086000   00002000  00000000  00002000  RWIX
  FLASHE                00088000   00008000  00000000  00008000  RWIX
  FLASHF                00090000   00008000  000063fd  00001c03  RWIX
  FLASHG                00098000   00008000  00000000  00008000  RWIX
  FLASHH                000a0000   00008000  00000000  00008000  RWIX
  FLASHI                000a8000   00008000  00000000  00008000  RWIX
  FLASHJ                000b0000   00008000  00000000  00008000  RWIX
  FLASHK                000b8000   00002000  00000000  00002000  RWIX
  FLASHL                000ba000   00002000  00000000  00002000  RWIX
  FLASHM                000bc000   00002000  00000000  00002000  RWIX
  FLASHN                000be000   00002000  00000000  00002000  RWIX
  RESET                 003fffc0   00000002  00000000  00000002  RWIX

PAGE 1:
  BOOT_RSVD             00000002   00000120  00000000  00000120  RWIX
  M01SARAM              00000122   000006de  00000100  000005de  RWIX
  ADCA_RESULT           00000b00   00000020  00000018  00000008  RWIX
  ADCB_RESULT           00000b20   00000020  00000018  00000008  RWIX
  ADCC_RESULT           00000b40   00000020  00000018  00000008  RWIX
  ADCD_RESULT           00000b60   00000020  00000018  00000008  RWIX
  CPU_TIMER0            00000c00   00000008  00000008  00000000  RWIX
  CPU_TIMER1            00000c08   00000008  00000008  00000000  RWIX
  CPU_TIMER2            00000c10   00000008  00000008  00000000  RWIX
  PIE_CTRL              00000ce0   00000020  0000001a  00000006  RWIX
  PIE_VECT              00000d00   00000200  00000000  00000200  RWIX
  DMA                   00001000   00000200  000000e0  00000120  RWIX
  CLA1                  00001400   00000040  00000000  00000040  RWIX
  EPWM1                 00004000   00000100  00000100  00000000  RWIX
  EPWM2                 00004100   00000100  00000100  00000000  RWIX
  EPWM3                 00004200   00000100  00000100  00000000  RWIX
  EPWM4                 00004300   00000100  00000100  00000000  RWIX
  EPWM5                 00004400   00000100  00000100  00000000  RWIX
  EPWM6                 00004500   00000100  00000100  00000000  RWIX
  EPWM7                 00004600   00000100  00000100  00000000  RWIX
  EPWM8                 00004700   00000100  00000100  00000000  RWIX
  EPWM9                 00004800   00000100  00000100  00000000  RWIX
  EPWM10                00004900   00000100  00000100  00000000  RWIX
  EPWM11                00004a00   00000100  00000100  00000000  RWIX
  EPWM12                00004b00   00000100  00000100  00000000  RWIX
  ECAP1                 00005000   00000020  00000020  00000000  RWIX
  ECAP2                 00005020   00000020  00000020  00000000  RWIX
  ECAP3                 00005040   00000020  00000020  00000000  RWIX
  ECAP4                 00005060   00000020  00000020  00000000  RWIX
  ECAP5                 00005080   00000020  00000020  00000000  RWIX
  ECAP6                 000050a0   00000020  00000020  00000000  RWIX
  EQEP1                 00005100   00000040  00000022  0000001e  RWIX
  EQEP2                 00005140   00000040  00000022  0000001e  RWIX
  EQEP3                 00005180   00000040  00000022  0000001e  RWIX
  DACA                  00005c00   00000010  00000008  00000008  RWIX
  DACB                  00005c10   00000010  00000008  00000008  RWIX
  DACC                  00005c20   00000010  00000008  00000008  RWIX
  CMPSS1                00005c80   00000020  00000020  00000000  RWIX
  CMPSS2                00005ca0   00000020  00000020  00000000  RWIX
  CMPSS3                00005cc0   00000020  00000020  00000000  RWIX
  CMPSS4                00005ce0   00000020  00000020  00000000  RWIX
  CMPSS5                00005d00   00000020  00000020  00000000  RWIX
  CMPSS6                00005d20   00000020  00000020  00000000  RWIX
  CMPSS7                00005d40   00000020  00000020  00000000  RWIX
  CMPSS8                00005d60   00000020  00000020  00000000  RWIX
  SDFM1                 00005e00   00000080  00000080  00000000  RWIX
  SDFM2                 00005e80   00000080  00000080  00000000  RWIX
  MCBSPA                00006000   00000040  00000024  0000001c  RWIX
  MCBSPB                00006040   00000040  00000024  0000001c  RWIX
  SPIA                  00006100   00000010  00000010  00000000  RWIX
  SPIB                  00006110   00000010  00000010  00000000  RWIX
  SPIC                  00006120   00000010  00000010  00000000  RWIX
  SPID                  00006130   00000010  00000000  00000010  RWIX
  UPP                   00006200   00000100  00000048  000000b8  RWIX
  WD                    00007000   00000040  0000002b  00000015  RWIX
  NMIINTRUPT            00007060   00000010  00000007  00000009  RWIX
  XINT                  00007070   00000010  0000000b  00000005  RWIX
  SCIA                  00007200   00000010  00000010  00000000  RWIX
  SCIB                  00007210   00000010  00000010  00000000  RWIX
  SCIC                  00007220   00000010  00000010  00000000  RWIX
  SCID                  00007230   00000010  00000010  00000000  RWIX
  I2CA                  00007300   00000040  00000022  0000001e  RWIX
  I2CB                  00007340   00000040  00000022  0000001e  RWIX
  ADCA                  00007400   00000080  00000080  00000000  RWIX
  ADCB                  00007480   00000080  00000080  00000000  RWIX
  ADCC                  00007500   00000080  00000080  00000000  RWIX
  ADCD                  00007580   00000080  00000080  00000000  RWIX
  INPUT_XBAR            00007900   00000020  00000020  00000000  RWIX
  XBAR                  00007920   00000020  00000020  00000000  RWIX
  SYNC_SOC              00007940   00000010  00000006  0000000a  RWIX
  DMACLASRCSEL          00007980   00000040  0000001a  00000026  RWIX
  EPWM_XBAR             00007a00   00000040  00000040  00000000  RWIX
  CLB_XBAR              00007a40   00000040  00000000  00000040  RWIX
  OUTPUT_XBAR           00007a80   00000040  00000040  00000000  RWIX
  GPIOCTRL              00007c00   00000180  00000180  00000000  RWIX
  GPIODAT               00007f00   00000030  00000030  00000000  RWIX
  LS05SARAM             00008000   00003000  000013a9  00001c57  RWIX
  RAMGS0                0000c000   00001000  00000000  00001000  RWIX
  RAMGS1                0000d000   00001000  00000000  00001000  RWIX
  RAMGS2                0000e000   00001000  00000000  00001000  RWIX
  RAMGS3                0000f000   00001000  00000000  00001000  RWIX
  RAMGS4                00010000   00001000  00000000  00001000  RWIX
  RAMGS5                00011000   00001000  00000000  00001000  RWIX
  RAMGS6                00012000   00001000  00000000  00001000  RWIX
  RAMGS7                00013000   00001000  00000000  00001000  RWIX
  RAMGS8                00014000   00001000  00000000  00001000  RWIX
  RAMGS9                00015000   00001000  00000000  00001000  RWIX
  RAMGS10               00016000   00001000  00000000  00001000  RWIX
  RAMGS11               00017000   00001000  00000000  00001000  RWIX
  RAMGS12               00018000   00001000  00000000  00001000  RWIX
  RAMGS13               00019000   00001000  00000000  00001000  RWIX
  RAMGS14               0001a000   00001000  00000000  00001000  RWIX
  RAMGS15               0001b000   00001000  00000000  00001000  RWIX
  CPU2TOCPU1RAM         0003f800   00000400  00000000  00000400  RWIX
  CPU1TOCPU2RAM         0003fc00   00000400  00000088  00000378  RWIX
  EMIF1                 00047000   00000800  00000070  00000790  RWIX
  EMIF2                 00047800   00000800  00000070  00000790  RWIX
  CANA                  00048000   00000800  00000000  00000800  RWIX
  CANB                  0004a000   00000800  00000000  00000800  RWIX
  IPC                   00050000   00000024  00000024  00000000  RWIX
  FLASHPUMPSEMAPHORE    00050024   00000002  00000002  00000000  RWIX
  DEV_CFG               0005d000   00000180  0000012e  00000052  RWIX
  ANALOG_SUBSYS         0005d180   00000080  00000048  00000038  RWIX
  CLK_CFG               0005d200   00000100  00000032  000000ce  RWIX
  CPU_SYS               0005d300   00000100  00000082  0000007e  RWIX
  ROMPREFETCH           0005e608   00000002  00000002  00000000  RWIX
  DCSM_Z1               0005f000   00000030  00000024  0000000c  RWIX
  DCSM_Z2               0005f040   00000030  00000024  0000000c  RWIX
  DCSM_COMMON           0005f070   00000010  00000008  00000008  RWIX
  MEMCFG                0005f400   00000080  00000080  00000000  RWIX
  EMIF1CONFIG           0005f480   00000020  00000020  00000000  RWIX
  EMIF2CONFIG           0005f4a0   00000020  00000020  00000000  RWIX
  ACCESSPROTECTION      0005f4c0   00000040  00000040  00000000  RWIX
  MEMORYERROR           0005f500   00000040  00000040  00000000  RWIX
  ROMWAITSTATE          0005f540   00000002  00000002  00000000  RWIX
  FLASH0_CTRL           0005f800   00000300  00000182  0000017e  RWIX
  FLASH0_ECC            0005fb00   00000040  00000028  00000018  RWIX
  DCSM_Z1_OTP           00078000   00000020  00000020  00000000  RWIX
  DCSM_Z2_OTP           00078200   00000020  00000020  00000000  RWIX


SECTION ALLOCATION MAP

 output                                  attributes/
section   page    origin      length       input sections
--------  ----  ----------  ----------   ----------------
PieVectTableFile 
*          0    00000d00    000001c0     DSECT
                  00000d00    000001c0     F2837xD_GlobalVariableDefs.obj (PieVectTableFile)

EmuKeyVar 
*          0    00000d00    00000001     DSECT
                  00000d00    00000001     F2837xD_GlobalVariableDefs.obj (EmuKeyVar)

EmuBModeVar 
*          0    00000d01    00000001     DSECT
                  00000d01    00000001     F2837xD_GlobalVariableDefs.obj (EmuBModeVar)

FlashCallbackVar 
*          0    00000d02    00000000     DSECT

FlashScalingVar 
*          0    00000d02    00000000     DSECT

AdcaResultFile 
*          1    00000b00    00000018     UNINITIALIZED
                  00000b00    00000018     F2837xD_GlobalVariableDefs.obj (AdcaResultFile)

AdcbResultFile 
*          1    00000b20    00000018     UNINITIALIZED
                  00000b20    00000018     F2837xD_GlobalVariableDefs.obj (AdcbResultFile)

AdccResultFile 
*          1    00000b40    00000018     UNINITIALIZED
                  00000b40    00000018     F2837xD_GlobalVariableDefs.obj (AdccResultFile)

AdcdResultFile 
*          1    00000b60    00000018     UNINITIALIZED
                  00000b60    00000018     F2837xD_GlobalVariableDefs.obj (AdcdResultFile)

AdcaRegsFile 
*          1    00007400    00000080     UNINITIALIZED
                  00007400    00000080     F2837xD_GlobalVariableDefs.obj (AdcaRegsFile)

AdcbRegsFile 
*          1    00007480    00000080     UNINITIALIZED
                  00007480    00000080     F2837xD_GlobalVariableDefs.obj (AdcbRegsFile)

AdccRegsFile 
*          1    00007500    00000080     UNINITIALIZED
                  00007500    00000080     F2837xD_GlobalVariableDefs.obj (AdccRegsFile)

AdcdRegsFile 
*          1    00007580    00000080     UNINITIALIZED
                  00007580    00000080     F2837xD_GlobalVariableDefs.obj (AdcdRegsFile)

AnalogSubsysRegsFile 
*          1    0005d180    00000048     UNINITIALIZED
                  0005d180    00000048     F2837xD_GlobalVariableDefs.obj (AnalogSubsysRegsFile)

Cla1SoftIntRegsFile 
*          1    00000ce0    00000000     DSECT

.ti_catalog_c2800_initF2837x_begin 
*          0    00080000    00000002     
                  00080000    00000002     Boot.a28FP : Boot_asm.o28FP (.ti_catalog_c2800_initF2837x_begin)

codestart 
*          0    00080002    00000002     
                  00080002    00000002     F2837xD_CodeStartBranch.obj (codestart)

.TI.ramfunc 
*          0    00090028    0000002d     RUN ADDR = 0000925c
                  00090028    00000029     F2837xD_SysCtrl.obj (.TI.ramfunc:_InitFlash)
                  00090051    00000004     F2837xD_usDelay.obj (.TI.ramfunc)

.econst    0    00094004    00001f65     
                  00094004    00001821     app_p28FP.o28FP (.econst:xdc_runtime_Text_charTab__A)
                  00095825    00000001     app_p28FP.o28FP (.econst:ti_sysbios_family_c28_Hwi_Module__id__C)
                  00095826    000001c0     app_p28FP.o28FP (.econst:_ti_sysbios_family_c28_Hwi_vectors)
                  000959e6    0000008e     main.obj (.econst:.string)
                  00095a74    0000006b     app_p28FP.o28FP (.econst:.string)
                  00095adf    00000001     app_p28FP.o28FP (.econst:ti_sysbios_family_c28_Hwi_Module__loggerDefined__C)
                  00095ae0    00000058     ti.targets.rts2800.a28FP : Error.o28FP (.econst:.string)
                  00095b38    00000058     app_p28FP.o28FP (.econst:xdc_runtime_Text_nodeTab__A)
                  00095b90    00000047     ti.targets.rts2800.a28FP : Log.o28FP (.econst:.string)
                  00095bd7    00000001     app_p28FP.o28FP (.econst:ti_sysbios_family_c28_Hwi_NUM_INTERRUPTS_ALL__C)
                  00095bd8    00000043     ti.targets.rts2800.a28FP : Text.o28FP (.econst:.string)
                  00095c1b    00000001     app_p28FP.o28FP (.econst:ti_sysbios_family_c28_Hwi_Object__count__C)
                  00095c1c    0000002a     ti.targets.rts2800.a28FP : Startup.o28FP (.econst:.string)
                  00095c46    00000020     app_p28FP.o28FP (.econst:ti_sysbios_knl_Task_Object__PARAMS__C)
                  00095c66    0000001e     app_p28FP.o28FP (.econst:xdc_runtime_LoggerBuf_Module__FXNS__C)
                  00095c84    00000019     ti.targets.rts2800.a28FP : System.o28FP (.econst:.string)
                  00095c9d    00000001     app_p28FP.o28FP (.econst:ti_sysbios_family_c28_TaskSupport_Module__id__C)
                  00095c9e    00000014     app_p28FP.o28FP (.econst:ti_sysbios_heaps_HeapMem_Module__FXNS__C)
                  00095cb2    00000014     app_p28FP.o28FP (.econst:xdc_runtime_Startup_sfxnTab__A)
                  00095cc6    00000012     app_p28FP.o28FP (.econst:ti_sysbios_gates_GateHwi_Module__FXNS__C)
                  00095cd8    00000012     app_p28FP.o28FP (.econst:ti_sysbios_gates_GateMutex_Module__FXNS__C)
                  00095cea    00000012     app_p28FP.o28FP (.econst:ti_sysbios_heaps_HeapMem_Object__PARAMS__C)
                  00095cfc    00000012     app_p28FP.o28FP (.econst:ti_sysbios_knl_Clock_Object__PARAMS__C)
                  00095d0e    00000012     app_p28FP.o28FP (.econst:ti_sysbios_knl_Swi_Object__PARAMS__C)
                  00095d20    00000012     app_p28FP.o28FP (.econst:xdc_runtime_LoggerBuf_Object__PARAMS__C)
                  00095d32    00000010     app_p28FP.o28FP (.econst:ti_sysbios_gates_GateHwi_Object__DESC__C)
                  00095d42    00000010     app_p28FP.o28FP (.econst:ti_sysbios_gates_GateMutex_Object__DESC__C)
                  00095d52    00000010     app_p28FP.o28FP (.econst:ti_sysbios_heaps_HeapMem_Object__DESC__C)
                  00095d62    00000010     app_p28FP.o28FP (.econst:ti_sysbios_knl_Clock_Object__DESC__C)
                  00095d72    00000010     app_p28FP.o28FP (.econst:ti_sysbios_knl_Event_Object__DESC__C)
                  00095d82    00000010     app_p28FP.o28FP (.econst:ti_sysbios_knl_Queue_Object__DESC__C)
                  00095d92    00000010     app_p28FP.o28FP (.econst:ti_sysbios_knl_Semaphore_Object__DESC__C)
                  00095da2    00000010     app_p28FP.o28FP (.econst:ti_sysbios_knl_Semaphore_Object__PARAMS__C)
                  00095db2    00000010     app_p28FP.o28FP (.econst:ti_sysbios_knl_Swi_Object__DESC__C)
                  00095dc2    00000010     app_p28FP.o28FP (.econst:ti_sysbios_knl_Task_Object__DESC__C)
                  00095dd2    00000010     app_p28FP.o28FP (.econst:xdc_runtime_LoggerBuf_Object__DESC__C)
                  00095de2    0000000c     app_p28FP.o28FP (.econst:ti_sysbios_gates_GateHwi_Object__PARAMS__C)
                  00095dee    0000000c     app_p28FP.o28FP (.econst:ti_sysbios_gates_GateMutex_Object__PARAMS__C)
                  00095dfa    0000000c     app_p28FP.o28FP (.econst:ti_sysbios_knl_Event_Object__PARAMS__C)
                  00095e06    0000000c     app_p28FP.o28FP (.econst:ti_sysbios_knl_Queue_Object__PARAMS__C)
                  00095e12    0000000a     app_p28FP.o28FP (.econst:xdc_runtime_Startup_sfxnRts__A)
                  00095e1c    00000006     app_p28FP.o28FP (.econst:xdc_runtime_Startup_firstFxns__A)
                  00095e22    00000005     ti.targets.rts2800.a28FP : Assert.o28FP (.econst:.string)
                  00095e27    00000001     app_p28FP.o28FP (.econst:ti_sysbios_family_c28_TaskSupport_stackAlignment__C)
                  00095e28    00000004     app_p28FP.o28FP (.econst:ti_sysbios_knl_Idle_funcList__C)
                  00095e2c    00000004     app_p28FP.o28FP (.econst:xdc_runtime_Startup_firstFxns__C)
                  00095e30    00000004     app_p28FP.o28FP (.econst:xdc_runtime_Startup_lastFxns__C)
                  00095e34    00000002     app_p28FP.o28FP (.econst:ti_sysbios_family_c28_Hwi_A_badIntNum__C)
                  00095e36    00000002     app_p28FP.o28FP (.econst:ti_sysbios_family_c28_Hwi_A_invalidArg__C)
                  00095e38    00000002     app_p28FP.o28FP (.econst:ti_sysbios_family_c28_Hwi_E_unpluggedInterrupt__C)
                  00095e3a    00000002     app_p28FP.o28FP (.econst:ti_sysbios_family_c28_Hwi_LD_end__C)
                  00095e3c    00000002     app_p28FP.o28FP (.econst:ti_sysbios_family_c28_Hwi_LM_begin__C)
                  00095e3e    00000002     app_p28FP.o28FP (.econst:ti_sysbios_family_c28_Hwi_Module__diagsEnabled__C)
                  00095e40    00000002     app_p28FP.o28FP (.econst:ti_sysbios_family_c28_Hwi_Module__diagsIncluded__C)
                  00095e42    00000002     app_p28FP.o28FP (.econst:ti_sysbios_family_c28_Hwi_Module__diagsMask__C)
                  00095e44    00000002     app_p28FP.o28FP (.econst:ti_sysbios_family_c28_Hwi_Module__loggerFxn1__C)
                  00095e46    00000002     app_p28FP.o28FP (.econst:ti_sysbios_family_c28_Hwi_Module__loggerFxn8__C)
                  00095e48    00000002     app_p28FP.o28FP (.econst:ti_sysbios_family_c28_Hwi_Module__loggerObj__C)
                  00095e4a    00000002     app_p28FP.o28FP (.econst:ti_sysbios_family_c28_TaskSupport_E_invalidStack__C)
                  00095e4c    00000002     app_p28FP.o28FP (.econst:ti_sysbios_gates_GateMutex_A_badContext__C)
                  00095e4e    00000002     app_p28FP.o28FP (.econst:ti_sysbios_gates_GateMutex_Instance_State_sem__O)
                  00095e50    00000002     app_p28FP.o28FP (.econst:ti_sysbios_gates_GateMutex_Module__diagsEnabled__C)
                  00095e52    00000002     app_p28FP.o28FP (.econst:ti_sysbios_gates_GateMutex_Module__diagsIncluded__C)
                  00095e54    00000002     app_p28FP.o28FP (.econst:ti_sysbios_gates_GateMutex_Module__diagsMask__C)
                  00095e56    00000002     app_p28FP.o28FP (.econst:ti_sysbios_hal_Hwi_E_stackOverflow__C)
                  00095e58    00000002     app_p28FP.o28FP (.econst:ti_sysbios_heaps_HeapMem_A_align__C)
                  00095e5a    00000002     app_p28FP.o28FP (.econst:ti_sysbios_heaps_HeapMem_A_heapSize__C)
                  00095e5c    00000002     app_p28FP.o28FP (.econst:ti_sysbios_heaps_HeapMem_A_invalidFree__C)
                  00095e5e    00000002     app_p28FP.o28FP (.econst:ti_sysbios_heaps_HeapMem_A_zeroBlock__C)
                  00095e60    00000002     app_p28FP.o28FP (.econst:ti_sysbios_heaps_HeapMem_E_memory__C)
                  00095e62    00000002     app_p28FP.o28FP (.econst:ti_sysbios_heaps_HeapMem_Module__diagsEnabled__C)
                  00095e64    00000002     app_p28FP.o28FP (.econst:ti_sysbios_heaps_HeapMem_Module__diagsIncluded__C)
                  00095e66    00000002     app_p28FP.o28FP (.econst:ti_sysbios_heaps_HeapMem_Module__diagsMask__C)
                  00095e68    00000002     app_p28FP.o28FP (.econst:ti_sysbios_heaps_HeapMem_Module__gateObj__C)
                  00095e6a    00000002     app_p28FP.o28FP (.econst:ti_sysbios_heaps_HeapMem_reqAlign__C)
                  00095e6c    00000002     app_p28FP.o28FP (.econst:ti_sysbios_knl_Clock_A_badThreadType__C)
                  00095e6e    00000002     app_p28FP.o28FP (.econst:ti_sysbios_knl_Clock_LM_begin__C)
                  00095e70    00000002     app_p28FP.o28FP (.econst:ti_sysbios_knl_Clock_LM_tick__C)
                  00095e72    00000002     app_p28FP.o28FP (.econst:ti_sysbios_knl_Clock_LW_delayed__C)
                  00095e74    00000002     app_p28FP.o28FP (.econst:ti_sysbios_knl_Clock_Module_State_clockQ__O)
                  00095e76    00000002     app_p28FP.o28FP (.econst:ti_sysbios_knl_Clock_Module__diagsEnabled__C)
                  00095e78    00000002     app_p28FP.o28FP (.econst:ti_sysbios_knl_Clock_Module__diagsIncluded__C)
                  00095e7a    00000002     app_p28FP.o28FP (.econst:ti_sysbios_knl_Clock_Module__diagsMask__C)
                  00095e7c    00000002     app_p28FP.o28FP (.econst:ti_sysbios_knl_Clock_Module__loggerFxn1__C)
                  00095e7e    00000002     app_p28FP.o28FP (.econst:ti_sysbios_knl_Clock_Module__loggerFxn2__C)
                  00095e80    00000002     app_p28FP.o28FP (.econst:ti_sysbios_knl_Clock_Module__loggerObj__C)
                  00095e82    00000002     app_p28FP.o28FP (.econst:ti_sysbios_knl_Event_A_badContext__C)
                  00095e84    00000002     app_p28FP.o28FP (.econst:ti_sysbios_knl_Event_A_eventInUse__C)
                  00095e86    00000002     app_p28FP.o28FP (.econst:ti_sysbios_knl_Event_A_nullEventId__C)
                  00095e88    00000002     app_p28FP.o28FP (.econst:ti_sysbios_knl_Event_A_nullEventMasks__C)
                  00095e8a    00000002     app_p28FP.o28FP (.econst:ti_sysbios_knl_Event_A_pendTaskDisabled__C)
                  00095e8c    00000002     app_p28FP.o28FP (.econst:ti_sysbios_knl_Event_Instance_State_pendQ__O)
                  00095e8e    00000002     app_p28FP.o28FP (.econst:ti_sysbios_knl_Event_LM_pend__C)
                  00095e90    00000002     app_p28FP.o28FP (.econst:ti_sysbios_knl_Event_LM_post__C)
                  00095e92    00000002     app_p28FP.o28FP (.econst:ti_sysbios_knl_Event_Module__diagsEnabled__C)
                  00095e94    00000002     app_p28FP.o28FP (.econst:ti_sysbios_knl_Event_Module__diagsIncluded__C)
                  00095e96    00000002     app_p28FP.o28FP (.econst:ti_sysbios_knl_Event_Module__diagsMask__C)
                  00095e98    00000002     app_p28FP.o28FP (.econst:ti_sysbios_knl_Event_Module__loggerFxn4__C)
                  00095e9a    00000002     app_p28FP.o28FP (.econst:ti_sysbios_knl_Event_Module__loggerFxn8__C)
                  00095e9c    00000002     app_p28FP.o28FP (.econst:ti_sysbios_knl_Event_Module__loggerObj__C)
                  00095e9e    00000002     app_p28FP.o28FP (.econst:ti_sysbios_knl_Idle_funcList__A)
                  00095ea0    00000002     app_p28FP.o28FP (.econst:ti_sysbios_knl_Semaphore_A_badContext__C)
                  00095ea2    00000002     app_p28FP.o28FP (.econst:ti_sysbios_knl_Semaphore_A_noEvents__C)
                  00095ea4    00000002     app_p28FP.o28FP (.econst:ti_sysbios_knl_Semaphore_A_overflow__C)
                  00095ea6    00000002     app_p28FP.o28FP (.econst:ti_sysbios_knl_Semaphore_A_pendTaskDisabled__C)
                  00095ea8    00000002     app_p28FP.o28FP (.econst:ti_sysbios_knl_Semaphore_Instance_State_pendQ__O)
                  00095eaa    00000002     app_p28FP.o28FP (.econst:ti_sysbios_knl_Semaphore_LM_pend__C)
                  00095eac    00000002     app_p28FP.o28FP (.econst:ti_sysbios_knl_Semaphore_LM_post__C)
                  00095eae    00000002     app_p28FP.o28FP (.econst:ti_sysbios_knl_Semaphore_Module__diagsEnabled__C)
                  00095eb0    00000002     app_p28FP.o28FP (.econst:ti_sysbios_knl_Semaphore_Module__diagsIncluded__C)
                  00095eb2    00000002     app_p28FP.o28FP (.econst:ti_sysbios_knl_Semaphore_Module__diagsMask__C)
                  00095eb4    00000002     app_p28FP.o28FP (.econst:ti_sysbios_knl_Semaphore_Module__loggerFxn2__C)
                  00095eb6    00000002     app_p28FP.o28FP (.econst:ti_sysbios_knl_Semaphore_Module__loggerFxn4__C)
                  00095eb8    00000002     app_p28FP.o28FP (.econst:ti_sysbios_knl_Semaphore_Module__loggerObj__C)
                  00095eba    00000002     app_p28FP.o28FP (.econst:ti_sysbios_knl_Swi_A_badPriority__C)
                  00095ebc    00000002     app_p28FP.o28FP (.econst:ti_sysbios_knl_Swi_LD_end__C)
                  00095ebe    00000002     app_p28FP.o28FP (.econst:ti_sysbios_knl_Swi_LM_begin__C)
                  00095ec0    00000002     app_p28FP.o28FP (.econst:ti_sysbios_knl_Swi_LM_post__C)
                  00095ec2    00000002     app_p28FP.o28FP (.econst:ti_sysbios_knl_Swi_Module__diagsEnabled__C)
                  00095ec4    00000002     app_p28FP.o28FP (.econst:ti_sysbios_knl_Swi_Module__diagsIncluded__C)
                  00095ec6    00000002     app_p28FP.o28FP (.econst:ti_sysbios_knl_Swi_Module__diagsMask__C)
                  00095ec8    00000002     app_p28FP.o28FP (.econst:ti_sysbios_knl_Swi_Module__loggerFxn1__C)
                  00095eca    00000002     app_p28FP.o28FP (.econst:ti_sysbios_knl_Swi_Module__loggerFxn4__C)
                  00095ecc    00000002     app_p28FP.o28FP (.econst:ti_sysbios_knl_Swi_Module__loggerObj__C)
                  00095ece    00000002     app_p28FP.o28FP (.econst:ti_sysbios_knl_Task_A_badPriority__C)
                  00095ed0    00000002     app_p28FP.o28FP (.econst:ti_sysbios_knl_Task_A_badTaskState__C)
                  00095ed2    00000002     app_p28FP.o28FP (.econst:ti_sysbios_knl_Task_A_badThreadType__C)
                  00095ed4    00000002     app_p28FP.o28FP (.econst:ti_sysbios_knl_Task_A_badTimeout__C)
                  00095ed6    00000002     app_p28FP.o28FP (.econst:ti_sysbios_knl_Task_A_noPendElem__C)
                  00095ed8    00000002     app_p28FP.o28FP (.econst:ti_sysbios_knl_Task_A_sleepTaskDisabled__C)
                  00095eda    00000002     app_p28FP.o28FP (.econst:ti_sysbios_knl_Task_E_spOutOfBounds__C)
                  00095edc    00000002     app_p28FP.o28FP (.econst:ti_sysbios_knl_Task_E_stackOverflow__C)
                  00095ede    00000002     app_p28FP.o28FP (.econst:ti_sysbios_knl_Task_LD_block__C)
                  00095ee0    00000002     app_p28FP.o28FP (.econst:ti_sysbios_knl_Task_LD_exit__C)
                  00095ee2    00000002     app_p28FP.o28FP (.econst:ti_sysbios_knl_Task_LD_ready__C)
                  00095ee4    00000002     app_p28FP.o28FP (.econst:ti_sysbios_knl_Task_LM_sleep__C)
                  00095ee6    00000002     app_p28FP.o28FP (.econst:ti_sysbios_knl_Task_LM_switch__C)
                  00095ee8    00000002     app_p28FP.o28FP (.econst:ti_sysbios_knl_Task_Module_State_inactiveQ__O)
                  00095eea    00000002     app_p28FP.o28FP (.econst:ti_sysbios_knl_Task_Module__diagsEnabled__C)
                  00095eec    00000002     app_p28FP.o28FP (.econst:ti_sysbios_knl_Task_Module__diagsIncluded__C)
                  00095eee    00000002     app_p28FP.o28FP (.econst:ti_sysbios_knl_Task_Module__diagsMask__C)
                  00095ef0    00000002     app_p28FP.o28FP (.econst:ti_sysbios_knl_Task_Module__loggerFxn2__C)
                  00095ef2    00000002     app_p28FP.o28FP (.econst:ti_sysbios_knl_Task_Module__loggerFxn4__C)
                  00095ef4    00000002     app_p28FP.o28FP (.econst:ti_sysbios_knl_Task_Module__loggerObj__C)
                  00095ef6    00000002     app_p28FP.o28FP (.econst:ti_sysbios_knl_Task_allBlockedFunc__C)
                  00095ef8    00000002     app_p28FP.o28FP (.econst:ti_sysbios_knl_Task_defaultStackHeap__C)
                  00095efa    00000002     app_p28FP.o28FP (.econst:ti_sysbios_knl_Task_defaultStackSize__C)
                  00095efc    00000002     app_p28FP.o28FP (.econst:xdc_runtime_Assert_E_assertFailed__C)
                  00095efe    00000002     app_p28FP.o28FP (.econst:xdc_runtime_Core_A_initializedParams__C)
                  00095f00    00000002     app_p28FP.o28FP (.econst:xdc_runtime_Core_Module__diagsEnabled__C)
                  00095f02    00000002     app_p28FP.o28FP (.econst:xdc_runtime_Core_Module__diagsIncluded__C)
                  00095f04    00000002     app_p28FP.o28FP (.econst:xdc_runtime_Core_Module__diagsMask__C)
                  00095f06    00000002     app_p28FP.o28FP (.econst:xdc_runtime_Error_E_memory__C)
                  00095f08    00000002     app_p28FP.o28FP (.econst:xdc_runtime_Error_Module__diagsEnabled__C)
                  00095f0a    00000002     app_p28FP.o28FP (.econst:xdc_runtime_Error_Module__diagsIncluded__C)
                  00095f0c    00000002     app_p28FP.o28FP (.econst:xdc_runtime_Error_Module__diagsMask__C)
                  00095f0e    00000002     app_p28FP.o28FP (.econst:xdc_runtime_Error_Module__loggerFxn8__C)
                  00095f10    00000002     app_p28FP.o28FP (.econst:xdc_runtime_Error_Module__loggerObj__C)
                  00095f12    00000002     app_p28FP.o28FP (.econst:xdc_runtime_Error_policyFxn__C)
                  00095f14    00000002     app_p28FP.o28FP (.econst:xdc_runtime_Error_raiseHook__C)
                  00095f16    00000002     app_p28FP.o28FP (.econst:xdc_runtime_IFilterLogger_Interface__BASE__C)
                  00095f18    00000002     app_p28FP.o28FP (.econst:xdc_runtime_IGateProvider_Interface__BASE__C)
                  00095f1a    00000002     app_p28FP.o28FP (.econst:xdc_runtime_IHeap_Interface__BASE__C)
                  00095f1c    00000002     app_p28FP.o28FP (.econst:xdc_runtime_ILogger_Interface__BASE__C)
                  00095f1e    00000002     app_p28FP.o28FP (.econst:xdc_runtime_IModule_Interface__BASE__C)
                  00095f20    00000002     app_p28FP.o28FP (.econst:xdc_runtime_Log_L_error__C)
                  00095f22    00000002     app_p28FP.o28FP (.econst:xdc_runtime_LoggerBuf_E_badLevel__C)
                  00095f24    00000002     app_p28FP.o28FP (.econst:xdc_runtime_LoggerBuf_Module__gateObj__C)
                  00095f26    00000002     app_p28FP.o28FP (.econst:xdc_runtime_LoggerBuf_statusLogger__C)
                  00095f28    00000002     app_p28FP.o28FP (.econst:xdc_runtime_Memory_defaultHeapInstance__C)
                  00095f2a    00000002     app_p28FP.o28FP (.econst:xdc_runtime_Startup_execImpl__C)
                  00095f2c    00000002     app_p28FP.o28FP (.econst:xdc_runtime_Startup_sfxnRts__C)
                  00095f2e    00000002     app_p28FP.o28FP (.econst:xdc_runtime_Startup_sfxnTab__C)
                  00095f30    00000002     app_p28FP.o28FP (.econst:xdc_runtime_SysMin_bufSize__C)
                  00095f32    00000002     app_p28FP.o28FP (.econst:xdc_runtime_SysMin_outputFunc__C)
                  00095f34    00000002     app_p28FP.o28FP (.econst:xdc_runtime_System_Module__gateObj__C)
                  00095f36    00000002     app_p28FP.o28FP (.econst:xdc_runtime_System_abortFxn__C)
                  00095f38    00000002     app_p28FP.o28FP (.econst:xdc_runtime_System_exitFxn__C)
                  00095f3a    00000002     app_p28FP.o28FP (.econst:xdc_runtime_System_extendFxn__C)
                  00095f3c    00000002     app_p28FP.o28FP (.econst:xdc_runtime_Text_charTab__C)
                  00095f3e    00000002     app_p28FP.o28FP (.econst:xdc_runtime_Text_nameEmpty__C)
                  00095f40    00000002     app_p28FP.o28FP (.econst:xdc_runtime_Text_nameStatic__C)
                  00095f42    00000002     app_p28FP.o28FP (.econst:xdc_runtime_Text_nameUnknown__C)
                  00095f44    00000002     app_p28FP.o28FP (.econst:xdc_runtime_Text_nodeTab__C)
                  00095f46    00000002     app_p28FP.o28FP (.econst:xdc_runtime_Text_visitRopeFxn__C)
                  00095f48    00000001     app_p28FP.o28FP (.econst:ti_sysbios_family_c28_Timer_startupNeeded__C)
                  00095f49    00000001     app_p28FP.o28FP (.econst:ti_sysbios_gates_GateMutex_Module__id__C)
                  00095f4a    00000001     app_p28FP.o28FP (.econst:ti_sysbios_hal_Hwi_Module__id__C)
                  00095f4b    00000001     app_p28FP.o28FP (.econst:ti_sysbios_heaps_HeapMem_Module__id__C)
                  00095f4c    00000001     app_p28FP.o28FP (.econst:ti_sysbios_heaps_HeapMem_Object__count__C)
                  00095f4d    00000001     app_p28FP.o28FP (.econst:ti_sysbios_knl_Clock_Module__id__C)
                  00095f4e    00000001     app_p28FP.o28FP (.econst:ti_sysbios_knl_Clock_Module__loggerDefined__C)
                  00095f4f    00000001     app_p28FP.o28FP (.econst:ti_sysbios_knl_Event_Module__id__C)
                  00095f50    00000001     app_p28FP.o28FP (.econst:ti_sysbios_knl_Event_Module__loggerDefined__C)
                  00095f51    00000001     app_p28FP.o28FP (.econst:ti_sysbios_knl_Semaphore_Module__id__C)
                  00095f52    00000001     app_p28FP.o28FP (.econst:ti_sysbios_knl_Semaphore_Module__loggerDefined__C)
                  00095f53    00000001     app_p28FP.o28FP (.econst:ti_sysbios_knl_Swi_Module__id__C)
                  00095f54    00000001     app_p28FP.o28FP (.econst:ti_sysbios_knl_Swi_Module__loggerDefined__C)
                  00095f55    00000001     app_p28FP.o28FP (.econst:ti_sysbios_knl_Swi_Object__count__C)
                  00095f56    00000001     app_p28FP.o28FP (.econst:ti_sysbios_knl_Task_Module__id__C)
                  00095f57    00000001     app_p28FP.o28FP (.econst:ti_sysbios_knl_Task_Module__loggerDefined__C)
                  00095f58    00000001     app_p28FP.o28FP (.econst:ti_sysbios_knl_Task_Object__count__C)
                  00095f59    00000001     app_p28FP.o28FP (.econst:ti_sysbios_knl_Task_numConstructedTasks__C)
                  00095f5a    00000001     app_p28FP.o28FP (.econst:xdc_runtime_Core_Module__id__C)
                  00095f5b    00000001     app_p28FP.o28FP (.econst:xdc_runtime_Error_Module__loggerDefined__C)
                  00095f5c    00000001     app_p28FP.o28FP (.econst:xdc_runtime_Error_maxDepth__C)
                  00095f5d    00000001     app_p28FP.o28FP (.econst:xdc_runtime_Error_policy__C)
                  00095f5e    00000001     app_p28FP.o28FP (.econst:xdc_runtime_LoggerBuf_Module__id__C)
                  00095f5f    00000001     app_p28FP.o28FP (.econst:xdc_runtime_LoggerBuf_Object__count__C)
                  00095f60    00000001     app_p28FP.o28FP (.econst:xdc_runtime_LoggerBuf_filterByLevel__C)
                  00095f61    00000001     app_p28FP.o28FP (.econst:xdc_runtime_Memory_Module__id__C)
                  00095f62    00000001     app_p28FP.o28FP (.econst:xdc_runtime_Startup_maxPasses__C)
                  00095f63    00000001     app_p28FP.o28FP (.econst:xdc_runtime_SysMin_flushAtExit__C)
                  00095f64    00000001     app_p28FP.o28FP (.econst:xdc_runtime_System_maxAtexitHandlers__C)
                  00095f65    00000001     app_p28FP.o28FP (.econst:xdc_runtime_Text_charCnt__C)
                  00095f66    00000001     app_p28FP.o28FP (.econst:xdc_runtime_Text_isLoaded__C)
                  00095f67    00000001     app_p28FP.o28FP (.econst:xdc_runtime_Text_registryModsLastId__C)
                  00095f68    00000001     app_p28FP.o28FP (.econst:xdc_runtime_Text_unnamedModsLastId__C)

.switch    0    000963d2    0000001c     
                  000963d2    0000001c     sysbios.a28FP : BIOS.obj (.switch:_ti_sysbios_family_c28_Hwi_clearInterrupt__E)

.stack     1    00000122    00000100     UNINITIALIZED
                  00000122    00000100     --HOLE--

CpuTimer0RegsFile 
*          1    00000c00    00000008     UNINITIALIZED
                  00000c00    00000008     F2837xD_GlobalVariableDefs.obj (CpuTimer0RegsFile)

CpuTimer1RegsFile 
*          1    00000c08    00000008     UNINITIALIZED
                  00000c08    00000008     F2837xD_GlobalVariableDefs.obj (CpuTimer1RegsFile)

CpuTimer2RegsFile 
*          1    00000c10    00000008     UNINITIALIZED
                  00000c10    00000008     F2837xD_GlobalVariableDefs.obj (CpuTimer2RegsFile)

PieCtrlRegsFile 
*          1    00000ce0    0000001a     UNINITIALIZED
                  00000ce0    0000001a     F2837xD_GlobalVariableDefs.obj (PieCtrlRegsFile)

DmaRegsFile 
*          1    00001000    000000e0     UNINITIALIZED
                  00001000    000000e0     F2837xD_GlobalVariableDefs.obj (DmaRegsFile)

EPwm1RegsFile 
*          1    00004000    00000100     UNINITIALIZED
                  00004000    00000100     F2837xD_GlobalVariableDefs.obj (EPwm1RegsFile)

EPwm2RegsFile 
*          1    00004100    00000100     UNINITIALIZED
                  00004100    00000100     F2837xD_GlobalVariableDefs.obj (EPwm2RegsFile)

EPwm3RegsFile 
*          1    00004200    00000100     UNINITIALIZED
                  00004200    00000100     F2837xD_GlobalVariableDefs.obj (EPwm3RegsFile)

EPwm4RegsFile 
*          1    00004300    00000100     UNINITIALIZED
                  00004300    00000100     F2837xD_GlobalVariableDefs.obj (EPwm4RegsFile)

EPwm5RegsFile 
*          1    00004400    00000100     UNINITIALIZED
                  00004400    00000100     F2837xD_GlobalVariableDefs.obj (EPwm5RegsFile)

EPwm6RegsFile 
*          1    00004500    00000100     UNINITIALIZED
                  00004500    00000100     F2837xD_GlobalVariableDefs.obj (EPwm6RegsFile)

EPwm7RegsFile 
*          1    00004600    00000100     UNINITIALIZED
                  00004600    00000100     F2837xD_GlobalVariableDefs.obj (EPwm7RegsFile)

EPwm8RegsFile 
*          1    00004700    00000100     UNINITIALIZED
                  00004700    00000100     F2837xD_GlobalVariableDefs.obj (EPwm8RegsFile)

EPwm9RegsFile 
*          1    00004800    00000100     UNINITIALIZED
                  00004800    00000100     F2837xD_GlobalVariableDefs.obj (EPwm9RegsFile)

EPwm10RegsFile 
*          1    00004900    00000100     UNINITIALIZED
                  00004900    00000100     F2837xD_GlobalVariableDefs.obj (EPwm10RegsFile)

EPwm11RegsFile 
*          1    00004a00    00000100     UNINITIALIZED
                  00004a00    00000100     F2837xD_GlobalVariableDefs.obj (EPwm11RegsFile)

EPwm12RegsFile 
*          1    00004b00    00000100     UNINITIALIZED
                  00004b00    00000100     F2837xD_GlobalVariableDefs.obj (EPwm12RegsFile)

ECap1RegsFile 
*          1    00005000    00000020     UNINITIALIZED
                  00005000    00000020     F2837xD_GlobalVariableDefs.obj (ECap1RegsFile)

ECap2RegsFile 
*          1    00005020    00000020     UNINITIALIZED
                  00005020    00000020     F2837xD_GlobalVariableDefs.obj (ECap2RegsFile)

ECap3RegsFile 
*          1    00005040    00000020     UNINITIALIZED
                  00005040    00000020     F2837xD_GlobalVariableDefs.obj (ECap3RegsFile)

ECap4RegsFile 
*          1    00005060    00000020     UNINITIALIZED
                  00005060    00000020     F2837xD_GlobalVariableDefs.obj (ECap4RegsFile)

ECap5RegsFile 
*          1    00005080    00000020     UNINITIALIZED
                  00005080    00000020     F2837xD_GlobalVariableDefs.obj (ECap5RegsFile)

ECap6RegsFile 
*          1    000050a0    00000020     UNINITIALIZED
                  000050a0    00000020     F2837xD_GlobalVariableDefs.obj (ECap6RegsFile)

EQep1RegsFile 
*          1    00005100    00000022     UNINITIALIZED
                  00005100    00000022     F2837xD_GlobalVariableDefs.obj (EQep1RegsFile)

EQep2RegsFile 
*          1    00005140    00000022     UNINITIALIZED
                  00005140    00000022     F2837xD_GlobalVariableDefs.obj (EQep2RegsFile)

EQep3RegsFile 
*          1    00005180    00000022     UNINITIALIZED
                  00005180    00000022     F2837xD_GlobalVariableDefs.obj (EQep3RegsFile)

DacaRegsFile 
*          1    00005c00    00000008     UNINITIALIZED
                  00005c00    00000008     F2837xD_GlobalVariableDefs.obj (DacaRegsFile)

DacbRegsFile 
*          1    00005c10    00000008     UNINITIALIZED
                  00005c10    00000008     F2837xD_GlobalVariableDefs.obj (DacbRegsFile)

DaccRegsFile 
*          1    00005c20    00000008     UNINITIALIZED
                  00005c20    00000008     F2837xD_GlobalVariableDefs.obj (DaccRegsFile)

Cmpss1RegsFile 
*          1    00005c80    00000020     UNINITIALIZED
                  00005c80    00000020     F2837xD_GlobalVariableDefs.obj (Cmpss1RegsFile)

Cmpss2RegsFile 
*          1    00005ca0    00000020     UNINITIALIZED
                  00005ca0    00000020     F2837xD_GlobalVariableDefs.obj (Cmpss2RegsFile)

Cmpss3RegsFile 
*          1    00005cc0    00000020     UNINITIALIZED
                  00005cc0    00000020     F2837xD_GlobalVariableDefs.obj (Cmpss3RegsFile)

Cmpss4RegsFile 
*          1    00005ce0    00000020     UNINITIALIZED
                  00005ce0    00000020     F2837xD_GlobalVariableDefs.obj (Cmpss4RegsFile)

Cmpss5RegsFile 
*          1    00005d00    00000020     UNINITIALIZED
                  00005d00    00000020     F2837xD_GlobalVariableDefs.obj (Cmpss5RegsFile)

Cmpss6RegsFile 
*          1    00005d20    00000020     UNINITIALIZED
                  00005d20    00000020     F2837xD_GlobalVariableDefs.obj (Cmpss6RegsFile)

Cmpss7RegsFile 
*          1    00005d40    00000020     UNINITIALIZED
                  00005d40    00000020     F2837xD_GlobalVariableDefs.obj (Cmpss7RegsFile)

Cmpss8RegsFile 
*          1    00005d60    00000020     UNINITIALIZED
                  00005d60    00000020     F2837xD_GlobalVariableDefs.obj (Cmpss8RegsFile)

Sdfm1RegsFile 
*          1    00005e00    00000080     UNINITIALIZED
                  00005e00    00000080     F2837xD_GlobalVariableDefs.obj (Sdfm1RegsFile)

Sdfm2RegsFile 
*          1    00005e80    00000080     UNINITIALIZED
                  00005e80    00000080     F2837xD_GlobalVariableDefs.obj (Sdfm2RegsFile)

McbspaRegsFile 
*          1    00006000    00000024     UNINITIALIZED
                  00006000    00000024     F2837xD_GlobalVariableDefs.obj (McbspaRegsFile)

McbspbRegsFile 
*          1    00006040    00000024     UNINITIALIZED
                  00006040    00000024     F2837xD_GlobalVariableDefs.obj (McbspbRegsFile)

SpiaRegsFile 
*          1    00006100    00000010     UNINITIALIZED
                  00006100    00000010     F2837xD_GlobalVariableDefs.obj (SpiaRegsFile)

SpibRegsFile 
*          1    00006110    00000010     UNINITIALIZED
                  00006110    00000010     F2837xD_GlobalVariableDefs.obj (SpibRegsFile)

SpicRegsFile 
*          1    00006120    00000010     UNINITIALIZED
                  00006120    00000010     F2837xD_GlobalVariableDefs.obj (SpicRegsFile)

UppRegsFile 
*          1    00006200    00000048     UNINITIALIZED
                  00006200    00000048     F2837xD_GlobalVariableDefs.obj (UppRegsFile)

WdRegsFile 
*          1    00007000    0000002b     UNINITIALIZED
                  00007000    0000002b     F2837xD_GlobalVariableDefs.obj (WdRegsFile)

NmiIntruptRegsFile 
*          1    00007060    00000007     UNINITIALIZED
                  00007060    00000007     F2837xD_GlobalVariableDefs.obj (NmiIntruptRegsFile)

XintRegsFile 
*          1    00007070    0000000b     UNINITIALIZED
                  00007070    0000000b     F2837xD_GlobalVariableDefs.obj (XintRegsFile)

SciaRegsFile 
*          1    00007200    00000010     UNINITIALIZED
                  00007200    00000010     F2837xD_GlobalVariableDefs.obj (SciaRegsFile)

ScibRegsFile 
*          1    00007210    00000010     UNINITIALIZED
                  00007210    00000010     F2837xD_GlobalVariableDefs.obj (ScibRegsFile)

ScicRegsFile 
*          1    00007220    00000010     UNINITIALIZED
                  00007220    00000010     F2837xD_GlobalVariableDefs.obj (ScicRegsFile)

ScidRegsFile 
*          1    00007230    00000010     UNINITIALIZED
                  00007230    00000010     F2837xD_GlobalVariableDefs.obj (ScidRegsFile)

I2caRegsFile 
*          1    00007300    00000022     UNINITIALIZED
                  00007300    00000022     F2837xD_GlobalVariableDefs.obj (I2caRegsFile)

I2cbRegsFile 
*          1    00007340    00000022     UNINITIALIZED
                  00007340    00000022     F2837xD_GlobalVariableDefs.obj (I2cbRegsFile)

InputXbarRegsFile 
*          1    00007900    00000020     UNINITIALIZED
                  00007900    00000020     F2837xD_GlobalVariableDefs.obj (InputXbarRegsFile)

XbarRegsFile 
*          1    00007920    00000020     UNINITIALIZED
                  00007920    00000020     F2837xD_GlobalVariableDefs.obj (XbarRegsFile)

SyncSocRegsFile 
*          1    00007940    00000006     UNINITIALIZED
                  00007940    00000006     F2837xD_GlobalVariableDefs.obj (SyncSocRegsFile)

DmaClaSrcSelRegsFile 
*          1    00007980    0000001a     UNINITIALIZED
                  00007980    0000001a     F2837xD_GlobalVariableDefs.obj (DmaClaSrcSelRegsFile)

EPwmXbarRegsFile 
*          1    00007a00    00000040     UNINITIALIZED
                  00007a00    00000040     F2837xD_GlobalVariableDefs.obj (EPwmXbarRegsFile)

OutputXbarRegsFile 
*          1    00007a80    00000040     UNINITIALIZED
                  00007a80    00000040     F2837xD_GlobalVariableDefs.obj (OutputXbarRegsFile)

GpioCtrlRegsFile 
*          1    00007c00    00000180     UNINITIALIZED
                  00007c00    00000180     F2837xD_GlobalVariableDefs.obj (GpioCtrlRegsFile)

GpioDataRegsFile 
*          1    00007f00    00000030     UNINITIALIZED
                  00007f00    00000030     F2837xD_GlobalVariableDefs.obj (GpioDataRegsFile)

Emif1RegsFile 
*          1    00047000    00000070     UNINITIALIZED
                  00047000    00000070     F2837xD_GlobalVariableDefs.obj (Emif1RegsFile)

Emif2RegsFile 
*          1    00047800    00000070     UNINITIALIZED
                  00047800    00000070     F2837xD_GlobalVariableDefs.obj (Emif2RegsFile)

IpcRegsFile 
*          1    00050000    00000024     UNINITIALIZED
                  00050000    00000024     F2837xD_GlobalVariableDefs.obj (IpcRegsFile)

FlashPumpSemaphoreRegsFile 
*          1    00050024    00000002     UNINITIALIZED
                  00050024    00000002     F2837xD_GlobalVariableDefs.obj (FlashPumpSemaphoreRegsFile)

RomPrefetchRegsFile 
*          1    0005e608    00000002     UNINITIALIZED
                  0005e608    00000002     F2837xD_GlobalVariableDefs.obj (RomPrefetchRegsFile)

DcsmZ1RegsFile 
*          1    0005f000    00000024     UNINITIALIZED
                  0005f000    00000024     F2837xD_GlobalVariableDefs.obj (DcsmZ1RegsFile)

DcsmZ2RegsFile 
*          1    0005f040    00000024     UNINITIALIZED
                  0005f040    00000024     F2837xD_GlobalVariableDefs.obj (DcsmZ2RegsFile)

DcsmCommonRegsFile 
*          1    0005f070    00000008     UNINITIALIZED
                  0005f070    00000008     F2837xD_GlobalVariableDefs.obj (DcsmCommonRegsFile)

MemCfgRegsFile 
*          1    0005f400    00000080     UNINITIALIZED
                  0005f400    00000080     F2837xD_GlobalVariableDefs.obj (MemCfgRegsFile)

Emif1ConfigRegsFile 
*          1    0005f480    00000020     UNINITIALIZED
                  0005f480    00000020     F2837xD_GlobalVariableDefs.obj (Emif1ConfigRegsFile)

Emif2ConfigRegsFile 
*          1    0005f4a0    00000020     UNINITIALIZED
                  0005f4a0    00000020     F2837xD_GlobalVariableDefs.obj (Emif2ConfigRegsFile)

AccessProtectionRegsFile 
*          1    0005f4c0    00000040     UNINITIALIZED
                  0005f4c0    00000040     F2837xD_GlobalVariableDefs.obj (AccessProtectionRegsFile)

MemoryErrorRegsFile 
*          1    0005f500    00000040     UNINITIALIZED
                  0005f500    00000040     F2837xD_GlobalVariableDefs.obj (MemoryErrorRegsFile)

RomWaitStateRegsFile 
*          1    0005f540    00000002     UNINITIALIZED
                  0005f540    00000002     F2837xD_GlobalVariableDefs.obj (RomWaitStateRegsFile)

Flash0CtrlRegsFile 
*          1    0005f800    00000182     UNINITIALIZED
                  0005f800    00000182     F2837xD_GlobalVariableDefs.obj (Flash0CtrlRegsFile)

Flash0EccRegsFile 
*          1    0005fb00    00000028     UNINITIALIZED
                  0005fb00    00000028     F2837xD_GlobalVariableDefs.obj (Flash0EccRegsFile)

DcsmZ1OtpFile 
*          1    00078000    00000020     NOLOAD SECTION
                  00078000    00000020     F2837xD_GlobalVariableDefs.obj (DcsmZ1OtpFile)

DcsmZ2OtpFile 
*          1    00078200    00000020     NOLOAD SECTION
                  00078200    00000020     F2837xD_GlobalVariableDefs.obj (DcsmZ2OtpFile)

DevCfgRegsFile 
*          1    0005d000    0000012e     UNINITIALIZED
                  0005d000    0000012e     F2837xD_GlobalVariableDefs.obj (DevCfgRegsFile)

ClkCfgRegsFile 
*          1    0005d200    00000032     UNINITIALIZED
                  0005d200    00000032     F2837xD_GlobalVariableDefs.obj (ClkCfgRegsFile)

CpuSysRegsFile 
*          1    0005d300    00000082     UNINITIALIZED
                  0005d300    00000082     F2837xD_GlobalVariableDefs.obj (CpuSysRegsFile)

.cinit     0    00095f69    00000468     
                  00095f69    000001c3     app_p28FP.o28FP (.cinit:_ti_sysbios_family_c28_Hwi_Module_State_0_dispatchTable__A)
                  0009612c    00000127     app_p28FP.o28FP (.cinit)
                  00096253    00000043     app_p28FP.o28FP (.cinit:_ti_sysbios_knl_Swi_Module_State_0_readyQ__A)
                  00096296    00000043     app_p28FP.o28FP (.cinit:_ti_sysbios_knl_Task_Module_State_0_readyQ__A)
                  000962d9    0000002d     app_p28FP.o28FP (.cinit:_ti_sysbios_knl_Task_Object__table__V)
                  00096306    0000001f     app_p28FP.o28FP (.cinit:_ti_sysbios_gates_GateMutex_Object__table__V)
                  00096325    0000001b     app_p28FP.o28FP (.cinit:_ti_sysbios_family_c28_Timer_Object__table__V)
                  00096340    00000017     app_p28FP.o28FP (.cinit:_ti_sysbios_knl_Swi_Object__table__V)
                  00096357    00000015     app_p28FP.o28FP (.cinit:_xdc_runtime_LoggerBuf_Object__table__V)
                  0009636c    00000014     task.obj (.cinit)
                  00096380    00000013     app_p28FP.o28FP (.cinit:_ti_sysbios_family_c28_Hwi_Object__table__V)
                  00096393    0000000f     app_p28FP.o28FP (.cinit:_ti_sysbios_heaps_HeapMem_Object__table__V)
                  000963a2    0000000e     rts2800_fpu32.lib : exit.c.obj (.cinit)
                  000963b0    0000000b     app_p28FP.o28FP (.cinit:_xdc_runtime_System_Module_State_0_atexitHandlers__A)
                  000963bb    00000005     rts2800_fpu32.lib : _lock.c.obj (.cinit:__lock)
                  000963c0    00000005                       : _lock.c.obj (.cinit:__unlock)
                  000963c5    00000005     app_p28FP.o28FP (.cinit:_ti_sysbios_gates_GateHwi_Object__table__V)
                  000963ca    00000005     app_p28FP.o28FP (.cinit:_ti_sysbios_knl_Task_Module_State_0_idleTask__A)
                  000963cf    00000002     --HOLE-- [fill = 0]

.binit     0    000963f0    00000012     
                  000963f0    00000012     (.binit)

.pinit     0    00090000    00000000     UNINITIALIZED

.text      0    00090056    00003fae     
                  00090056    00000233     ti.targets.rts2800.a28FP : System.o28FP (.text:_xdc_runtime_System_doPrint__I)
                  00090289    0000022b     sysbios.a28FP : BIOS.obj (.text:_ti_sysbios_knl_Event_pend__E)
                  000904b4    000001dc                   : BIOS.obj (.text:_ti_sysbios_knl_Semaphore_pend__E)
                  00090690    000001c6     Initcpu.obj (.text:_InitCpu)
                  00090856    000001a1     sysbios.a28FP : BIOS.obj (.text:_ti_sysbios_heaps_HeapMem_freeUnprotected__E)
                  000909f7    0000016c                   : BIOS.obj (.text:_ti_sysbios_heaps_HeapMem_allocUnprotected__E)
                  00090b63    0000016b                   : BIOS.obj (.text:_ti_sysbios_knl_Task_Instance_finalize__E)
                  00090cce    0000013f                   : BIOS.obj (.text:_ti_sysbios_knl_Task_Instance_init__E)
                  00090e0d    00000137                   : BIOS.obj (.text:_ti_sysbios_knl_Task_sleep__E)
                  00090f44    00000107     rts2800_fpu32.lib : ll_div28.asm.obj (.text)
                  0009104b    000000ef     sysbios.a28FP : BIOS.obj (.text:_ti_sysbios_heaps_HeapMem_Instance_init__E)
                  0009113a    000000dc                   : BIOS.obj (.text:_ti_sysbios_family_c28_Hwi_clearInterrupt__E)
                  00091216    000000ce     main.obj (.text:_main)
                  000912e4    000000cb     sysbios.a28FP : BIOS.obj (.text:_ti_sysbios_knl_Event_post__E)
                  000913af    000000c2                   : BIOS.obj (.text:_ti_sysbios_family_c28_Hwi_dispatchCore__I)
                  00091471    000000c0     ti.targets.rts2800.a28FP : LoggerBuf.o28FP (.text:_xdc_runtime_LoggerBuf_write8__E)
                  00091531    000000be     app_p28FP.o28FP (.text:_xdc_runtime_System_printfExtend__I)
                  000915ef    000000b8     sysbios.a28FP : BIOS.obj (.text:_ti_sysbios_knl_Semaphore_post__E)
                  000916a7    000000af                   : BIOS.obj (.text:_ti_sysbios_knl_Clock_workFunc__E)
                  00091756    000000a9                   : BIOS.obj (.text:_ti_sysbios_knl_Swi_run__I)
                  000917ff    000000a6                   : BIOS.obj (.text:_ti_sysbios_knl_Clock_Instance_init__E)
                  000918a5    000000a3     F2837xD_Adc.obj (.text:_AdcSetMode)
                  00091948    000000a0     ti.targets.rts2800.a28FP : Core-mem.o28FP (.text:_xdc_runtime_Core_createObject__I)
                  000919e8    0000009b     sysbios.a28FP : c28_Hwi_disp_asm.obj (.text:_ti_sysbios_family_c28_Hwi_dispatch)
                  00091a83    00000001     Boot.a28FP : Boot.o28FP (.text:_ti_catalog_c2800_initF2837x_Boot_defaultLimpAbortFunction)
                  00091a84    00000095     rts2800_fpu32.lib : trgmsg.c.obj (.text)
                  00091b19    00000094     F2837xD_Gpio.obj (.text:_GPIO_SetupPinOptions)
                  00091bad    00000090     ti.targets.rts2800.a28FP : Error.o28FP (.text:_xdc_runtime_Error_policyDefault__E)
                  00091c3d    0000008f     sysbios.a28FP : BIOS.obj (.text:_ti_sysbios_knl_Swi_Instance_init__E)
                  00091ccc    0000008e                   : BIOS.obj (.text:_ti_sysbios_family_c28_Hwi_enableInterrupt__E)
                  00091d5a    0000008d     ti.targets.rts2800.a28FP : Core-smem.o28FP (.text:_xdc_runtime_Core_constructObject__I)
                  00091de7    0000008c     F2837xD_Gpio.obj (.text:_GPIO_SetupPinMux)
                  00091e73    00000084     F2837xD_SysCtrl.obj (.text:_InitPeripheralClocks)
                  00091ef7    00000081     sysbios.a28FP : BIOS.obj (.text:_ti_sysbios_family_c28_Hwi_disableInterrupt__E)
                  00091f78    00000080                   : BIOS.obj (.text:_ti_sysbios_family_c28_Hwi_disablePIEIER__E)
                  00091ff8    0000007f                   : BIOS.obj (.text:_ti_sysbios_family_c28_Hwi_enablePIEIER__E)
                  00092077    0000007a     ti.targets.rts2800.a28FP : LoggerBuf.o28FP (.text:_xdc_runtime_LoggerBuf_write4__E)
                  000920f1    00000075     sysbios.a28FP : BIOS.obj (.text:_ti_sysbios_knl_Task_checkStacks__E)
                  00092166    00000072                   : BIOS.obj (.text:_ti_sysbios_knl_Task_startCore__E)
                  000921d8    00000071                   : BIOS.obj (.text:_ti_sysbios_gates_GateMutex_enter__E)
                  00092249    00000071     ti.targets.rts2800.a28FP : Startup.o28FP (.text:_xdc_runtime_Startup_startMods__I)
                  000922ba    0000006e     sysbios.a28FP : BIOS.obj (.text:_ti_sysbios_knl_Task_schedule__I)
                  00092328    0000006a                   : BIOS.obj (.text:_ti_sysbios_knl_Semaphore_Instance_init__E)
                  00092392    00000069     boot.a28FP : boot_cg.o28FP (.text)
                  000923fb    00000066     sysbios.a28FP : BIOS.obj (.text:_ti_sysbios_family_c28_Timer_stopAndClear__I)
                  00092461    00000061                   : BIOS.obj (.text:_ti_sysbios_knl_Swi_post__E)
                  000924c2    00000061                   : BIOS.obj (.text:_ti_sysbios_knl_Task_blockI__E)
                  00092523    00000060     ti.targets.rts2800.a28FP : Text.o28FP (.text:_xdc_runtime_Text_putSite__E)
                  00092583    00000058     sysbios.a28FP : BIOS.obj (.text:_ti_sysbios_knl_Task_exit__E)
                  000925db    00000052                   : BIOS.obj (.text:_ti_sysbios_knl_Task_unblockI__E)
                  0009262d    00000049                   : BIOS.obj (.text:_ti_sysbios_knl_Task_postInit__I)
                  00092676    00000048     isr.obj (.text:_timer0_isr)
                  000926be    00000047     sysbios.a28FP : BIOS.obj (.text:_ti_sysbios_family_c28_Hwi_Module_startup__E)
                  00092705    00000045     Boot.a28FP : Boot.o28FP (.text:.bootCodeSection:_ti_catalog_c2800_initF2837x_Boot_configurePllDivs)
                  0009274a    00000042     sysbios.a28FP : BIOS.obj (.text:_ti_sysbios_family_c28_Hwi_unPluggedInterrupt__I)
                  0009278c    00000041     ti.targets.rts2800.a28FP : Text.o28FP (.text:_xdc_runtime_Text_putLab__E)
                  000927cd    00000040     task.obj (.text:_swi1Fxn)
                  0009280d    00000040     sysbios.a28FP : BIOS.obj (.text:_ti_sysbios_family_c28_Timer_postInit__I)
                  0009284d    00000040     ti.targets.rts2800.a28FP : Memory.o28FP (.text:_xdc_runtime_Memory_alloc__E)
                  0009288d    0000003f                              : Text.o28FP (.text:_xdc_runtime_Text_putMod__E)
                  000928cc    0000003e     sysbios.a28FP : BIOS.obj (.text:_ti_sysbios_knl_Swi_restoreHwi__E)
                  0009290a    0000003e     ti.targets.rts2800.a28FP : Core-mem.o28FP (.text:_xdc_runtime_Core_deleteObject__I)
                  00092948    0000003d                              : LoggerBuf.o28FP (.text:_xdc_runtime_LoggerBuf_getFilterLevel__E)
                  00092985    0000003c                              : LoggerBuf.o28FP (.text:_xdc_runtime_LoggerBuf_setFilterLevel__E)
                  000929c1    0000003a     F2837xD_Adc.obj (.text:_CalAdcINL)
                  000929fb    0000003a     sysbios.a28FP : BIOS.obj (.text:_ti_sysbios_family_c28_TaskSupport_start__E)
                  00092a35    00000039     rts2800_fpu32.lib : hostwrite.c.obj (.text)
                  00092a6e    00000038     isr.obj (.text:_adc1_isr)
                  00092aa6    00000038     sysbios.a28FP : BIOS.obj (.text:_ti_sysbios_knl_Clock_start__E)
                  00092ade    00000037     F2837xD_SysCtrl.obj (.text:_InitSysCtrl)
                  00092b15    00000037     sysbios.a28FP : BIOS.obj (.text:_ti_sysbios_knl_Clock_logTick__E)
                  00092b4c    00000035     ti.targets.rts2800.a28FP : System.o28FP (.text:_xdc_runtime_System_formatNum__I)
                  00092b81    00000032     sysbios.a28FP : BIOS.obj (.text:_ti_sysbios_knl_Task_Module_startup__E)
                  00092bb3    00000031                   : BIOS.obj (.text:_ti_sysbios_heaps_HeapMem_alloc__E)
                  00092be4    00000031     app_p28FP.o28FP (.text:_ti_sysbios_knl_Swi_create)
                  00092c15    00000031     app_p28FP.o28FP (.text:_ti_sysbios_knl_Task_create)
                  00092c46    00000030     ti.targets.rts2800.a28FP : Error.o28FP (.text:_xdc_runtime_Error_print__E)
                  00092c76    00000030                              : LoggerBuf.o28FP (.text:_xdc_runtime_LoggerBuf_Instance_init__E)
                  00092ca6    0000002f                              : Core-params.o28FP (.text:_xdc_runtime_Core_assignParams__I)
                  00092cd5    0000002f                              : Startup.o28FP (.text:_xdc_runtime_Startup_exec__E)
                  00092d04    0000002e     sysbios.a28FP : BIOS.obj (.text:_ti_sysbios_family_c28_Hwi_getStackInfo__E)
                  00092d32    0000002e                   : BIOS.obj (.text:_ti_sysbios_knl_Swi_runLoop__I)
                  00092d60    0000002e                   : BIOS.obj (.text:_ti_sysbios_knl_Swi_schedule__I)
                  00092d8e    0000002d                   : BIOS.obj (.text:_ti_sysbios_heaps_HeapMem_getStats__E)
                  00092dbb    0000002d     ti.targets.rts2800.a28FP : Assert.o28FP (.text:_xdc_runtime_Assert_raise__I)
                  00092de8    0000002d                              : Error.o28FP (.text:_xdc_runtime_Error_setX__E)
                  00092e15    0000002d                              : Text.o28FP (.text:_xdc_runtime_Text_visitRope2__I)
                  00092e42    0000002c     sysbios.a28FP : BIOS.obj (.text:_ti_sysbios_family_c28_Timer_start__E)
                  00092e6e    0000002c     app_p28FP.o28FP (.text:_xdc_runtime_LoggerBuf_Object__create__S)
                  00092e9a    0000002b     sysbios.a28FP : BIOS.obj (.text:_ti_sysbios_knl_Swi_Instance_finalize__E)
                  00092ec5    00000029     ti.targets.rts2800.a28FP : Text.o28FP (.text:_xdc_runtime_Text_xprintf__I)
                  00092eee    00000029     rts2800_fpu32.lib : exit.c.obj (.text)
                  00092f17    00000027     sysbios.a28FP : BIOS.obj (.text:_ti_sysbios_heaps_HeapMem_init__I)
                  00092f3e    00000026     ti.targets.rts2800.a28FP : SysMin.o28FP (.text:_xdc_runtime_SysMin_flush__E)
                  00092f64    00000025     F2837xD_Gpio.obj (.text:_GPIO_EnableUnbondedIOPullupsFor100Pin)
                  00092f89    00000025     sysbios.a28FP : c28_TaskSupport_asm.obj (.text:_ti_sysbios_family_c28_TaskSupport_buildTaskStack)
                  00092fae    00000024     rts2800_fpu32.lib : cpy_tbl.c.obj (.text)
                  00092fd2    00000023     app_p28FP.o28FP (.text:_ti_sysbios_knl_Clock_construct)
                  00092ff5    00000023     ti.targets.rts2800.a28FP : System.o28FP (.text:_xdc_runtime_System_processAtExit__E)
                  00093018    00000021     InitCtrl.obj (.text:_InitCtrl)
                  00093039    00000021     sysbios.a28FP : BIOS.obj (.text:_ti_sysbios_knl_Task_allBlockedFunction__I)
                  0009305a    00000020     isr.obj (.text:_sciarx_isr)
                  0009307a    00000020     sysbios.a28FP : BIOS.obj (.text:_ti_sysbios_family_c28_Timer_setPrescale__E)
                  0009309a    00000020     app_p28FP.o28FP (.text:_ti_sysbios_knl_Semaphore_create)
                  000930ba    00000020     ti.targets.rts2800.a28FP : System.o28FP (.text:_xdc_runtime_System_atexit__E)
                  000930da    0000001f     task.obj (.text:_task2Fxn)
                  000930f9    0000001f     ti.targets.rts2800.a28FP : LoggerBuf.o28FP (.text:_xdc_runtime_LoggerBuf_filterOutEvent__I)
                  00093118    0000001e     F2837xD_Gpio.obj (.text:_GPIO_WritePin)
                  00093136    0000001d     sysbios.a28FP : c28_TaskSupport_asm.obj (.text:_ti_sysbios_family_c28_TaskSupport_swap__E)
                  00093153    0000001d     app_p28FP.o28FP (.text:_ti_sysbios_gates_GateHwi_Object__create__S)
                  00093170    0000001d     app_p28FP.o28FP (.text:_ti_sysbios_gates_GateMutex_Object__create__S)
                  0009318d    0000001d     app_p28FP.o28FP (.text:_ti_sysbios_heaps_HeapMem_Object__create__S)
                  000931aa    0000001d     app_p28FP.o28FP (.text:_ti_sysbios_knl_Semaphore_construct)
                  000931c7    0000001d     ti.targets.rts2800.a28FP : SysMin.o28FP (.text:_xdc_runtime_SysMin_putch__E)
                  000931e4    0000001d     rts2800_fpu32.lib : memcpy.c.obj (.text)
                  00093201    0000001c     sysbios.a28FP : BIOS.obj (.text:_ti_sysbios_hal_Hwi_checkStack)
                  0009321d    0000001c                   : BIOS.obj (.text:_ti_sysbios_heaps_HeapMem_free__E)
                  00093239    0000001c     app_p28FP.o28FP (.text:_ti_sysbios_knl_Event_create)
                  00093255    0000001c     app_p28FP.o28FP (.text:_ti_sysbios_knl_Queue_create)
                  00093271    0000001c     app_p28FP.o28FP (.text:_xdc_runtime_SysMin_output__I)
                  0009328d    0000001b     sysbios.a28FP : c28_Hwi_asm.obj (.text:_ti_sysbios_family_c28_Hwi_switchAndDispatch__I)
                  000932a8    0000001b                   : BIOS.obj (.text:_ti_sysbios_hal_Hwi_initStack)
                  000932c3    0000001b                   : BIOS.obj (.text:_ti_sysbios_knl_Task_processVitalTaskFlag__I)
                  000932de    0000001a                   : BIOS.obj (.text:_ti_sysbios_knl_Clock_addI__E)
                  000932f8    0000001a     ti.targets.rts2800.a28FP : Core-label.o28FP (.text:_xdc_runtime_Core_assignLabel__I)
                  00093312    0000001a                              : System.o28FP (.text:_xdc_runtime_System_avprintf__E)
                  0009332c    00000019     F2837xD_Gpio.obj (.text:_GPIO_EnableUnbondedIOPullupsFor176Pin)
                  00093345    00000019     sysbios.a28FP : BIOS.obj (.text:_ti_sysbios_knl_Event_pendTimeout__I)
                  0009335e    00000019     app_p28FP.o28FP (.text:_ti_sysbios_knl_Queue_construct)
                  00093377    00000019     sysbios.a28FP : BIOS.obj (.text:_ti_sysbios_knl_Semaphore_pendTimeout__I)
                  00093390    00000019                   : BIOS.obj (.text:_ti_sysbios_knl_Swi_restore__E)
                  000933a9    00000019     ti.targets.rts2800.a28FP : System.o28FP (.text:_xdc_runtime_System_vprintf__E)
                  000933c2    00000019     rts2800_fpu32.lib : args_main.c.obj (.text)
                  000933db    00000018     sysbios.a28FP : c28_Hwi_asm.obj (.text:_ti_sysbios_family_xxx_Hwi_switchAndRunFunc)
                  000933f3    00000018     ti.targets.rts2800.a28FP : LoggerBuf.o28FP (.text:_xdc_runtime_LoggerBuf_reset__E)
                  0009340b    00000018                              : System.o28FP (.text:_xdc_runtime_System_putchar__I)
                  00093423    00000018     rts2800_fpu32.lib : ll_aox28.asm.obj (.text)
                  0009343b    00000017     sysbios.a28FP : BIOS.obj (.text:_ti_sysbios_family_c28_Timer_startup__E)
                  00093452    00000017     app_p28FP.o28FP (.text:_ti_sysbios_knl_Clock_doTick__I)
                  00093469    00000017     sysbios.a28FP : BIOS.obj (.text:_ti_sysbios_knl_Task_restore__E)
                  00093480    00000017     ti.targets.rts2800.a28FP : LoggerBuf.o28FP (.text:_xdc_runtime_LoggerBuf_Module_startup__E)
                  00093497    00000017                              : Memory.o28FP (.text:_xdc_runtime_Memory_valloc__E)
                  000934ae    00000017                              : SysMin.o28FP (.text:_xdc_runtime_SysMin_abort__E)
                  000934c5    00000016     F2837xD_Gpio.obj (.text:_GPIO_EnableUnbondedIOPullups)
                  000934db    00000016     app_p28FP.o28FP (.text:_ti_sysbios_BIOS_atExitFunc__I)
                  000934f1    00000016     sysbios.a28FP : BIOS.obj (.text:_ti_sysbios_family_c28_Timer_Module_startup__E)
                  00093507    00000016     ti.targets.rts2800.a28FP : Text.o28FP (.text:_xdc_runtime_Text_printVisFxn__I)
                  0009351d    00000015     task.obj (.text:_task1Fxn)
                  00093532    00000015     app_p28FP.o28FP (.text:_ti_sysbios_BIOS_startFunc__I)
                  00093547    00000015     sysbios.a28FP : BIOS.obj (.text:_ti_sysbios_knl_Swi_Module_startup__E)
                  0009355c    00000014                   : BIOS.obj (.text:_ti_sysbios_knl_Idle_run__E)
                  00093570    00000013     app_p28FP.o28FP (.text:_ti_sysbios_gates_GateMutex_Object__delete__S)
                  00093583    00000013     sysbios.a28FP : BIOS.obj (.text:_ti_sysbios_knl_Clock_Module_startup__E)
                  00093596    00000013                   : BIOS.obj (.text:_ti_sysbios_knl_Task_getMode__E)
                  000935a9    00000013     ti.targets.rts2800.a28FP : Error.o28FP (.text:_xdc_runtime_Error_raiseX__E)
                  000935bc    00000012     app_p28FP.o28FP (.text:_ti_sysbios_gates_GateHwi_Object__delete__S)
                  000935ce    00000012     app_p28FP.o28FP (.text:_ti_sysbios_heaps_HeapMem_Object__delete__S)
                  000935e0    00000012     sysbios.a28FP : BIOS.obj (.text:_ti_sysbios_knl_Event_checkEvents__I)
                  000935f2    00000012     app_p28FP.o28FP (.text:_xdc_runtime_LoggerBuf_Object__delete__S)
                  00093604    00000011     sysbios.a28FP : BIOS.obj (.text:_ti_sysbios_knl_Task_restoreHwi__E)
                  00093615    00000011     ti.targets.rts2800.a28FP : Text.o28FP (.text:_xdc_runtime_Text_cordText__E)
                  00093626    00000010     app_p28FP.o28FP (.text:_ti_sysbios_BIOS_errorRaiseHook__I)
                  00093636    00000010     sysbios.a28FP : BIOS.obj (.text:_ti_sysbios_family_c28_Timer_stop__E)
                  00093646    00000010     ti.targets.rts2800.a28FP : SysMin.o28FP (.text:_xdc_runtime_SysMin_Module_startup__E)
                  00093656    0000000f     app_p28FP.o28FP (.text:_ti_sysbios_BIOS_removeRTSLock__I)
                  00093665    0000000f     sysbios.a28FP : BIOS.obj (.text:_ti_sysbios_gates_GateMutex_Instance_init__E)
                  00093674    0000000f     ti.targets.rts2800.a28FP : LoggerBuf.o28FP (.text:_xdc_runtime_LoggerBuf_write2__E)
                  00093683    0000000f                              : Registry.o28FP (.text:_xdc_runtime_Registry_findById__E)
                  00093692    0000000e     F2837xD_SysCtrl.obj (.text:_DisableDog)
                  000936a0    0000000e     task.obj (.text:_taskFxn)
                  000936ae    0000000e     sysbios.a28FP : BIOS.obj (.text:_ti_sysbios_family_c28_f2837x_TimestampProvider_get64__E)
                  000936bc    0000000e     app_p28FP.o28FP (.text:_ti_sysbios_heaps_HeapMem_Object__get__S)
                  000936ca    0000000e     app_p28FP.o28FP (.text:_ti_sysbios_knl_Semaphore_destruct)
                  000936d8    0000000e     app_p28FP.o28FP (.text:_ti_sysbios_knl_Swi_Object__get__S)
                  000936e6    0000000e     app_p28FP.o28FP (.text:_ti_sysbios_knl_Task_Object__get__S)
                  000936f4    0000000e     app_p28FP.o28FP (.text:_xdc_runtime_LoggerBuf_Object__get__S)
                  00093702    0000000d     F2837xD_DefaultISR.obj (.text:_EMPTY_ISR)
                  0009370f    0000000d     app_p28FP.o28FP (.text:_ti_sysbios_BIOS_registerRTSLock__I)
                  0009371c    0000000d     app_p28FP.o28FP (.text:_ti_sysbios_BIOS_rtsLock__I)
                  00093729    0000000d     sysbios.a28FP : BIOS.obj (.text:_ti_sysbios_family_c28_Hwi_dispatchC__I)
                  00093736    0000000d     app_p28FP.o28FP (.text:_ti_sysbios_gates_GateHwi_Handle__label__S)
                  00093743    0000000d     app_p28FP.o28FP (.text:_ti_sysbios_gates_GateMutex_Handle__label__S)
                  00093750    0000000d     app_p28FP.o28FP (.text:_ti_sysbios_heaps_HeapMem_Handle__label__S)
                  0009375d    0000000d     app_p28FP.o28FP (.text:_ti_sysbios_knl_Clock_Params__init__S)
                  0009376a    0000000d     main.obj (.text:_ti_sysbios_knl_Clock_Params_init)
                  00093777    0000000d     app_p28FP.o28FP (.text:_ti_sysbios_knl_Queue_destruct)
                  00093784    0000000d     app_p28FP.o28FP (.text:_ti_sysbios_knl_Task_Params__init__S)
                  00093791    0000000d     main.obj (.text:_ti_sysbios_knl_Task_Params_init)
                  0009379e    0000000d     sysbios.a28FP : BIOS.obj (.text:_ti_sysbios_knl_Task_enter__I)
                  000937ab    0000000d                   : BIOS.obj (.text:_ti_sysbios_knl_Task_sleepTimeout__I)
                  000937b8    0000000d     ti.targets.rts2800.a28FP : Error.o28FP (.text:_xdc_runtime_Error_check__E)
                  000937c5    0000000d     app_p28FP.o28FP (.text:_xdc_runtime_LoggerBuf_Handle__label__S)
                  000937d2    0000000d     ti.targets.rts2800.a28FP : LoggerBuf.o28FP (.text:_xdc_runtime_LoggerBuf_write0__E)
                  000937df    0000000d                              : LoggerBuf.o28FP (.text:_xdc_runtime_LoggerBuf_write1__E)
                  000937ec    0000000d                              : System.o28FP (.text:_xdc_runtime_System_abort__E)
                  000937f9    0000000c     app_p28FP.o28FP (.text:.bootCodeSection:_ti_catalog_c2800_initF2837x_Boot_init)
                  00093805    0000000c     app_p28FP.o28FP (.text:_ti_sysbios_BIOS_exitFunc__I)
                  00093811    0000000c     app_p28FP.o28FP (.text:_ti_sysbios_family_c28_Hwi_disableIER__E)
                  0009381d    0000000c     sysbios.a28FP : BIOS.obj (.text:_ti_sysbios_gates_GateMutex_leave__E)
                  00093829    0000000c                   : BIOS.obj (.text:_ti_sysbios_knl_Queue_put__E)
                  00093835    0000000c                   : BIOS.obj (.text:_ti_sysbios_knl_Task_enabled__E)
                  00093841    0000000c     ti.targets.rts2800.a28FP : SysMin.o28FP (.text:_xdc_runtime_SysMin_exit__E)
                  0009384d    0000000c     rts2800_fpu32.lib : memset.c.obj (.text)
                  00093859    0000000b     app_p28FP.o28FP (.text:_ti_sysbios_family_c28_Hwi_Module__startupDone__F)
                  00093864    0000000b     app_p28FP.o28FP (.text:_ti_sysbios_family_c28_Hwi_Object__get__S)
                  0009386f    0000000b     app_p28FP.o28FP (.text:_ti_sysbios_family_c28_Hwi_enableIER__E)
                  0009387a    0000000b     app_p28FP.o28FP (.text:_ti_sysbios_family_c28_Timer_Module__startupDone__F)
                  00093885    0000000b     app_p28FP.o28FP (.text:_ti_sysbios_knl_Queue_Object__get__S)
                  00093890    0000000b     app_p28FP.o28FP (.text:_ti_sysbios_knl_Task_SupportProxy_start__E)
                  0009389b    0000000b     sysbios.a28FP : BIOS.obj (.text:_ti_sysbios_knl_Task_unblock__E)
                  000938a6    0000000b     ti.targets.rts2800.a28FP : LoggerBuf.o28FP (.text:_xdc_runtime_LoggerBuf_Instance_finalize__E)
                  000938b1    0000000b                              : System.o28FP (.text:_xdc_runtime_System_exit__E)
                  000938bc    0000000a     F2837xD_DefaultISR.obj (.text:_ADCA1_ISR)
                  000938c6    0000000a     F2837xD_DefaultISR.obj (.text:_ADCA2_ISR)
                  000938d0    0000000a     F2837xD_DefaultISR.obj (.text:_ADCA3_ISR)
                  000938da    0000000a     F2837xD_DefaultISR.obj (.text:_ADCA4_ISR)
                  000938e4    0000000a     F2837xD_DefaultISR.obj (.text:_ADCA_EVT_ISR)
                  000938ee    0000000a     F2837xD_DefaultISR.obj (.text:_ADCB1_ISR)
                  000938f8    0000000a     F2837xD_DefaultISR.obj (.text:_ADCB2_ISR)
                  00093902    0000000a     F2837xD_DefaultISR.obj (.text:_ADCB3_ISR)
                  0009390c    0000000a     F2837xD_DefaultISR.obj (.text:_ADCB4_ISR)
                  00093916    0000000a     F2837xD_DefaultISR.obj (.text:_ADCB_EVT_ISR)
                  00093920    0000000a     F2837xD_DefaultISR.obj (.text:_ADCC1_ISR)
                  0009392a    0000000a     F2837xD_DefaultISR.obj (.text:_ADCC2_ISR)
                  00093934    0000000a     F2837xD_DefaultISR.obj (.text:_ADCC3_ISR)
                  0009393e    0000000a     F2837xD_DefaultISR.obj (.text:_ADCC4_ISR)
                  00093948    0000000a     F2837xD_DefaultISR.obj (.text:_ADCC_EVT_ISR)
                  00093952    0000000a     F2837xD_DefaultISR.obj (.text:_ADCD1_ISR)
                  0009395c    0000000a     F2837xD_DefaultISR.obj (.text:_ADCD2_ISR)
                  00093966    0000000a     F2837xD_DefaultISR.obj (.text:_ADCD3_ISR)
                  00093970    0000000a     F2837xD_DefaultISR.obj (.text:_ADCD4_ISR)
                  0009397a    0000000a     F2837xD_DefaultISR.obj (.text:_ADCD_EVT_ISR)
                  00093984    0000000a     F2837xD_DefaultISR.obj (.text:_AUX_PLL_SLIP_ISR)
                  0009398e    0000000a     F2837xD_DefaultISR.obj (.text:_CANA0_ISR)
                  00093998    0000000a     F2837xD_DefaultISR.obj (.text:_CANA1_ISR)
                  000939a2    0000000a     F2837xD_DefaultISR.obj (.text:_CANB0_ISR)
                  000939ac    0000000a     F2837xD_DefaultISR.obj (.text:_CANB1_ISR)
                  000939b6    0000000a     F2837xD_DefaultISR.obj (.text:_CLA1_1_ISR)
                  000939c0    0000000a     F2837xD_DefaultISR.obj (.text:_CLA1_2_ISR)
                  000939ca    0000000a     F2837xD_DefaultISR.obj (.text:_CLA1_3_ISR)
                  000939d4    0000000a     F2837xD_DefaultISR.obj (.text:_CLA1_4_ISR)
                  000939de    0000000a     F2837xD_DefaultISR.obj (.text:_CLA1_5_ISR)
                  000939e8    0000000a     F2837xD_DefaultISR.obj (.text:_CLA1_6_ISR)
                  000939f2    0000000a     F2837xD_DefaultISR.obj (.text:_CLA1_7_ISR)
                  000939fc    0000000a     F2837xD_DefaultISR.obj (.text:_CLA1_8_ISR)
                  00093a06    0000000a     F2837xD_DefaultISR.obj (.text:_CLA_OVERFLOW_ISR)
                  00093a10    0000000a     F2837xD_DefaultISR.obj (.text:_CLA_UNDERFLOW_ISR)
                  00093a1a    0000000a     F2837xD_DefaultISR.obj (.text:_DATALOG_ISR)
                  00093a24    0000000a     F2837xD_DefaultISR.obj (.text:_DMA_CH1_ISR)
                  00093a2e    0000000a     F2837xD_DefaultISR.obj (.text:_DMA_CH2_ISR)
                  00093a38    0000000a     F2837xD_DefaultISR.obj (.text:_DMA_CH3_ISR)
                  00093a42    0000000a     F2837xD_DefaultISR.obj (.text:_DMA_CH4_ISR)
                  00093a4c    0000000a     F2837xD_DefaultISR.obj (.text:_DMA_CH5_ISR)
                  00093a56    0000000a     F2837xD_DefaultISR.obj (.text:_DMA_CH6_ISR)
                  00093a60    0000000a     F2837xD_DefaultISR.obj (.text:_ECAP1_ISR)
                  00093a6a    0000000a     F2837xD_DefaultISR.obj (.text:_ECAP2_ISR)
                  00093a74    0000000a     F2837xD_DefaultISR.obj (.text:_ECAP3_ISR)
                  00093a7e    0000000a     F2837xD_DefaultISR.obj (.text:_ECAP4_ISR)
                  00093a88    0000000a     F2837xD_DefaultISR.obj (.text:_ECAP5_ISR)
                  00093a92    0000000a     F2837xD_DefaultISR.obj (.text:_ECAP6_ISR)
                  00093a9c    0000000a     F2837xD_DefaultISR.obj (.text:_EMIF_ERROR_ISR)
[...]
0     00095f00  _xdc_runtime_Core_Module__diagsEnabled__C                  
0     00095f02  _xdc_runtime_Core_Module__diagsIncluded__C                 
0     00095f04  _xdc_runtime_Core_Module__diagsMask__C                     
0     00095f06  _xdc_runtime_Error_E_memory__C                             
0     00095f08  _xdc_runtime_Error_Module__diagsEnabled__C                 
0     00095f0a  _xdc_runtime_Error_Module__diagsIncluded__C                
0     00095f0c  _xdc_runtime_Error_Module__diagsMask__C                    
0     00095f0e  _xdc_runtime_Error_Module__loggerFxn8__C                   
0     00095f10  _xdc_runtime_Error_Module__loggerObj__C                    
0     00095f12  _xdc_runtime_Error_policyFxn__C                            
0     00095f14  _xdc_runtime_Error_raiseHook__C                            
0     00095f16  _xdc_runtime_IFilterLogger_Interface__BASE__C              
0     00095f18  _xdc_runtime_IGateProvider_Interface__BASE__C              
0     00095f1a  _xdc_runtime_IHeap_Interface__BASE__C                      
0     00095f1c  _xdc_runtime_ILogger_Interface__BASE__C                    
0     00095f1e  _xdc_runtime_IModule_Interface__BASE__C                    
0     00095f20  _xdc_runtime_Log_L_error__C                                
0     00095f22  _xdc_runtime_LoggerBuf_E_badLevel__C                       
0     00095f24  _xdc_runtime_LoggerBuf_Module__gateObj__C                  
0     00095f26  _xdc_runtime_LoggerBuf_statusLogger__C                     
0     00095f28  _xdc_runtime_Memory_defaultHeapInstance__C                 
0     00095f2a  _xdc_runtime_Startup_execImpl__C                           
0     00095f2c  _xdc_runtime_Startup_sfxnRts__C                            
0     00095f2e  _xdc_runtime_Startup_sfxnTab__C                            
0     00095f30  _xdc_runtime_SysMin_bufSize__C                             
0     00095f32  _xdc_runtime_SysMin_outputFunc__C                          
0     00095f34  _xdc_runtime_System_Module__gateObj__C                     
0     00095f36  _xdc_runtime_System_abortFxn__C                            
0     00095f38  _xdc_runtime_System_exitFxn__C                             
0     00095f3a  _xdc_runtime_System_extendFxn__C                           
0     00095f3c  _xdc_runtime_Text_charTab__C                               
0     00095f3e  _xdc_runtime_Text_nameEmpty__C                             
0     00095f40  _xdc_runtime_Text_nameStatic__C                            
0     00095f42  _xdc_runtime_Text_nameUnknown__C                           
0     00095f44  _xdc_runtime_Text_nodeTab__C                               
0     00095f46  _xdc_runtime_Text_visitRopeFxn__C                          
0     00095f48  _ti_sysbios_family_c28_Timer_startupNeeded__C              
0     00095f49  _ti_sysbios_gates_GateMutex_Module__id__C                  
0     00095f4a  _ti_sysbios_hal_Hwi_Module__id__C                          
0     00095f4b  _ti_sysbios_heaps_HeapMem_Module__id__C                    
0     00095f4c  _ti_sysbios_heaps_HeapMem_Object__count__C                 
0     00095f4d  _ti_sysbios_knl_Clock_Module__id__C                        
0     00095f4e  _ti_sysbios_knl_Clock_Module__loggerDefined__C             
0     00095f4f  _ti_sysbios_knl_Event_Module__id__C                        
0     00095f50  _ti_sysbios_knl_Event_Module__loggerDefined__C             
0     00095f51  _ti_sysbios_knl_Semaphore_Module__id__C                    
0     00095f52  _ti_sysbios_knl_Semaphore_Module__loggerDefined__C         
0     00095f53  _ti_sysbios_knl_Swi_Module__id__C                          
0     00095f54  _ti_sysbios_knl_Swi_Module__loggerDefined__C               
0     00095f55  _ti_sysbios_knl_Swi_Object__count__C                       
0     00095f56  _ti_sysbios_knl_Task_Module__id__C                         
0     00095f57  _ti_sysbios_knl_Task_Module__loggerDefined__C              
0     00095f58  _ti_sysbios_knl_Task_Object__count__C                      
0     00095f59  _ti_sysbios_knl_Task_numConstructedTasks__C                
0     00095f5a  _xdc_runtime_Core_Module__id__C                            
0     00095f5b  _xdc_runtime_Error_Module__loggerDefined__C                
0     00095f5c  _xdc_runtime_Error_maxDepth__C                             
0     00095f5d  _xdc_runtime_Error_policy__C                               
0     00095f5e  _xdc_runtime_LoggerBuf_Module__id__C                       
0     00095f5f  _xdc_runtime_LoggerBuf_Object__count__C                    
0     00095f60  _xdc_runtime_LoggerBuf_filterByLevel__C                    
0     00095f61  _xdc_runtime_Memory_Module__id__C                          
0     00095f62  _xdc_runtime_Startup_maxPasses__C                          
0     00095f63  _xdc_runtime_SysMin_flushAtExit__C                         
0     00095f64  _xdc_runtime_System_maxAtexitHandlers__C                   
0     00095f65  _xdc_runtime_Text_charCnt__C                               
0     00095f66  _xdc_runtime_Text_isLoaded__C                              
0     00095f67  _xdc_runtime_Text_registryModsLastId__C                    
0     00095f68  _xdc_runtime_Text_unnamedModsLastId__C                     
0     00095f69  ___cinit__                                                 
0     00095f69  cinit                                                      
0     000963f0  __TI_table_binit                                           
0     000963f0  ___binit__                                                 
0     000963f0  binit                                                      
1     00000122  __stack                                                    
1     00000222  __STACK_END                                                
1     00000b00  _AdcaResultRegs                                            
1     00000b20  _AdcbResultRegs                                            
1     00000b40  _AdccResultRegs                                            
1     00000b60  _AdcdResultRegs                                            
1     00000c00  _CpuTimer0Regs                                             
1     00000c08  _CpuTimer1Regs                                             
1     00000c10  _CpuTimer2Regs                                             
1     00000ce0  _PieCtrlRegs                                               
1     00001000  _DmaRegs                                                   
1     00004000  _EPwm1Regs                                                 
1     00004100  _EPwm2Regs                                                 
1     00004200  _EPwm3Regs                                                 
1     00004300  _EPwm4Regs                                                 
1     00004400  _EPwm5Regs                                                 
1     00004500  _EPwm6Regs                                                 
1     00004600  _EPwm7Regs                                                 
1     00004700  _EPwm8Regs                                                 
1     00004800  _EPwm9Regs                                                 
1     00004900  _EPwm10Regs                                                
1     00004a00  _EPwm11Regs                                                
1     00004b00  _EPwm12Regs                                                
1     00005000  _ECap1Regs                                                 
1     00005020  _ECap2Regs                                                 
1     00005040  _ECap3Regs                                                 
1     00005060  _ECap4Regs                                                 
1     00005080  _ECap5Regs                                                 
1     000050a0  _ECap6Regs                                                 
1     00005100  _EQep1Regs                                                 
1     00005140  _EQep2Regs                                                 
1     00005180  _EQep3Regs                                                 
1     00005c00  _DacaRegs                                                  
1     00005c10  _DacbRegs                                                  
1     00005c20  _DaccRegs                                                  
1     00005c80  _Cmpss1Regs                                                
1     00005ca0  _Cmpss2Regs                                                
1     00005cc0  _Cmpss3Regs                                                
1     00005ce0  _Cmpss4Regs                                                
1     00005d00  _Cmpss5Regs                                                
1     00005d20  _Cmpss6Regs                                                
1     00005d40  _Cmpss7Regs                                                
1     00005d60  _Cmpss8Regs                                                
1     00005e00  _Sdfm1Regs                                                 
1     00005e80  _Sdfm2Regs                                                 
1     00006000  _McbspaRegs                                                
1     00006040  _McbspbRegs                                                
1     00006100  _SpiaRegs                                                  
1     00006110  _SpibRegs                                                  
1     00006120  _SpicRegs                                                  
1     00006200  _UppRegs                                                   
1     00007000  _WdRegs                                                    
1     00007060  _NmiIntruptRegs                                            
1     00007070  _XintRegs                                                  
1     00007200  _SciaRegs                                                  
1     00007210  _ScibRegs                                                  
1     00007220  _ScicRegs                                                  
1     00007230  _ScidRegs                                                  
1     00007300  _I2caRegs                                                  
1     00007340  _I2cbRegs                                                  
1     00007400  _AdcaRegs                                                  
1     00007480  _AdcbRegs                                                  
1     00007500  _AdccRegs                                                  
1     00007580  _AdcdRegs                                                  
1     00007900  _InputXbarRegs                                             
1     00007920  _XbarRegs                                                  
1     00007940  _SyncSocRegs                                               
1     00007980  _DmaClaSrcSelRegs                                          
1     00007a00  _EPwmXbarRegs                                              
1     00007a80  _OutputXbarRegs                                            
1     00007c00  _GpioCtrlRegs                                              
1     00007f00  _GpioDataRegs                                              
1     00008000  _RamfuncsLoadEnd                                           
1     00008000  _RamfuncsLoadStart                                         
1     00008000  _RamfuncsRunEnd                                            
1     00008000  _RamfuncsRunStart                                          
1     00008000  _ti_sysbios_knl_Task_Instance_State_0_stack__A             
1     00008100  _ti_sysbios_heaps_HeapMem_Instance_State_0_buf__A          
1     00008904  _ti_sysbios_knl_Task_Object__table__V                      
1     0000892e  _xdc_runtime_LoggerBuf_Object__table__V                    
1     00008940  _xdc_runtime_LoggerBuf_Instance_State_0_entryArr__A        
1     00008b40  _xdc_runtime_SysMin_Module_State_0_outbuf__A               
1     00008d40  _ti_sysbios_family_c28_Hwi_Module_State_0_dispatchTable__A 
1     00008f00  _myQ                                                       
1     00008f02  _task                                                      
1     00008f04  _task1                                                     
1     00008f06  _task2                                                     
1     00008f08  _swi                                                       
1     00008f0a  _swi1                                                      
1     00008f0c  _sem                                                       
1     00008f0e  _myEvent                                                   
1     00008f10  _clk0Struct                                                
1     00008f40  _Uart                                                      
1     00009054  _ti_sysbios_gates_GateMutex_Object__table__V               
1     00009070  _ti_sysbios_family_c28_Hwi_Object__table__V                
1     00009080  _xdc_runtime_Error_Module__state__V                        
1     00009082  _xdc_runtime_Memory_Module__state__V                       
1     00009084  ___xdc__init__addr                                         
1     00009086  _xdc_runtime_LoggerBuf_Module__state__V                    
1     0000908a  _ti_sysbios_family_c28_Hwi_Module__root__V                 
1     0000908e  _ti_sysbios_family_c28_Timer_Module__root__V               
1     00009092  _ti_sysbios_gates_GateHwi_Module__root__V                  
1     00009096  _ti_sysbios_gates_GateMutex_Module__root__V                
1     0000909a  _ti_sysbios_hal_Hwi_Module__root__V                        
1     0000909e  _ti_sysbios_hal_Timer_Module__root__V                      
1     000090a2  _ti_sysbios_heaps_HeapMem_Module__root__V                  
1     000090a6  _ti_sysbios_knl_Clock_Module__root__V                      
1     000090aa  _ti_sysbios_knl_Event_Module__root__V                      
1     000090ae  _ti_sysbios_knl_Queue_Module__root__V                      
1     000090b2  _ti_sysbios_knl_Semaphore_Module__root__V                  
1     000090b6  _ti_sysbios_knl_Swi_Module__root__V                        
1     000090ba  _ti_sysbios_knl_Task_Module__root__V                       
1     000090c0  _xdc_runtime_LoggerBuf_Module__root__V                     
1     000090c4  _xdc_runtime_Registry_Module__state__V                     
1     000090c8  _xdc_runtime_Startup_Module__state__V                      
1     000090cc  _xdc_runtime_SysMin_Module__state__V                       
1     000090d0  _xdc_runtime_System_Module__state__V                       
1     000090d4  _xdc_runtime_Text_Module__state__V                         
1     000090d8  _ti_sysbios_family_c28_Timer_Module__state__V              
1     000090e0  _ti_sysbios_knl_Swi_Module__state__V                       
1     000090ec  _xdc_runtime_Error_IgnoreBlock                             
1     00009100  _ti_sysbios_family_c28_Hwi_Module__state__V                
1     00009110  _ti_sysbios_BIOS_Module__state__V                          
1     00009122  _ti_sysbios_knl_Clock_Module__state__V                     
1     00009140  _ti_sysbios_knl_Task_Module__state__V                      
1     00009160  _CpuTimer0                                                 
1     00009168  _CpuTimer1                                                 
1     00009170  _CpuTimer2                                                 
1     00009178  _parmbuf                                                   
1     00009180  _ti_sysbios_knl_Swi_Module_State_0_readyQ__A               
1     000091c0  _ti_sysbios_knl_Task_Module_State_0_readyQ__A              
1     00009200  _ti_sysbios_family_c28_Timer_Object__table__V              
1     00009218  _ti_sysbios_knl_Swi_Object__table__V                       
1     0000922c  _ti_sysbios_heaps_HeapMem_Object__table__V                 
1     00009238  _xdc_runtime_System_Module_State_0_atexitHandlers__A       
1     00009240  _t                                                         
1     00009241  _j                                                         
1     00009242  _k                                                         
1     00009243  _s                                                         
1     00009244  _cnt                                                       
1     00009246  _rp                                                        
1     00009248  _r1                                                        
1     0000924e  ___TI_enable_exit_profile_output                           
1     00009250  ___TI_cleanup_ptr                                          
1     00009252  ___TI_dtors_ptr                                            
1     00009254  __lock                                                     
1     00009256  __unlock                                                   
1     00009258  _ti_sysbios_gates_GateHwi_Object__table__V                 
1     0000925a  _ti_sysbios_knl_Task_Module_State_0_idleTask__A            
1     000092c0  __CIOBUF_                                                  
1     0003fc00  _g_asIPCCPU1toCPU2Buffers                                  
1     0003fc80  _g_usPutWriteIndexes                                       
1     0003fc84  _g_usGetReadIndexes                                        
1     00047000  _Emif1Regs                                                 
1     00047800  _Emif2Regs                                                 
1     00050000  _IpcRegs                                                   
1     00050024  _FlashPumpSemaphoreRegs                                    
1     0005d000  _DevCfgRegs                                                
1     0005d180  _AnalogSubsysRegs                                          
1     0005d200  _ClkCfgRegs                                                
1     0005d300  _CpuSysRegs                                                
1     0005e608  _RomPrefetchRegs                                           
1     0005f000  _DcsmZ1Regs                                                
1     0005f040  _DcsmZ2Regs                                                
1     0005f070  _DcsmCommonRegs                                            
1     0005f400  _MemCfgRegs                                                
1     0005f480  _Emif1ConfigRegs                                           
1     0005f4a0  _Emif2ConfigRegs                                           
1     0005f4c0  _AccessProtectionRegs                                      
1     0005f500  _MemoryErrorRegs                                           
1     0005f540  _RomWaitStateRegs                                          
1     0005f800  _Flash0CtrlRegs                                            
1     0005fb00  _Flash0EccRegs                                             
1     00078000  _DcsmZ1Otp                                                 
1     00078200  _DcsmZ2Otp                                                 
abs   00000000  _RamfuncsLoadSize                                          
abs   00000000  _RamfuncsRunSize                                           
abs   00000001  _xdc_rov_runtime_Mon__checksum                             
abs   00000001  _xdc_rov_runtime_Mon__write                                
abs   00000001  _xdc_runtime_Startup__EXECFXN__C                           
abs   00000001  _xdc_runtime_Startup__RESETFXN__C                          
abs   00000100  __STACK_SIZE                                               
abs   ffffffff  ___TI_pprof_out_hndl                                       
abs   ffffffff  ___TI_prof_data_size                                       
abs   ffffffff  ___TI_prof_data_start                                      
abs   ffffffff  ___c_args__                                                
abs   ffffffff  ___pinit__                                                 
abs   ffffffff  pinit                                                      

[892 symbols]
