<?xml version="1.0" encoding="ISO-8859-1" ?>
<link_info>
   <banner>TMS320C2000 Linker PC v18.12.1.LTS</banner>
   <copyright>Copyright (c) 1996-2018 Texas Instruments Incorporated</copyright>
   <link_time>0x5d83799b</link_time>
   <link_errors>0x0</link_errors>
   <output_file>RTOSdemo.out</output_file>
   <entry_point>
      <name>_c_int00</name>
      <address>0x89cfd</address>
   </entry_point>
   <input_file_list>
      <input_file id="fl-2">
         <path>.\souce\</path>
         <kind>object</kind>
         <file>F2837xD_Adc.obj</file>
         <name>F2837xD_Adc.obj</name>
      </input_file>
      <input_file id="fl-3">
         <path>.\souce\</path>
         <kind>object</kind>
         <file>F2837xD_CodeStartBranch.obj</file>
         <name>F2837xD_CodeStartBranch.obj</name>
      </input_file>
      <input_file id="fl-4">
         <path>.\souce\</path>
         <kind>object</kind>
         <file>F2837xD_CpuTimers.obj</file>
         <name>F2837xD_CpuTimers.obj</name>
      </input_file>
      <input_file id="fl-5">
         <path>.\souce\</path>
         <kind>object</kind>
         <file>F2837xD_DefaultISR.obj</file>
         <name>F2837xD_DefaultISR.obj</name>
      </input_file>
      <input_file id="fl-6">
         <path>.\souce\</path>
         <kind>object</kind>
         <file>F2837xD_Emif.obj</file>
         <name>F2837xD_Emif.obj</name>
      </input_file>
      <input_file id="fl-7">
         <path>.\souce\</path>
         <kind>object</kind>
         <file>F2837xD_GlobalVariableDefs.obj</file>
         <name>F2837xD_GlobalVariableDefs.obj</name>
      </input_file>
      <input_file id="fl-8">
         <path>.\souce\</path>
         <kind>object</kind>
         <file>F2837xD_Gpio.obj</file>
         <name>F2837xD_Gpio.obj</name>
      </input_file>
      <input_file id="fl-9">
         <path>.\souce\</path>
         <kind>object</kind>
         <file>F2837xD_Ipc.obj</file>
         <name>F2837xD_Ipc.obj</name>
      </input_file>
      <input_file id="fl-a">
         <path>.\souce\</path>
         <kind>object</kind>
         <file>F2837xD_Ipc_Driver.obj</file>
         <name>F2837xD_Ipc_Driver.obj</name>
      </input_file>
      <input_file id="fl-b">
         <path>.\souce\</path>
         <kind>object</kind>
         <file>F2837xD_Ipc_Driver_Lite.obj</file>
         <name>F2837xD_Ipc_Driver_Lite.obj</name>
      </input_file>
      <input_file id="fl-c">
         <path>.\souce\</path>
         <kind>object</kind>
         <file>F2837xD_Ipc_Driver_Util.obj</file>
         <name>F2837xD_Ipc_Driver_Util.obj</name>
      </input_file>
      <input_file id="fl-d">
         <path>.\souce\</path>
         <kind>object</kind>
         <file>F2837xD_PieCtrl.obj</file>
         <name>F2837xD_PieCtrl.obj</name>
      </input_file>
      <input_file id="fl-e">
         <path>.\souce\</path>
         <kind>object</kind>
         <file>F2837xD_PieVect.obj</file>
         <name>F2837xD_PieVect.obj</name>
      </input_file>
      <input_file id="fl-f">
         <path>.\souce\</path>
         <kind>object</kind>
         <file>F2837xD_SysCtrl.obj</file>
         <name>F2837xD_SysCtrl.obj</name>
      </input_file>
      <input_file id="fl-10">
         <path>.\souce\</path>
         <kind>object</kind>
         <file>F2837xD_usDelay.obj</file>
         <name>F2837xD_usDelay.obj</name>
      </input_file>
      <input_file id="fl-11">
         <path>.\user\</path>
         <kind>object</kind>
         <file>InitCtrl.obj</file>
         <name>InitCtrl.obj</name>
      </input_file>
      <input_file id="fl-12">
         <path>.\user\</path>
         <kind>object</kind>
         <file>Initcpu.obj</file>
         <name>Initcpu.obj</name>
      </input_file>
      <input_file id="fl-13">
         <path>.\user\</path>
         <kind>object</kind>
         <file>isr.obj</file>
         <name>isr.obj</name>
      </input_file>
      <input_file id="fl-14">
         <path>.\user\</path>
         <kind>object</kind>
         <file>main.obj</file>
         <name>main.obj</name>
      </input_file>
      <input_file id="fl-18">
         <path>D:\project\TiRTOS\28379test\Debug\configPkg\package\cfg\</path>
         <kind>object</kind>
         <file>app_p28FP.o28FP</file>
         <name>app_p28FP.o28FP</name>
      </input_file>
      <input_file id="fl-20">
         <kind>object</kind>
         <file>&lt;internal&gt;</file>
         <name>&lt;internal&gt;</name>
      </input_file>
      <input_file id="fl-21">
         <path>D:\project\TiRTOS\28379test\src\sysbios\</path>
         <kind>archive</kind>
         <file>sysbios.a28FP</file>
         <name>BIOS.obj</name>
      </input_file>
      <input_file id="fl-22">
         <path>D:\project\TiRTOS\28379test\src\sysbios\</path>
         <kind>archive</kind>
         <file>sysbios.a28FP</file>
         <name>c28_Hwi_asm.obj</name>
      </input_file>
      <input_file id="fl-23">
         <path>D:\project\TiRTOS\28379test\src\sysbios\</path>
         <kind>archive</kind>
         <file>sysbios.a28FP</file>
         <name>c28_Hwi_disp_asm.obj</name>
      </input_file>
      <input_file id="fl-24">
         <path>D:\project\TiRTOS\28379test\src\sysbios\</path>
         <kind>archive</kind>
         <file>sysbios.a28FP</file>
         <name>c28_IntrinsicsSupport_asm.obj</name>
      </input_file>
      <input_file id="fl-25">
         <path>D:\project\TiRTOS\28379test\src\sysbios\</path>
         <kind>archive</kind>
         <file>sysbios.a28FP</file>
         <name>c28_TaskSupport_asm.obj</name>
      </input_file>
      <input_file id="fl-26">
         <path>C:\ti\bios_6_76_00_08\packages\ti\targets\rts2800\lib\</path>
         <kind>archive</kind>
         <file>ti.targets.rts2800.a28FP</file>
         <name>Assert.o28FP</name>
      </input_file>
      <input_file id="fl-27">
         <path>C:\ti\bios_6_76_00_08\packages\ti\targets\rts2800\lib\</path>
         <kind>archive</kind>
         <file>ti.targets.rts2800.a28FP</file>
         <name>Core-mem.o28FP</name>
      </input_file>
      <input_file id="fl-28">
         <path>C:\ti\bios_6_76_00_08\packages\ti\targets\rts2800\lib\</path>
         <kind>archive</kind>
         <file>ti.targets.rts2800.a28FP</file>
         <name>Core-smem.o28FP</name>
      </input_file>
      <input_file id="fl-29">
         <path>C:\ti\bios_6_76_00_08\packages\ti\targets\rts2800\lib\</path>
         <kind>archive</kind>
         <file>ti.targets.rts2800.a28FP</file>
         <name>Core-label.o28FP</name>
      </input_file>
      <input_file id="fl-2a">
         <path>C:\ti\bios_6_76_00_08\packages\ti\targets\rts2800\lib\</path>
         <kind>archive</kind>
         <file>ti.targets.rts2800.a28FP</file>
         <name>Core-params.o28FP</name>
      </input_file>
      <input_file id="fl-2b">
         <path>C:\ti\bios_6_76_00_08\packages\ti\targets\rts2800\lib\</path>
         <kind>archive</kind>
         <file>ti.targets.rts2800.a28FP</file>
         <name>Error.o28FP</name>
      </input_file>
      <input_file id="fl-2c">
         <path>C:\ti\bios_6_76_00_08\packages\ti\targets\rts2800\lib\</path>
         <kind>archive</kind>
         <file>ti.targets.rts2800.a28FP</file>
         <name>Gate.o28FP</name>
      </input_file>
      <input_file id="fl-2d">
         <path>C:\ti\bios_6_76_00_08\packages\ti\targets\rts2800\lib\</path>
         <kind>archive</kind>
         <file>ti.targets.rts2800.a28FP</file>
         <name>LoggerBuf.o28FP</name>
      </input_file>
      <input_file id="fl-2e">
         <path>C:\ti\bios_6_76_00_08\packages\ti\targets\rts2800\lib\</path>
         <kind>archive</kind>
         <file>ti.targets.rts2800.a28FP</file>
         <name>Memory.o28FP</name>
      </input_file>
      <input_file id="fl-2f">
         <path>C:\ti\bios_6_76_00_08\packages\ti\targets\rts2800\lib\</path>
         <kind>archive</kind>
         <file>ti.targets.rts2800.a28FP</file>
         <name>Startup.o28FP</name>
      </input_file>
      <input_file id="fl-30">
         <path>C:\ti\bios_6_76_00_08\packages\ti\targets\rts2800\lib\</path>
         <kind>archive</kind>
         <file>ti.targets.rts2800.a28FP</file>
         <name>System.o28FP</name>
      </input_file>
      <input_file id="fl-31">
         <path>C:\ti\bios_6_76_00_08\packages\ti\targets\rts2800\lib\</path>
         <kind>archive</kind>
         <file>ti.targets.rts2800.a28FP</file>
         <name>SysMin.o28FP</name>
      </input_file>
      <input_file id="fl-32">
         <path>C:\ti\bios_6_76_00_08\packages\ti\targets\rts2800\lib\</path>
         <kind>archive</kind>
         <file>ti.targets.rts2800.a28FP</file>
         <name>Text.o28FP</name>
      </input_file>
      <input_file id="fl-33">
         <path>C:\ti\bios_6_76_00_08\packages\ti\targets\rts2800\lib\</path>
         <kind>archive</kind>
         <file>ti.targets.rts2800.a28FP</file>
         <name>xdc_noinit.o28FP</name>
      </input_file>
      <input_file id="fl-34">
         <path>C:\ti\bios_6_76_00_08\packages\ti\targets\rts2800\lib\</path>
         <kind>archive</kind>
         <file>ti.targets.rts2800.a28FP</file>
         <name>Log.o28FP</name>
      </input_file>
      <input_file id="fl-35">
         <path>C:\ti\bios_6_76_00_08\packages\ti\targets\rts2800\lib\</path>
         <kind>archive</kind>
         <file>ti.targets.rts2800.a28FP</file>
         <name>Registry.o28FP</name>
      </input_file>
      <input_file id="fl-36">
         <path>C:\ti\bios_6_76_00_08\packages\ti\targets\rts2800\lib\</path>
         <kind>archive</kind>
         <file>boot.a28FP</file>
         <name>boot_cg.o28FP</name>
      </input_file>
      <input_file id="fl-37">
         <path>C:\ti\bios_6_76_00_08\packages\ti\catalog\c2800\initF2837x\lib\</path>
         <kind>archive</kind>
         <file>Boot.a28FP</file>
         <name>Boot.o28FP</name>
      </input_file>
      <input_file id="fl-38">
         <path>C:\ti\bios_6_76_00_08\packages\ti\catalog\c2800\initF2837x\lib\</path>
         <kind>archive</kind>
         <file>Boot.a28FP</file>
         <name>Boot_asm.o28FP</name>
      </input_file>
      <input_file id="fl-44">
         <path>D:\software\ti-cgt-c2000_18.12.1.LTS\lib\</path>
         <kind>archive</kind>
         <file>rts2800_fpu32.lib</file>
         <name>ll_aox28.asm.obj</name>
      </input_file>
      <input_file id="fl-45">
         <path>D:\software\ti-cgt-c2000_18.12.1.LTS\lib\</path>
         <kind>archive</kind>
         <file>rts2800_fpu32.lib</file>
         <name>ll_div28.asm.obj</name>
      </input_file>
      <input_file id="fl-46">
         <path>D:\software\ti-cgt-c2000_18.12.1.LTS\lib\</path>
         <kind>archive</kind>
         <file>rts2800_fpu32.lib</file>
         <name>cpy_tbl.c.obj</name>
      </input_file>
      <input_file id="fl-47">
         <path>D:\software\ti-cgt-c2000_18.12.1.LTS\lib\</path>
         <kind>archive</kind>
         <file>rts2800_fpu32.lib</file>
         <name>memcpy.c.obj</name>
      </input_file>
      <input_file id="fl-48">
         <path>D:\software\ti-cgt-c2000_18.12.1.LTS\lib\</path>
         <kind>archive</kind>
         <file>rts2800_fpu32.lib</file>
         <name>pre_init.c.obj</name>
      </input_file>
      <input_file id="fl-49">
         <path>D:\software\ti-cgt-c2000_18.12.1.LTS\lib\</path>
         <kind>archive</kind>
         <file>rts2800_fpu32.lib</file>
         <name>startup.c.obj</name>
      </input_file>
      <input_file id="fl-4a">
         <path>D:\software\ti-cgt-c2000_18.12.1.LTS\lib\</path>
         <kind>archive</kind>
         <file>rts2800_fpu32.lib</file>
         <name>exit.c.obj</name>
      </input_file>
      <input_file id="fl-4b">
         <path>D:\software\ti-cgt-c2000_18.12.1.LTS\lib\</path>
         <kind>archive</kind>
         <file>rts2800_fpu32.lib</file>
         <name>_lock.c.obj</name>
      </input_file>
      <input_file id="fl-4c">
         <path>D:\software\ti-cgt-c2000_18.12.1.LTS\lib\</path>
         <kind>archive</kind>
         <file>rts2800_fpu32.lib</file>
         <name>args_main.c.obj</name>
      </input_file>
      <input_file id="fl-4d">
         <path>D:\software\ti-cgt-c2000_18.12.1.LTS\lib\</path>
         <kind>archive</kind>
         <file>rts2800_fpu32.lib</file>
         <name>memset.c.obj</name>
      </input_file>
      <input_file id="fl-4e">
         <path>D:\software\ti-cgt-c2000_18.12.1.LTS\lib\</path>
         <kind>archive</kind>
         <file>rts2800_fpu32.lib</file>
         <name>strcmp.c.obj</name>
      </input_file>
      <input_file id="fl-4f">
         <path>D:\software\ti-cgt-c2000_18.12.1.LTS\lib\</path>
         <kind>archive</kind>
         <file>rts2800_fpu32.lib</file>
         <name>strlen.c.obj</name>
      </input_file>
      <input_file id="fl-50">
         <path>D:\software\ti-cgt-c2000_18.12.1.LTS\lib\</path>
         <kind>archive</kind>
         <file>rts2800_fpu32.lib</file>
         <name>hostwrite.c.obj</name>
      </input_file>
      <input_file id="fl-51">
         <path>D:\software\ti-cgt-c2000_18.12.1.LTS\lib\</path>
         <kind>archive</kind>
         <file>rts2800_fpu32.lib</file>
         <name>trgmsg.c.obj</name>
      </input_file>
      <input_file id="fl-52">
         <path>D:\software\ti-cgt-c2000_18.12.1.LTS\lib\</path>
         <kind>archive</kind>
         <file>rts2800_fpu32.lib</file>
         <name>hostopen.c.obj</name>
      </input_file>
   </input_file_list>
   <object_component_list>
      <object_component id="oc-190">
         <name>PieVectTableFile</name>
         <uninitialized>true</uninitialized>
         <run_address>0xd00</run_address>
         <size>0x1c0</size>
         <input_file_ref idref="fl-7"/>
      </object_component>
      <object_component id="oc-132">
         <name>EmuKeyVar</name>
         <uninitialized>true</uninitialized>
         <run_address>0xd00</run_address>
         <size>0x1</size>
         <input_file_ref idref="fl-7"/>
      </object_component>
      <object_component id="oc-133">
         <name>EmuBModeVar</name>
         <uninitialized>true</uninitialized>
         <run_address>0xd01</run_address>
         <size>0x1</size>
         <input_file_ref idref="fl-7"/>
      </object_component>
      <object_component id="oc-148">
         <name>AdcaResultFile</name>
         <uninitialized>true</uninitialized>
         <run_address>0xb00</run_address>
         <size>0x18</size>
         <input_file_ref idref="fl-7"/>
      </object_component>
      <object_component id="oc-149">
         <name>AdcbResultFile</name>
         <uninitialized>true</uninitialized>
         <run_address>0xb20</run_address>
         <size>0x18</size>
         <input_file_ref idref="fl-7"/>
      </object_component>
      <object_component id="oc-14a">
         <name>AdccResultFile</name>
         <uninitialized>true</uninitialized>
         <run_address>0xb40</run_address>
         <size>0x18</size>
         <input_file_ref idref="fl-7"/>
      </object_component>
      <object_component id="oc-14b">
         <name>AdcdResultFile</name>
         <uninitialized>true</uninitialized>
         <run_address>0xb60</run_address>
         <size>0x18</size>
         <input_file_ref idref="fl-7"/>
      </object_component>
      <object_component id="oc-178">
         <name>AdcaRegsFile</name>
         <uninitialized>true</uninitialized>
         <run_address>0x7400</run_address>
         <size>0x80</size>
         <input_file_ref idref="fl-7"/>
      </object_component>
      <object_component id="oc-179">
         <name>AdcbRegsFile</name>
         <uninitialized>true</uninitialized>
         <run_address>0x7480</run_address>
         <size>0x80</size>
         <input_file_ref idref="fl-7"/>
      </object_component>
      <object_component id="oc-17a">
         <name>AdccRegsFile</name>
         <uninitialized>true</uninitialized>
         <run_address>0x7500</run_address>
         <size>0x80</size>
         <input_file_ref idref="fl-7"/>
      </object_component>
      <object_component id="oc-17b">
         <name>AdcdRegsFile</name>
         <uninitialized>true</uninitialized>
         <run_address>0x7580</run_address>
         <size>0x80</size>
         <input_file_ref idref="fl-7"/>
      </object_component>
      <object_component id="oc-174">
         <name>AnalogSubsysRegsFile</name>
         <uninitialized>true</uninitialized>
         <run_address>0x5d180</run_address>
         <size>0x48</size>
         <input_file_ref idref="fl-7"/>
      </object_component>
      <object_component id="oc-14e">
         <name>Cmpss1RegsFile</name>
         <uninitialized>true</uninitialized>
         <run_address>0x5c80</run_address>
         <size>0x20</size>
         <input_file_ref idref="fl-7"/>
      </object_component>
      <object_component id="oc-14f">
         <name>Cmpss2RegsFile</name>
         <uninitialized>true</uninitialized>
         <run_address>0x5ca0</run_address>
         <size>0x20</size>
         <input_file_ref idref="fl-7"/>
      </object_component>
      <object_component id="oc-150">
         <name>Cmpss3RegsFile</name>
         <uninitialized>true</uninitialized>
         <run_address>0x5cc0</run_address>
         <size>0x20</size>
         <input_file_ref idref="fl-7"/>
      </object_component>
      <object_component id="oc-151">
         <name>Cmpss4RegsFile</name>
         <uninitialized>true</uninitialized>
         <run_address>0x5ce0</run_address>
         <size>0x20</size>
         <input_file_ref idref="fl-7"/>
      </object_component>
      <object_component id="oc-152">
         <name>Cmpss5RegsFile</name>
         <uninitialized>true</uninitialized>
         <run_address>0x5d00</run_address>
         <size>0x20</size>
         <input_file_ref idref="fl-7"/>
      </object_component>
      <object_component id="oc-153">
         <name>Cmpss6RegsFile</name>
         <uninitialized>true</uninitialized>
         <run_address>0x5d20</run_address>
         <size>0x20</size>
         <input_file_ref idref="fl-7"/>
      </object_component>
      <object_component id="oc-154">
         <name>Cmpss7RegsFile</name>
         <uninitialized>true</uninitialized>
         <run_address>0x5d40</run_address>
         <size>0x20</size>
         <input_file_ref idref="fl-7"/>
      </object_component>
      <object_component id="oc-155">
         <name>Cmpss8RegsFile</name>
         <uninitialized>true</uninitialized>
         <run_address>0x5d60</run_address>
         <size>0x20</size>
         <input_file_ref idref="fl-7"/>
      </object_component>
      <object_component id="oc-13c">
         <name>CpuTimer0RegsFile</name>
         <uninitialized>true</uninitialized>
         <run_address>0xc00</run_address>
         <size>0x8</size>
         <input_file_ref idref="fl-7"/>
      </object_component>
      <object_component id="oc-13d">
         <name>CpuTimer1RegsFile</name>
         <uninitialized>true</uninitialized>
         <run_address>0xc08</run_address>
         <size>0x8</size>
         <input_file_ref idref="fl-7"/>
      </object_component>
      <object_component id="oc-13e">
         <name>CpuTimer2RegsFile</name>
         <uninitialized>true</uninitialized>
         <run_address>0xc10</run_address>
         <size>0x8</size>
         <input_file_ref idref="fl-7"/>
      </object_component>
      <object_component id="oc-139">
         <name>DacaRegsFile</name>
         <uninitialized>true</uninitialized>
         <run_address>0x5c00</run_address>
         <size>0x8</size>
         <input_file_ref idref="fl-7"/>
      </object_component>
      <object_component id="oc-13a">
         <name>DacbRegsFile</name>
         <uninitialized>true</uninitialized>
         <run_address>0x5c10</run_address>
         <size>0x8</size>
         <input_file_ref idref="fl-7"/>
      </object_component>
      <object_component id="oc-13b">
         <name>DaccRegsFile</name>
         <uninitialized>true</uninitialized>
         <run_address>0x5c20</run_address>
         <size>0x8</size>
         <input_file_ref idref="fl-7"/>
      </object_component>
      <object_component id="oc-167">
         <name>DcsmZ1RegsFile</name>
         <uninitialized>true</uninitialized>
         <run_address>0x5f000</run_address>
         <size>0x24</size>
         <input_file_ref idref="fl-7"/>
      </object_component>
      <object_component id="oc-168">
         <name>DcsmZ2RegsFile</name>
         <uninitialized>true</uninitialized>
         <run_address>0x5f040</run_address>
         <size>0x24</size>
         <input_file_ref idref="fl-7"/>
      </object_component>
      <object_component id="oc-13f">
         <name>DcsmCommonRegsFile</name>
         <uninitialized>true</uninitialized>
         <run_address>0x5f070</run_address>
         <size>0x8</size>
         <input_file_ref idref="fl-7"/>
      </object_component>
      <object_component id="oc-156">
         <name>DcsmZ1OtpFile</name>
         <uninitialized>true</uninitialized>
         <run_address>0x78000</run_address>
         <size>0x20</size>
         <input_file_ref idref="fl-7"/>
      </object_component>
      <object_component id="oc-157">
         <name>DcsmZ2OtpFile</name>
         <uninitialized>true</uninitialized>
         <run_address>0x78200</run_address>
         <size>0x20</size>
         <input_file_ref idref="fl-7"/>
      </object_component>
      <object_component id="oc-180">
         <name>DmaRegsFile</name>
         <uninitialized>true</uninitialized>
         <run_address>0x1000</run_address>
         <size>0xe0</size>
         <input_file_ref idref="fl-7"/>
      </object_component>
      <object_component id="oc-14c">
         <name>DmaClaSrcSelRegsFile</name>
         <uninitialized>true</uninitialized>
         <run_address>0x7980</run_address>
         <size>0x1a</size>
         <input_file_ref idref="fl-7"/>
      </object_component>
      <object_component id="oc-158">
         <name>ECap1RegsFile</name>
         <uninitialized>true</uninitialized>
         <run_address>0x5000</run_address>
         <size>0x20</size>
         <input_file_ref idref="fl-7"/>
      </object_component>
      <object_component id="oc-159">
         <name>ECap2RegsFile</name>
         <uninitialized>true</uninitialized>
         <run_address>0x5020</run_address>
         <size>0x20</size>
         <input_file_ref idref="fl-7"/>
      </object_component>
      <object_component id="oc-15a">
         <name>ECap3RegsFile</name>
         <uninitialized>true</uninitialized>
         <run_address>0x5040</run_address>
         <size>0x20</size>
         <input_file_ref idref="fl-7"/>
      </object_component>
      <object_component id="oc-15b">
         <name>ECap4RegsFile</name>
         <uninitialized>true</uninitialized>
         <run_address>0x5060</run_address>
         <size>0x20</size>
         <input_file_ref idref="fl-7"/>
      </object_component>
      <object_component id="oc-15c">
         <name>ECap5RegsFile</name>
         <uninitialized>true</uninitialized>
         <run_address>0x5080</run_address>
         <size>0x20</size>
         <input_file_ref idref="fl-7"/>
      </object_component>
      <object_component id="oc-15d">
         <name>ECap6RegsFile</name>
         <uninitialized>true</uninitialized>
         <run_address>0x50a0</run_address>
         <size>0x20</size>
         <input_file_ref idref="fl-7"/>
      </object_component>
      <object_component id="oc-176">
         <name>Emif1RegsFile</name>
         <uninitialized>true</uninitialized>
         <run_address>0x47000</run_address>
         <size>0x70</size>
         <input_file_ref idref="fl-7"/>
      </object_component>
      <object_component id="oc-177">
         <name>Emif2RegsFile</name>
         <uninitialized>true</uninitialized>
         <run_address>0x47800</run_address>
         <size>0x70</size>
         <input_file_ref idref="fl-7"/>
      </object_component>
      <object_component id="oc-181">
         <name>EPwm1RegsFile</name>
         <uninitialized>true</uninitialized>
         <run_address>0x4000</run_address>
         <size>0x100</size>
         <input_file_ref idref="fl-7"/>
      </object_component>
      <object_component id="oc-182">
         <name>EPwm2RegsFile</name>
         <uninitialized>true</uninitialized>
         <run_address>0x4100</run_address>
         <size>0x100</size>
         <input_file_ref idref="fl-7"/>
      </object_component>
      <object_component id="oc-183">
         <name>EPwm3RegsFile</name>
         <uninitialized>true</uninitialized>
         <run_address>0x4200</run_address>
         <size>0x100</size>
         <input_file_ref idref="fl-7"/>
      </object_component>
      <object_component id="oc-184">
         <name>EPwm4RegsFile</name>
         <uninitialized>true</uninitialized>
         <run_address>0x4300</run_address>
         <size>0x100</size>
         <input_file_ref idref="fl-7"/>
      </object_component>
      <object_component id="oc-185">
         <name>EPwm5RegsFile</name>
         <uninitialized>true</uninitialized>
         <run_address>0x4400</run_address>
         <size>0x100</size>
         <input_file_ref idref="fl-7"/>
      </object_component>
      <object_component id="oc-186">
         <name>EPwm6RegsFile</name>
         <uninitialized>true</uninitialized>
         <run_address>0x4500</run_address>
         <size>0x100</size>
         <input_file_ref idref="fl-7"/>
      </object_component>
      <object_component id="oc-187">
         <name>EPwm7RegsFile</name>
         <uninitialized>true</uninitialized>
         <run_address>0x4600</run_address>
         <size>0x100</size>
         <input_file_ref idref="fl-7"/>
      </object_component>
      <object_component id="oc-188">
         <name>EPwm8RegsFile</name>
         <uninitialized>true</uninitialized>
         <run_address>0x4700</run_address>
         <size>0x100</size>
         <input_file_ref idref="fl-7"/>
      </object_component>
      <object_component id="oc-189">
         <name>EPwm9RegsFile</name>
         <uninitialized>true</uninitialized>
         <run_address>0x4800</run_address>
         <size>0x100</size>
         <input_file_ref idref="fl-7"/>
      </object_component>
      <object_component id="oc-18a">
         <name>EPwm10RegsFile</name>
         <uninitialized>true</uninitialized>
         <run_address>0x4900</run_address>
         <size>0x100</size>
         <input_file_ref idref="fl-7"/>
      </object_component>
      <object_component id="oc-18b">
         <name>EPwm11RegsFile</name>
         <uninitialized>true</uninitialized>
         <run_address>0x4a00</run_address>
         <size>0x100</size>
         <input_file_ref idref="fl-7"/>
      </object_component>
      <object_component id="oc-18c">
         <name>EPwm12RegsFile</name>
         <uninitialized>true</uninitialized>
         <run_address>0x4b00</run_address>
         <size>0x100</size>
         <input_file_ref idref="fl-7"/>
      </object_component>
      <object_component id="oc-170">
         <name>EPwmXbarRegsFile</name>
         <uninitialized>true</uninitialized>
         <run_address>0x7a00</run_address>
         <size>0x40</size>
         <input_file_ref idref="fl-7"/>
      </object_component>
      <object_component id="oc-162">
         <name>EQep1RegsFile</name>
         <uninitialized>true</uninitialized>
         <run_address>0x5100</run_address>
         <size>0x22</size>
         <input_file_ref idref="fl-7"/>
      </object_component>
      <object_component id="oc-163">
         <name>EQep2RegsFile</name>
         <uninitialized>true</uninitialized>
         <run_address>0x5140</run_address>
         <size>0x22</size>
         <input_file_ref idref="fl-7"/>
      </object_component>
      <object_component id="oc-164">
         <name>EQep3RegsFile</name>
         <uninitialized>true</uninitialized>
         <run_address>0x5180</run_address>
         <size>0x22</size>
         <input_file_ref idref="fl-7"/>
      </object_component>
      <object_component id="oc-18f">
         <name>Flash0CtrlRegsFile</name>
         <uninitialized>true</uninitialized>
         <run_address>0x5f800</run_address>
         <size>0x182</size>
         <input_file_ref idref="fl-7"/>
      </object_component>
      <object_component id="oc-16c">
         <name>Flash0EccRegsFile</name>
         <uninitialized>true</uninitialized>
         <run_address>0x5fb00</run_address>
         <size>0x28</size>
         <input_file_ref idref="fl-7"/>
      </object_component>
      <object_component id="oc-18e">
         <name>GpioCtrlRegsFile</name>
         <uninitialized>true</uninitialized>
         <run_address>0x7c00</run_address>
         <size>0x180</size>
         <input_file_ref idref="fl-7"/>
      </object_component>
      <object_component id="oc-16e">
         <name>GpioDataRegsFile</name>
         <uninitialized>true</uninitialized>
         <run_address>0x7f00</run_address>
         <size>0x30</size>
         <input_file_ref idref="fl-7"/>
      </object_component>
      <object_component id="oc-171">
         <name>OutputXbarRegsFile</name>
         <uninitialized>true</uninitialized>
         <run_address>0x7a80</run_address>
         <size>0x40</size>
         <input_file_ref idref="fl-7"/>
      </object_component>
      <object_component id="oc-165">
         <name>I2caRegsFile</name>
         <uninitialized>true</uninitialized>
         <run_address>0x7300</run_address>
         <size>0x22</size>
         <input_file_ref idref="fl-7"/>
      </object_component>
      <object_component id="oc-166">
         <name>I2cbRegsFile</name>
         <uninitialized>true</uninitialized>
         <run_address>0x7340</run_address>
         <size>0x22</size>
         <input_file_ref idref="fl-7"/>
      </object_component>
      <object_component id="oc-15e">
         <name>InputXbarRegsFile</name>
         <uninitialized>true</uninitialized>
         <run_address>0x7900</run_address>
         <size>0x20</size>
         <input_file_ref idref="fl-7"/>
      </object_component>
      <object_component id="oc-15f">
         <name>XbarRegsFile</name>
         <uninitialized>true</uninitialized>
         <run_address>0x7920</run_address>
         <size>0x20</size>
         <input_file_ref idref="fl-7"/>
      </object_component>
      <object_component id="oc-169">
         <name>IpcRegsFile</name>
         <uninitialized>true</uninitialized>
         <run_address>0x50000</run_address>
         <size>0x24</size>
         <input_file_ref idref="fl-7"/>
      </object_component>
      <object_component id="oc-134">
         <name>FlashPumpSemaphoreRegsFile</name>
         <uninitialized>true</uninitialized>
         <run_address>0x50024</run_address>
         <size>0x2</size>
         <input_file_ref idref="fl-7"/>
      </object_component>
      <object_component id="oc-135">
         <name>RomPrefetchRegsFile</name>
         <uninitialized>true</uninitialized>
         <run_address>0x5e608</run_address>
         <size>0x2</size>
         <input_file_ref idref="fl-7"/>
      </object_component>
      <object_component id="oc-17c">
         <name>MemCfgRegsFile</name>
         <uninitialized>true</uninitialized>
         <run_address>0x5f400</run_address>
         <size>0x80</size>
         <input_file_ref idref="fl-7"/>
      </object_component>
      <object_component id="oc-160">
         <name>Emif1ConfigRegsFile</name>
         <uninitialized>true</uninitialized>
         <run_address>0x5f480</run_address>
         <size>0x20</size>
         <input_file_ref idref="fl-7"/>
      </object_component>
      <object_component id="oc-161">
         <name>Emif2ConfigRegsFile</name>
         <uninitialized>true</uninitialized>
         <run_address>0x5f4a0</run_address>
         <size>0x20</size>
         <input_file_ref idref="fl-7"/>
      </object_component>
      <object_component id="oc-172">
         <name>AccessProtectionRegsFile</name>
         <uninitialized>true</uninitialized>
         <run_address>0x5f4c0</run_address>
         <size>0x40</size>
         <input_file_ref idref="fl-7"/>
      </object_component>
      <object_component id="oc-173">
         <name>MemoryErrorRegsFile</name>
         <uninitialized>true</uninitialized>
         <run_address>0x5f500</run_address>
         <size>0x40</size>
         <input_file_ref idref="fl-7"/>
      </object_component>
      <object_component id="oc-136">
         <name>RomWaitStateRegsFile</name>
         <uninitialized>true</uninitialized>
         <run_address>0x5f540</run_address>
         <size>0x2</size>
         <input_file_ref idref="fl-7"/>
      </object_component>
      <object_component id="oc-16a">
         <name>McbspaRegsFile</name>
         <uninitialized>true</uninitialized>
         <run_address>0x6000</run_address>
         <size>0x24</size>
         <input_file_ref idref="fl-7"/>
      </object_component>
      <object_component id="oc-16b">
         <name>McbspbRegsFile</name>
         <uninitialized>true</uninitialized>
         <run_address>0x6040</run_address>
         <size>0x24</size>
         <input_file_ref idref="fl-7"/>
      </object_component>
      <object_component id="oc-175">
         <name>UppRegsFile</name>
         <uninitialized>true</uninitialized>
         <run_address>0x6200</run_address>
         <size>0x48</size>
         <input_file_ref idref="fl-7"/>
      </object_component>
      <object_component id="oc-138">
         <name>NmiIntruptRegsFile</name>
         <uninitialized>true</uninitialized>
         <run_address>0x7060</run_address>
         <size>0x7</size>
         <input_file_ref idref="fl-7"/>
      </object_component>
      <object_component id="oc-14d">
         <name>PieCtrlRegsFile</name>
         <uninitialized>true</uninitialized>
         <run_address>0xce0</run_address>
         <size>0x1a</size>
         <input_file_ref idref="fl-7"/>
      </object_component>
      <object_component id="oc-141">
         <name>SciaRegsFile</name>
         <uninitialized>true</uninitialized>
         <run_address>0x7200</run_address>
         <size>0x10</size>
         <input_file_ref idref="fl-7"/>
      </object_component>
      <object_component id="oc-142">
         <name>ScibRegsFile</name>
         <uninitialized>true</uninitialized>
         <run_address>0x7210</run_address>
         <size>0x10</size>
         <input_file_ref idref="fl-7"/>
      </object_component>
      <object_component id="oc-143">
         <name>ScicRegsFile</name>
         <uninitialized>true</uninitialized>
         <run_address>0x7220</run_address>
         <size>0x10</size>
         <input_file_ref idref="fl-7"/>
      </object_component>
      <object_component id="oc-144">
         <name>ScidRegsFile</name>
         <uninitialized>true</uninitialized>
         <run_address>0x7230</run_address>
         <size>0x10</size>
         <input_file_ref idref="fl-7"/>
      </object_component>
      <object_component id="oc-17d">
         <name>Sdfm1RegsFile</name>
         <uninitialized>true</uninitialized>
         <run_address>0x5e00</run_address>
         <size>0x80</size>
         <input_file_ref idref="fl-7"/>
      </object_component>
      <object_component id="oc-17e">
         <name>Sdfm2RegsFile</name>
         <uninitialized>true</uninitialized>
         <run_address>0x5e80</run_address>
         <size>0x80</size>
         <input_file_ref idref="fl-7"/>
      </object_component>
      <object_component id="oc-145">
         <name>SpiaRegsFile</name>
         <uninitialized>true</uninitialized>
         <run_address>0x6100</run_address>
         <size>0x10</size>
         <input_file_ref idref="fl-7"/>
      </object_component>
      <object_component id="oc-146">
         <name>SpibRegsFile</name>
         <uninitialized>true</uninitialized>
         <run_address>0x6110</run_address>
         <size>0x10</size>
         <input_file_ref idref="fl-7"/>
      </object_component>
      <object_component id="oc-147">
         <name>SpicRegsFile</name>
         <uninitialized>true</uninitialized>
         <run_address>0x6120</run_address>
         <size>0x10</size>
         <input_file_ref idref="fl-7"/>
      </object_component>
      <object_component id="oc-18d">
         <name>DevCfgRegsFile</name>
         <uninitialized>true</uninitialized>
         <run_address>0x5d000</run_address>
         <size>0x12e</size>
         <input_file_ref idref="fl-7"/>
      </object_component>
      <object_component id="oc-16f">
         <name>ClkCfgRegsFile</name>
         <uninitialized>true</uninitialized>
         <run_address>0x5d200</run_address>
         <size>0x32</size>
         <input_file_ref idref="fl-7"/>
      </object_component>
      <object_component id="oc-17f">
         <name>CpuSysRegsFile</name>
         <uninitialized>true</uninitialized>
         <run_address>0x5d300</run_address>
         <size>0x82</size>
         <input_file_ref idref="fl-7"/>
      </object_component>
      <object_component id="oc-137">
         <name>SyncSocRegsFile</name>
         <uninitialized>true</uninitialized>
         <run_address>0x7940</run_address>
         <size>0x6</size>
         <input_file_ref idref="fl-7"/>
      </object_component>
      <object_component id="oc-16d">
         <name>WdRegsFile</name>
         <uninitialized>true</uninitialized>
         <run_address>0x7000</run_address>
         <size>0x2b</size>
         <input_file_ref idref="fl-7"/>
      </object_component>
      <object_component id="oc-140">
         <name>XintRegsFile</name>
         <uninitialized>true</uninitialized>
         <run_address>0x7070</run_address>
         <size>0xb</size>
         <input_file_ref idref="fl-7"/>
      </object_component>
      <object_component id="oc-2c5">
         <name>.cinit:_ti_sysbios_family_c28_Hwi_Module_State_0_dispatchTable__A</name>
         <load_address>0x82000</load_address>
         <run_address>0x82000</run_address>
         <size>0x1c3</size>
         <input_file_ref idref="fl-18"/>
      </object_component>
      <object_component id="oc-1df">
         <name>.cinit</name>
         <load_address>0x821c3</load_address>
         <run_address>0x821c3</run_address>
         <size>0x120</size>
         <input_file_ref idref="fl-18"/>
      </object_component>
      <object_component id="oc-2c3">
         <name>.cinit:_ti_sysbios_knl_Swi_Module_State_0_readyQ__A</name>
         <load_address>0x822e3</load_address>
         <run_address>0x822e3</run_address>
         <size>0x43</size>
         <input_file_ref idref="fl-18"/>
      </object_component>
      <object_component id="oc-2cc">
         <name>.cinit:_ti_sysbios_knl_Task_Module_State_0_readyQ__A</name>
         <load_address>0x82326</load_address>
         <run_address>0x82326</run_address>
         <size>0x43</size>
         <input_file_ref idref="fl-18"/>
      </object_component>
      <object_component id="oc-1e4">
         <name>.cinit:_ti_sysbios_knl_Task_Object__table__V</name>
         <load_address>0x82369</load_address>
         <run_address>0x82369</run_address>
         <size>0x2d</size>
         <input_file_ref idref="fl-18"/>
      </object_component>
      <object_component id="oc-2c7">
         <name>.cinit:_ti_sysbios_gates_GateMutex_Object__table__V</name>
         <load_address>0x82396</load_address>
         <run_address>0x82396</run_address>
         <size>0x1f</size>
         <input_file_ref idref="fl-18"/>
      </object_component>
      <object_component id="oc-2c0">
         <name>.cinit:_ti_sysbios_family_c28_Timer_Object__table__V</name>
         <load_address>0x823b5</load_address>
         <run_address>0x823b5</run_address>
         <size>0x1b</size>
         <input_file_ref idref="fl-18"/>
      </object_component>
      <object_component id="oc-2c2">
         <name>.cinit:_ti_sysbios_knl_Swi_Object__table__V</name>
         <load_address>0x823d0</load_address>
         <run_address>0x823d0</run_address>
         <size>0x17</size>
         <input_file_ref idref="fl-18"/>
      </object_component>
      <object_component id="oc-368">
         <name>.cinit:_xdc_runtime_LoggerBuf_Object__table__V</name>
         <load_address>0x823e7</load_address>
         <run_address>0x823e7</run_address>
         <size>0x15</size>
         <input_file_ref idref="fl-18"/>
      </object_component>
      <object_component id="oc-2e1">
         <name>.cinit:_ti_sysbios_family_c28_Hwi_Object__table__V</name>
         <load_address>0x823fc</load_address>
         <run_address>0x823fc</run_address>
         <size>0x13</size>
         <input_file_ref idref="fl-18"/>
      </object_component>
      <object_component id="oc-1e3">
         <name>.cinit:_ti_sysbios_heaps_HeapMem_Object__table__V</name>
         <load_address>0x8240f</load_address>
         <run_address>0x8240f</run_address>
         <size>0xf</size>
         <input_file_ref idref="fl-18"/>
      </object_component>
      <object_component id="oc-283">
         <name>.cinit</name>
         <load_address>0x8241e</load_address>
         <run_address>0x8241e</run_address>
         <size>0xe</size>
         <input_file_ref idref="fl-4a"/>
      </object_component>
      <object_component id="oc-2bc">
         <name>.cinit:_xdc_runtime_System_Module_State_0_atexitHandlers__A</name>
         <load_address>0x8242c</load_address>
         <run_address>0x8242c</run_address>
         <size>0xb</size>
         <input_file_ref idref="fl-18"/>
      </object_component>
      <object_component id="oc-1d7">
         <name>.cinit</name>
         <load_address>0x82437</load_address>
         <run_address>0x82437</run_address>
         <size>0x8</size>
         <input_file_ref idref="fl-14"/>
      </object_component>
      <object_component id="oc-327">
         <name>.cinit:__lock</name>
         <load_address>0x8243f</load_address>
         <run_address>0x8243f</run_address>
         <size>0x5</size>
         <input_file_ref idref="fl-4b"/>
      </object_component>
      <object_component id="oc-326">
         <name>.cinit:__unlock</name>
         <load_address>0x82444</load_address>
         <run_address>0x82444</run_address>
         <size>0x5</size>
         <input_file_ref idref="fl-4b"/>
      </object_component>
      <object_component id="oc-3d3">
         <name>.cinit:_ti_sysbios_gates_GateHwi_Object__table__V</name>
         <load_address>0x82449</load_address>
         <run_address>0x82449</run_address>
         <size>0x5</size>
         <input_file_ref idref="fl-18"/>
      </object_component>
      <object_component id="oc-2ce">
         <name>.cinit:_ti_sysbios_knl_Task_Module_State_0_idleTask__A</name>
         <load_address>0x8244e</load_address>
         <run_address>0x8244e</run_address>
         <size>0x5</size>
         <input_file_ref idref="fl-18"/>
      </object_component>
      <object_component id="oc-4a3">
         <name>.binit</name>
         <load_address>0x81eac</load_address>
         <run_address>0x81eac</run_address>
         <size>0x12</size>
      </object_component>
      <object_component id="oc-3b5">
         <name>.text:_xdc_runtime_System_doPrint__I</name>
         <load_address>0x88000</load_address>
         <run_address>0x88000</run_address>
         <size>0x233</size>
         <input_file_ref idref="fl-30"/>
      </object_component>
      <object_component id="oc-371">
         <name>.text:_ti_sysbios_knl_Semaphore_pend__E</name>
         <load_address>0x88233</load_address>
         <run_address>0x88233</run_address>
         <size>0x1dc</size>
         <input_file_ref idref="fl-21"/>
      </object_component>
      <object_component id="oc-339">
         <name>.text:_ti_sysbios_heaps_HeapMem_freeUnprotected__E</name>
         <load_address>0x8840f</load_address>
         <run_address>0x8840f</run_address>
         <size>0x1a1</size>
         <input_file_ref idref="fl-21"/>
      </object_component>
      <object_component id="oc-335">
         <name>.text:_ti_sysbios_heaps_HeapMem_allocUnprotected__E</name>
         <load_address>0x885b0</load_address>
         <run_address>0x885b0</run_address>
         <size>0x16c</size>
         <input_file_ref idref="fl-21"/>
      </object_component>
      <object_component id="oc-353">
         <name>.text:_ti_sysbios_knl_Task_Instance_finalize__E</name>
         <load_address>0x8871c</load_address>
         <run_address>0x8871c</run_address>
         <size>0x16b</size>
         <input_file_ref idref="fl-21"/>
      </object_component>
      <object_component id="oc-352">
         <name>.text:_ti_sysbios_knl_Task_Instance_init__E</name>
         <load_address>0x88887</load_address>
         <run_address>0x88887</run_address>
         <size>0x13f</size>
         <input_file_ref idref="fl-21"/>
      </object_component>
      <object_component id="oc-350">
         <name>.text:_ti_sysbios_knl_Task_sleep__E</name>
         <load_address>0x889c6</load_address>
         <run_address>0x889c6</run_address>
         <size>0x137</size>
         <input_file_ref idref="fl-21"/>
      </object_component>
      <object_component id="oc-269">
         <name>.text</name>
         <load_address>0x88afd</load_address>
         <run_address>0x88afd</run_address>
         <size>0x107</size>
         <input_file_ref idref="fl-45"/>
      </object_component>
      <object_component id="oc-33d">
         <name>.text:_ti_sysbios_heaps_HeapMem_Instance_init__E</name>
         <load_address>0x88c04</load_address>
         <run_address>0x88c04</run_address>
         <size>0xef</size>
         <input_file_ref idref="fl-21"/>
      </object_component>
      <object_component id="oc-37b">
         <name>.text:_ti_sysbios_family_c28_Hwi_clearInterrupt__E</name>
         <load_address>0x88cf3</load_address>
         <run_address>0x88cf3</run_address>
         <size>0xdc</size>
         <input_file_ref idref="fl-21"/>
      </object_component>
      <object_component id="oc-49a">
         <name>.text:_ti_sysbios_family_c28_Hwi_dispatchCore__I</name>
         <load_address>0x88dcf</load_address>
         <run_address>0x88dcf</run_address>
         <size>0xc2</size>
         <input_file_ref idref="fl-21"/>
      </object_component>
      <object_component id="oc-40c">
         <name>.text:_xdc_runtime_LoggerBuf_write8__E</name>
         <load_address>0x88e91</load_address>
         <run_address>0x88e91</run_address>
         <size>0xc0</size>
         <input_file_ref idref="fl-2d"/>
      </object_component>
      <object_component id="oc-44d">
         <name>.text:_xdc_runtime_System_printfExtend__I</name>
         <load_address>0x88f51</load_address>
         <run_address>0x88f51</run_address>
         <size>0xbe</size>
         <input_file_ref idref="fl-18"/>
      </object_component>
      <object_component id="oc-372">
         <name>.text:_ti_sysbios_knl_Semaphore_post__E</name>
         <load_address>0x8900f</load_address>
         <run_address>0x8900f</run_address>
         <size>0xb8</size>
         <input_file_ref idref="fl-21"/>
      </object_component>
      <object_component id="oc-2e3">
         <name>.text:_ti_sysbios_knl_Clock_workFunc__E</name>
         <load_address>0x890c7</load_address>
         <run_address>0x890c7</run_address>
         <size>0xaf</size>
         <input_file_ref idref="fl-21"/>
      </object_component>
      <object_component id="oc-42e">
         <name>.text:_ti_sysbios_knl_Swi_run__I</name>
         <load_address>0x89176</load_address>
         <run_address>0x89176</run_address>
         <size>0xa9</size>
         <input_file_ref idref="fl-21"/>
      </object_component>
      <object_component id="oc-357">
         <name>.text:_ti_sysbios_knl_Clock_Instance_init__E</name>
         <load_address>0x8921f</load_address>
         <run_address>0x8921f</run_address>
         <size>0xa6</size>
         <input_file_ref idref="fl-21"/>
      </object_component>
      <object_component id="oc-33c">
         <name>.text:_xdc_runtime_Core_createObject__I</name>
         <load_address>0x892c5</load_address>
         <run_address>0x892c5</run_address>
         <size>0xa0</size>
         <input_file_ref idref="fl-27"/>
      </object_component>
      <object_component id="oc-484">
         <name>.text:_ti_sysbios_family_c28_Hwi_dispatch</name>
         <load_address>0x89365</load_address>
         <run_address>0x89365</run_address>
         <size>0x9b</size>
         <input_file_ref idref="fl-23"/>
      </object_component>
      <object_component id="oc-48c">
         <name>.text</name>
         <load_address>0x89400</load_address>
         <run_address>0x89400</run_address>
         <size>0x95</size>
         <input_file_ref idref="fl-51"/>
      </object_component>
      <object_component id="oc-349">
         <name>.text:_GPIO_SetupPinOptions</name>
         <load_address>0x89495</load_address>
         <run_address>0x89495</run_address>
         <size>0x94</size>
         <input_file_ref idref="fl-8"/>
      </object_component>
      <object_component id="oc-341">
         <name>.text:_xdc_runtime_Error_policyDefault__E</name>
         <load_address>0x89529</load_address>
         <run_address>0x89529</run_address>
         <size>0x90</size>
         <input_file_ref idref="fl-2b"/>
      </object_component>
      <object_component id="oc-34e">
         <name>.text:_ti_sysbios_knl_Swi_Instance_init__E</name>
         <load_address>0x895b9</load_address>
         <run_address>0x895b9</run_address>
         <size>0x8f</size>
         <input_file_ref idref="fl-21"/>
      </object_component>
      <object_component id="oc-37c">
         <name>.text:_ti_sysbios_family_c28_Hwi_enableInterrupt__E</name>
         <load_address>0x89648</load_address>
         <run_address>0x89648</run_address>
         <size>0x8e</size>
         <input_file_ref idref="fl-21"/>
      </object_component>
      <object_component id="oc-356">
         <name>.text:_xdc_runtime_Core_constructObject__I</name>
         <load_address>0x896d6</load_address>
         <run_address>0x896d6</run_address>
         <size>0x8d</size>
         <input_file_ref idref="fl-28"/>
      </object_component>
      <object_component id="oc-348">
         <name>.text:_GPIO_SetupPinMux</name>
         <load_address>0x89763</load_address>
         <run_address>0x89763</run_address>
         <size>0x8c</size>
         <input_file_ref idref="fl-8"/>
      </object_component>
      <object_component id="oc-494">
         <name>.text:_ti_sysbios_family_c28_Hwi_disableInterrupt__E</name>
         <load_address>0x897ef</load_address>
         <run_address>0x897ef</run_address>
         <size>0x81</size>
         <input_file_ref idref="fl-21"/>
      </object_component>
      <object_component id="oc-3fc">
         <name>.text:_ti_sysbios_family_c28_Hwi_disablePIEIER__E</name>
         <load_address>0x89870</load_address>
         <run_address>0x89870</run_address>
         <size>0x80</size>
         <input_file_ref idref="fl-21"/>
      </object_component>
      <object_component id="oc-3fb">
         <name>.text:_ti_sysbios_family_c28_Hwi_enablePIEIER__E</name>
         <load_address>0x898f0</load_address>
         <run_address>0x898f0</run_address>
         <size>0x7f</size>
         <input_file_ref idref="fl-21"/>
      </object_component>
      <object_component id="oc-3d8">
         <name>.text:_xdc_runtime_LoggerBuf_write4__E</name>
         <load_address>0x8996f</load_address>
         <run_address>0x8996f</run_address>
         <size>0x7a</size>
         <input_file_ref idref="fl-2d"/>
      </object_component>
      <object_component id="oc-380">
         <name>.text:_ti_sysbios_knl_Task_checkStacks__E</name>
         <load_address>0x899e9</load_address>
         <run_address>0x899e9</run_address>
         <size>0x75</size>
         <input_file_ref idref="fl-21"/>
      </object_component>
      <object_component id="oc-2dd">
         <name>.text:_main</name>
         <load_address>0x89a5e</load_address>
         <run_address>0x89a5e</run_address>
         <size>0x73</size>
         <input_file_ref idref="fl-14"/>
      </object_component>
      <object_component id="oc-330">
         <name>.text:_ti_sysbios_knl_Task_startCore__E</name>
         <load_address>0x89ad1</load_address>
         <run_address>0x89ad1</run_address>
         <size>0x72</size>
         <input_file_ref idref="fl-21"/>
      </object_component>
      <object_component id="oc-31e">
         <name>.text:_ti_sysbios_gates_GateMutex_enter__E</name>
         <load_address>0x89b43</load_address>
         <run_address>0x89b43</run_address>
         <size>0x71</size>
         <input_file_ref idref="fl-21"/>
      </object_component>
      <object_component id="oc-346">
         <name>.text:_xdc_runtime_Startup_startMods__I</name>
         <load_address>0x89bb4</load_address>
         <run_address>0x89bb4</run_address>
         <size>0x71</size>
         <input_file_ref idref="fl-2f"/>
      </object_component>
      <object_component id="oc-3ff">
         <name>.text:_ti_sysbios_knl_Task_schedule__I</name>
         <load_address>0x89c25</load_address>
         <run_address>0x89c25</run_address>
         <size>0x6e</size>
         <input_file_ref idref="fl-21"/>
      </object_component>
      <object_component id="oc-43a">
         <name>.text:_ti_sysbios_knl_Semaphore_Instance_init__E</name>
         <load_address>0x89c93</load_address>
         <run_address>0x89c93</run_address>
         <size>0x6a</size>
         <input_file_ref idref="fl-21"/>
      </object_component>
      <object_component id="oc-87">
         <name>.text</name>
         <load_address>0x89cfd</load_address>
         <run_address>0x89cfd</run_address>
         <size>0x69</size>
         <input_file_ref idref="fl-36"/>
      </object_component>
      <object_component id="oc-485">
         <name>.text:_ti_sysbios_family_c28_Timer_stopAndClear__I</name>
         <load_address>0x89d66</load_address>
         <run_address>0x89d66</run_address>
         <size>0x66</size>
         <input_file_ref idref="fl-21"/>
      </object_component>
      <object_component id="oc-310">
         <name>.text:_ti_sysbios_knl_Swi_post__E</name>
         <load_address>0x89dcc</load_address>
         <run_address>0x89dcc</run_address>
         <size>0x61</size>
         <input_file_ref idref="fl-21"/>
      </object_component>
      <object_component id="oc-3c0">
         <name>.text:_ti_sysbios_knl_Task_blockI__E</name>
         <load_address>0x89e2d</load_address>
         <run_address>0x89e2d</run_address>
         <size>0x61</size>
         <input_file_ref idref="fl-21"/>
      </object_component>
      <object_component id="oc-466">
         <name>.text:_xdc_runtime_Text_putSite__E</name>
         <load_address>0x89e8e</load_address>
         <run_address>0x89e8e</run_address>
         <size>0x60</size>
         <input_file_ref idref="fl-32"/>
      </object_component>
      <object_component id="oc-420">
         <name>.text:_ti_sysbios_knl_Task_exit__E</name>
         <load_address>0x89eee</load_address>
         <run_address>0x89eee</run_address>
         <size>0x58</size>
         <input_file_ref idref="fl-21"/>
      </object_component>
      <object_component id="oc-3ee">
         <name>.text:_ti_sysbios_knl_Task_unblockI__E</name>
         <load_address>0x89f46</load_address>
         <run_address>0x89f46</run_address>
         <size>0x52</size>
         <input_file_ref idref="fl-21"/>
      </object_component>
      <object_component id="oc-3c8">
         <name>.text:_ti_sysbios_knl_Task_postInit__I</name>
         <load_address>0x89f98</load_address>
         <run_address>0x89f98</run_address>
         <size>0x49</size>
         <input_file_ref idref="fl-21"/>
      </object_component>
      <object_component id="oc-446">
         <name>.text:_ti_sysbios_family_c28_Hwi_Module_startup__E</name>
         <load_address>0x89fe1</load_address>
         <run_address>0x89fe1</run_address>
         <size>0x47</size>
         <input_file_ref idref="fl-21"/>
      </object_component>
      <object_component id="oc-2d7">
         <name>.text:.bootCodeSection:_ti_catalog_c2800_initF2837x_Boot_configurePllDivs</name>
         <load_address>0x8a028</load_address>
         <run_address>0x8a028</run_address>
         <size>0x45</size>
         <input_file_ref idref="fl-37"/>
      </object_component>
      <object_component id="oc-1eb">
         <name>.text:_ti_sysbios_family_c28_Hwi_unPluggedInterrupt__I</name>
         <load_address>0x8a06d</load_address>
         <run_address>0x8a06d</run_address>
         <size>0x42</size>
         <input_file_ref idref="fl-21"/>
      </object_component>
      <object_component id="oc-479">
         <name>.text:_xdc_runtime_Text_putLab__E</name>
         <load_address>0x8a0af</load_address>
         <run_address>0x8a0af</run_address>
         <size>0x41</size>
         <input_file_ref idref="fl-32"/>
      </object_component>
      <object_component id="oc-46f">
         <name>.text:_ti_sysbios_family_c28_Timer_postInit__I</name>
         <load_address>0x8a0f0</load_address>
         <run_address>0x8a0f0</run_address>
         <size>0x40</size>
         <input_file_ref idref="fl-21"/>
      </object_component>
      <object_component id="oc-3c7">
         <name>.text:_xdc_runtime_Memory_alloc__E</name>
         <load_address>0x8a130</load_address>
         <run_address>0x8a130</run_address>
         <size>0x40</size>
         <input_file_ref idref="fl-2e"/>
      </object_component>
      <object_component id="oc-481">
         <name>.text:_xdc_runtime_Text_putMod__E</name>
         <load_address>0x8a170</load_address>
         <run_address>0x8a170</run_address>
         <size>0x3f</size>
         <input_file_ref idref="fl-32"/>
      </object_component>
      <object_component id="oc-4a2">
         <name>.text:_ti_sysbios_knl_Swi_restoreHwi__E</name>
         <load_address>0x8a1af</load_address>
         <run_address>0x8a1af</run_address>
         <size>0x3e</size>
         <input_file_ref idref="fl-21"/>
      </object_component>
      <object_component id="oc-33e">
         <name>.text:_xdc_runtime_Core_deleteObject__I</name>
         <load_address>0x8a1ed</load_address>
         <run_address>0x8a1ed</run_address>
         <size>0x3e</size>
         <input_file_ref idref="fl-27"/>
      </object_component>
      <object_component id="oc-2fe">
         <name>.text:_InitCpu</name>
         <load_address>0x8a22b</load_address>
         <run_address>0x8a22b</run_address>
         <size>0x3d</size>
         <input_file_ref idref="fl-12"/>
      </object_component>
      <object_component id="oc-434">
         <name>.text:_xdc_runtime_LoggerBuf_getFilterLevel__E</name>
         <load_address>0x8a268</load_address>
         <run_address>0x8a268</run_address>
         <size>0x3d</size>
         <input_file_ref idref="fl-2d"/>
      </object_component>
      <object_component id="oc-433">
         <name>.text:_xdc_runtime_LoggerBuf_setFilterLevel__E</name>
         <load_address>0x8a2a5</load_address>
         <run_address>0x8a2a5</run_address>
         <size>0x3c</size>
         <input_file_ref idref="fl-2d"/>
      </object_component>
      <object_component id="oc-451">
         <name>.text:_ti_sysbios_family_c28_TaskSupport_start__E</name>
         <load_address>0x8a2e1</load_address>
         <run_address>0x8a2e1</run_address>
         <size>0x3a</size>
         <input_file_ref idref="fl-21"/>
      </object_component>
      <object_component id="oc-47f">
         <name>.text</name>
         <load_address>0x8a31b</load_address>
         <run_address>0x8a31b</run_address>
         <size>0x39</size>
         <input_file_ref idref="fl-50"/>
      </object_component>
      <object_component id="oc-3d1">
         <name>.text:_ti_sysbios_knl_Clock_start__E</name>
         <load_address>0x8a354</load_address>
         <run_address>0x8a354</run_address>
         <size>0x38</size>
         <input_file_ref idref="fl-21"/>
      </object_component>
      <object_component id="oc-30e">
         <name>.text:_ti_sysbios_knl_Clock_logTick__E</name>
         <load_address>0x8a38c</load_address>
         <run_address>0x8a38c</run_address>
         <size>0x37</size>
         <input_file_ref idref="fl-21"/>
      </object_component>
      <object_component id="oc-416">
         <name>.text:_xdc_runtime_System_formatNum__I</name>
         <load_address>0x8a3c3</load_address>
         <run_address>0x8a3c3</run_address>
         <size>0x35</size>
         <input_file_ref idref="fl-30"/>
      </object_component>
      <object_component id="oc-44a">
         <name>.text:_ti_sysbios_knl_Task_Module_startup__E</name>
         <load_address>0x8a3f8</load_address>
         <run_address>0x8a3f8</run_address>
         <size>0x32</size>
         <input_file_ref idref="fl-21"/>
      </object_component>
      <object_component id="oc-2f1">
         <name>.text:_ti_sysbios_heaps_HeapMem_alloc__E</name>
         <load_address>0x8a42a</load_address>
         <run_address>0x8a42a</run_address>
         <size>0x31</size>
         <input_file_ref idref="fl-21"/>
      </object_component>
      <object_component id="oc-302">
         <name>.text:_ti_sysbios_knl_Swi_create</name>
         <load_address>0x8a45b</load_address>
         <run_address>0x8a45b</run_address>
         <size>0x31</size>
         <input_file_ref idref="fl-18"/>
      </object_component>
      <object_component id="oc-304">
         <name>.text:_ti_sysbios_knl_Task_create</name>
         <load_address>0x8a48c</load_address>
         <run_address>0x8a48c</run_address>
         <size>0x31</size>
         <input_file_ref idref="fl-18"/>
      </object_component>
      <object_component id="oc-440">
         <name>.text:_xdc_runtime_Error_print__E</name>
         <load_address>0x8a4bd</load_address>
         <run_address>0x8a4bd</run_address>
         <size>0x30</size>
         <input_file_ref idref="fl-2b"/>
      </object_component>
      <object_component id="oc-45f">
         <name>.text:_xdc_runtime_LoggerBuf_Instance_init__E</name>
         <load_address>0x8a4ed</load_address>
         <run_address>0x8a4ed</run_address>
         <size>0x30</size>
         <input_file_ref idref="fl-2d"/>
      </object_component>
      <object_component id="oc-397">
         <name>.text:_xdc_runtime_Core_assignParams__I</name>
         <load_address>0x8a51d</load_address>
         <run_address>0x8a51d</run_address>
         <size>0x2f</size>
         <input_file_ref idref="fl-2a"/>
      </object_component>
      <object_component id="oc-2b5">
         <name>.text:_xdc_runtime_Startup_exec__E</name>
         <load_address>0x8a54c</load_address>
         <run_address>0x8a54c</run_address>
         <size>0x2f</size>
         <input_file_ref idref="fl-2f"/>
      </object_component>
      <object_component id="oc-410">
         <name>.text:_ti_sysbios_family_c28_Hwi_getStackInfo__E</name>
         <load_address>0x8a57b</load_address>
         <run_address>0x8a57b</run_address>
         <size>0x2e</size>
         <input_file_ref idref="fl-21"/>
      </object_component>
      <object_component id="oc-3d9">
         <name>.text:_ti_sysbios_knl_Swi_runLoop__I</name>
         <load_address>0x8a5a9</load_address>
         <run_address>0x8a5a9</run_address>
         <size>0x2e</size>
         <input_file_ref idref="fl-21"/>
      </object_component>
      <object_component id="oc-365">
         <name>.text:_ti_sysbios_knl_Swi_schedule__I</name>
         <load_address>0x8a5d7</load_address>
         <run_address>0x8a5d7</run_address>
         <size>0x2e</size>
         <input_file_ref idref="fl-21"/>
      </object_component>
      <object_component id="oc-2f4">
         <name>.text:_ti_sysbios_heaps_HeapMem_getStats__E</name>
         <load_address>0x8a605</load_address>
         <run_address>0x8a605</run_address>
         <size>0x2d</size>
         <input_file_ref idref="fl-21"/>
      </object_component>
      <object_component id="oc-36f">
         <name>.text:_xdc_runtime_Assert_raise__I</name>
         <load_address>0x8a632</load_address>
         <run_address>0x8a632</run_address>
         <size>0x2d</size>
         <input_file_ref idref="fl-26"/>
      </object_component>
      <object_component id="oc-3a1">
         <name>.text:_xdc_runtime_Error_setX__E</name>
         <load_address>0x8a65f</load_address>
         <run_address>0x8a65f</run_address>
         <size>0x2d</size>
         <input_file_ref idref="fl-2b"/>
      </object_component>
      <object_component id="oc-499">
         <name>.text:_xdc_runtime_Text_visitRope2__I</name>
         <load_address>0x8a68c</load_address>
         <run_address>0x8a68c</run_address>
         <size>0x2d</size>
         <input_file_ref idref="fl-32"/>
      </object_component>
      <object_component id="oc-32d">
         <name>.text:_ti_sysbios_family_c28_Timer_start__E</name>
         <load_address>0x8a6b9</load_address>
         <run_address>0x8a6b9</run_address>
         <size>0x2c</size>
         <input_file_ref idref="fl-21"/>
      </object_component>
      <object_component id="oc-435">
         <name>.text:_xdc_runtime_LoggerBuf_Object__create__S</name>
         <load_address>0x8a6e5</load_address>
         <run_address>0x8a6e5</run_address>
         <size>0x2c</size>
         <input_file_ref idref="fl-18"/>
      </object_component>
      <object_component id="oc-34f">
         <name>.text:_ti_sysbios_knl_Swi_Instance_finalize__E</name>
         <load_address>0x8a711</load_address>
         <run_address>0x8a711</run_address>
         <size>0x2b</size>
         <input_file_ref idref="fl-21"/>
      </object_component>
      <object_component id="oc-482">
         <name>.text:_xdc_runtime_Text_xprintf__I</name>
         <load_address>0x8a73c</load_address>
         <run_address>0x8a73c</run_address>
         <size>0x29</size>
         <input_file_ref idref="fl-32"/>
      </object_component>
      <object_component id="oc-35b">
         <name>.text</name>
         <load_address>0x8a765</load_address>
         <run_address>0x8a765</run_address>
         <size>0x29</size>
         <input_file_ref idref="fl-4a"/>
      </object_component>
      <object_component id="oc-343">
         <name>.text:_ti_sysbios_heaps_HeapMem_init__I</name>
         <load_address>0x8a78e</load_address>
         <run_address>0x8a78e</run_address>
         <size>0x27</size>
         <input_file_ref idref="fl-21"/>
      </object_component>
      <object_component id="oc-3d7">
         <name>.text:_xdc_runtime_SysMin_flush__E</name>
         <load_address>0x8a7b5</load_address>
         <run_address>0x8a7b5</run_address>
         <size>0x26</size>
         <input_file_ref idref="fl-31"/>
      </object_component>
      <object_component id="oc-47c">
         <name>.text:_ti_sysbios_family_c28_TaskSupport_buildTaskStack</name>
         <load_address>0x8a7db</load_address>
         <run_address>0x8a7db</run_address>
         <size>0x25</size>
         <input_file_ref idref="fl-25"/>
      </object_component>
      <object_component id="oc-2b4">
         <name>.text</name>
         <load_address>0x8a800</load_address>
         <run_address>0x8a800</run_address>
         <size>0x24</size>
         <input_file_ref idref="fl-46"/>
      </object_component>
      <object_component id="oc-309">
         <name>.text:_ti_sysbios_knl_Clock_construct</name>
         <load_address>0x8a824</load_address>
         <run_address>0x8a824</run_address>
         <size>0x23</size>
         <input_file_ref idref="fl-18"/>
      </object_component>
      <object_component id="oc-2de">
         <name>.text:_xdc_runtime_System_processAtExit__E</name>
         <load_address>0x8a847</load_address>
         <run_address>0x8a847</run_address>
         <size>0x23</size>
         <input_file_ref idref="fl-30"/>
      </object_component>
      <object_component id="oc-37e">
         <name>.text:_ti_sysbios_knl_Task_allBlockedFunction__I</name>
         <load_address>0x8a86a</load_address>
         <run_address>0x8a86a</run_address>
         <size>0x21</size>
         <input_file_ref idref="fl-21"/>
      </object_component>
      <object_component id="oc-487">
         <name>.text:_ti_sysbios_family_c28_Timer_setPrescale__E</name>
         <load_address>0x8a88b</load_address>
         <run_address>0x8a88b</run_address>
         <size>0x20</size>
         <input_file_ref idref="fl-21"/>
      </object_component>
      <object_component id="oc-2e8">
         <name>.text:_xdc_runtime_System_atexit__E</name>
         <load_address>0x8a8ab</load_address>
         <run_address>0x8a8ab</run_address>
         <size>0x20</size>
         <input_file_ref idref="fl-30"/>
      </object_component>
      <object_component id="oc-428">
         <name>.text:_xdc_runtime_LoggerBuf_filterOutEvent__I</name>
         <load_address>0x8a8cb</load_address>
         <run_address>0x8a8cb</run_address>
         <size>0x1f</size>
         <input_file_ref idref="fl-2d"/>
      </object_component>
      <object_component id="oc-34a">
         <name>.text:_GPIO_WritePin</name>
         <load_address>0x8a8ea</load_address>
         <run_address>0x8a8ea</run_address>
         <size>0x1e</size>
         <input_file_ref idref="fl-8"/>
      </object_component>
      <object_component id="oc-405">
         <name>.text:_ti_sysbios_family_c28_TaskSupport_swap__E</name>
         <load_address>0x8a908</load_address>
         <run_address>0x8a908</run_address>
         <size>0x1d</size>
         <input_file_ref idref="fl-25"/>
      </object_component>
      <object_component id="oc-453">
         <name>.text:_ti_sysbios_gates_GateHwi_Object__create__S</name>
         <load_address>0x8a925</load_address>
         <run_address>0x8a925</run_address>
         <size>0x1d</size>
         <input_file_ref idref="fl-18"/>
      </object_component>
      <object_component id="oc-320">
         <name>.text:_ti_sysbios_gates_GateMutex_Object__create__S</name>
         <load_address>0x8a942</load_address>
         <run_address>0x8a942</run_address>
         <size>0x1d</size>
         <input_file_ref idref="fl-18"/>
      </object_component>
      <object_component id="oc-2f5">
         <name>.text:_ti_sysbios_heaps_HeapMem_Object__create__S</name>
         <load_address>0x8a95f</load_address>
         <run_address>0x8a95f</run_address>
         <size>0x1d</size>
         <input_file_ref idref="fl-18"/>
      </object_component>
      <object_component id="oc-3f1">
         <name>.text:_ti_sysbios_knl_Semaphore_construct</name>
         <load_address>0x8a97c</load_address>
         <run_address>0x8a97c</run_address>
         <size>0x1d</size>
         <input_file_ref idref="fl-18"/>
      </object_component>
      <object_component id="oc-468">
         <name>.text:_xdc_runtime_SysMin_putch__E</name>
         <load_address>0x8a999</load_address>
         <run_address>0x8a999</run_address>
         <size>0x1d</size>
         <input_file_ref idref="fl-31"/>
      </object_component>
      <object_component id="oc-2d9">
         <name>.text</name>
         <load_address>0x8a9b6</load_address>
         <run_address>0x8a9b6</run_address>
         <size>0x1d</size>
         <input_file_ref idref="fl-47"/>
      </object_component>
      <object_component id="oc-40b">
         <name>.text:_ti_sysbios_hal_Hwi_checkStack</name>
         <load_address>0x8a9d3</load_address>
         <run_address>0x8a9d3</run_address>
         <size>0x1c</size>
         <input_file_ref idref="fl-21"/>
      </object_component>
      <object_component id="oc-2f2">
         <name>.text:_ti_sysbios_heaps_HeapMem_free__E</name>
         <load_address>0x8a9ef</load_address>
         <run_address>0x8a9ef</run_address>
         <size>0x1c</size>
         <input_file_ref idref="fl-21"/>
      </object_component>
      <object_component id="oc-2ff">
         <name>.text:_ti_sysbios_knl_Queue_create</name>
         <load_address>0x8aa0b</load_address>
         <run_address>0x8aa0b</run_address>
         <size>0x1c</size>
         <input_file_ref idref="fl-18"/>
      </object_component>
      <object_component id="oc-456">
         <name>.text:_xdc_runtime_SysMin_output__I</name>
         <load_address>0x8aa27</load_address>
         <run_address>0x8aa27</run_address>
         <size>0x1c</size>
         <input_file_ref idref="fl-18"/>
      </object_component>
      <object_component id="oc-496">
         <name>.text:_ti_sysbios_family_c28_Hwi_switchAndDispatch__I</name>
         <load_address>0x8aa43</load_address>
         <run_address>0x8aa43</run_address>
         <size>0x1b</size>
         <input_file_ref idref="fl-22"/>
      </object_component>
      <object_component id="oc-345">
         <name>.text:_ti_sysbios_hal_Hwi_initStack</name>
         <load_address>0x8aa5e</load_address>
         <run_address>0x8aa5e</run_address>
         <size>0x1b</size>
         <input_file_ref idref="fl-21"/>
      </object_component>
      <object_component id="oc-3cc">
         <name>.text:_ti_sysbios_knl_Task_processVitalTaskFlag__I</name>
         <load_address>0x8aa79</load_address>
         <run_address>0x8aa79</run_address>
         <size>0x1b</size>
         <input_file_ref idref="fl-21"/>
      </object_component>
      <object_component id="oc-3bc">
         <name>.text:_ti_sysbios_knl_Clock_addI__E</name>
         <load_address>0x8aa94</load_address>
         <run_address>0x8aa94</run_address>
         <size>0x1a</size>
         <input_file_ref idref="fl-21"/>
      </object_component>
      <object_component id="oc-33f">
         <name>.text:_xdc_runtime_Core_assignLabel__I</name>
         <load_address>0x8aaae</load_address>
         <run_address>0x8aaae</run_address>
         <size>0x1a</size>
         <input_file_ref idref="fl-29"/>
      </object_component>
      <object_component id="oc-483">
         <name>.text:_xdc_runtime_System_avprintf__E</name>
         <load_address>0x8aac8</load_address>
         <run_address>0x8aac8</run_address>
         <size>0x1a</size>
         <input_file_ref idref="fl-30"/>
      </object_component>
      <object_component id="oc-463">
         <name>.text:_ti_sysbios_knl_Queue_construct</name>
         <load_address>0x8aae2</load_address>
         <run_address>0x8aae2</run_address>
         <size>0x19</size>
         <input_file_ref idref="fl-18"/>
      </object_component>
      <object_component id="oc-3e8">
         <name>.text:_ti_sysbios_knl_Semaphore_pendTimeout__I</name>
         <load_address>0x8aafb</load_address>
         <run_address>0x8aafb</run_address>
         <size>0x19</size>
         <input_file_ref idref="fl-21"/>
      </object_component>
      <object_component id="oc-32f">
         <name>.text:_ti_sysbios_knl_Swi_restore__E</name>
         <load_address>0x8ab14</load_address>
         <run_address>0x8ab14</run_address>
         <size>0x19</size>
         <input_file_ref idref="fl-21"/>
      </object_component>
      <object_component id="oc-347">
         <name>.text:_xdc_runtime_System_vprintf__E</name>
         <load_address>0x8ab2d</load_address>
         <run_address>0x8ab2d</run_address>
         <size>0x19</size>
         <input_file_ref idref="fl-30"/>
      </object_component>
      <object_component id="oc-2b7">
         <name>.text</name>
         <load_address>0x8ab46</load_address>
         <run_address>0x8ab46</run_address>
         <size>0x19</size>
         <input_file_ref idref="fl-4c"/>
      </object_component>
      <object_component id="oc-3da">
         <name>.text:_ti_sysbios_family_xxx_Hwi_switchAndRunFunc</name>
         <load_address>0x8ab5f</load_address>
         <run_address>0x8ab5f</run_address>
         <size>0x18</size>
         <input_file_ref idref="fl-22"/>
      </object_component>
      <object_component id="oc-46b">
         <name>.text:_xdc_runtime_LoggerBuf_reset__E</name>
         <load_address>0x8ab77</load_address>
         <run_address>0x8ab77</run_address>
         <size>0x18</size>
         <input_file_ref idref="fl-2d"/>
      </object_component>
      <object_component id="oc-417">
         <name>.text:_xdc_runtime_System_putchar__I</name>
         <load_address>0x8ab8f</load_address>
         <run_address>0x8ab8f</run_address>
         <size>0x18</size>
         <input_file_ref idref="fl-30"/>
      </object_component>
      <object_component id="oc-264">
         <name>.text</name>
         <load_address>0x8aba7</load_address>
         <run_address>0x8aba7</run_address>
         <size>0x18</size>
         <input_file_ref idref="fl-44"/>
      </object_component>
      <object_component id="oc-2ea">
         <name>.text:_ti_sysbios_family_c28_Timer_startup__E</name>
         <load_address>0x8abbf</load_address>
         <run_address>0x8abbf</run_address>
         <size>0x17</size>
         <input_file_ref idref="fl-21"/>
      </object_component>
      <object_component id="oc-2e0">
         <name>.text:_ti_sysbios_knl_Clock_doTick__I</name>
         <load_address>0x8abd6</load_address>
         <run_address>0x8abd6</run_address>
         <size>0x17</size>
         <input_file_ref idref="fl-18"/>
      </object_component>
      <object_component id="oc-37d">
         <name>.text:_ti_sysbios_knl_Task_restore__E</name>
         <load_address>0x8abed</load_address>
         <run_address>0x8abed</run_address>
         <size>0x17</size>
         <input_file_ref idref="fl-21"/>
      </object_component>
      <object_component id="oc-443">
         <name>.text:_xdc_runtime_LoggerBuf_Module_startup__E</name>
         <load_address>0x8ac04</load_address>
         <run_address>0x8ac04</run_address>
         <size>0x17</size>
         <input_file_ref idref="fl-2d"/>
      </object_component>
      <object_component id="oc-406">
         <name>.text:_xdc_runtime_Memory_valloc__E</name>
         <load_address>0x8ac1b</load_address>
         <run_address>0x8ac1b</run_address>
         <size>0x17</size>
         <input_file_ref idref="fl-2e"/>
      </object_component>
      <object_component id="oc-441">
         <name>.text:_xdc_runtime_SysMin_abort__E</name>
         <load_address>0x8ac32</load_address>
         <run_address>0x8ac32</run_address>
         <size>0x17</size>
         <input_file_ref idref="fl-31"/>
      </object_component>
      <object_component id="oc-2e7">
         <name>.text:_ti_sysbios_BIOS_atExitFunc__I</name>
         <load_address>0x8ac49</load_address>
         <run_address>0x8ac49</run_address>
         <size>0x16</size>
         <input_file_ref idref="fl-18"/>
      </object_component>
      <object_component id="oc-447">
         <name>.text:_ti_sysbios_family_c28_Timer_Module_startup__E</name>
         <load_address>0x8ac5f</load_address>
         <run_address>0x8ac5f</run_address>
         <size>0x16</size>
         <input_file_ref idref="fl-21"/>
      </object_component>
      <object_component id="oc-491">
         <name>.text:_xdc_runtime_Text_printVisFxn__I</name>
         <load_address>0x8ac75</load_address>
         <run_address>0x8ac75</run_address>
         <size>0x16</size>
         <input_file_ref idref="fl-32"/>
      </object_component>
      <object_component id="oc-306">
         <name>.text:_task1Fxn</name>
         <load_address>0x8ac8b</load_address>
         <run_address>0x8ac8b</run_address>
         <size>0x15</size>
         <input_file_ref idref="fl-14"/>
      </object_component>
      <object_component id="oc-2c8">
         <name>.text:_ti_sysbios_BIOS_startFunc__I</name>
         <load_address>0x8aca0</load_address>
         <run_address>0x8aca0</run_address>
         <size>0x15</size>
         <input_file_ref idref="fl-18"/>
      </object_component>
      <object_component id="oc-449">
         <name>.text:_ti_sysbios_knl_Swi_Module_startup__E</name>
         <load_address>0x8acb5</load_address>
         <run_address>0x8acb5</run_address>
         <size>0x15</size>
         <input_file_ref idref="fl-21"/>
      </object_component>
      <object_component id="oc-1d1">
[...]
      <symbol id="sm-d6f">
         <name>_ti_sysbios_family_xxx_Hwi_switchAndRunFunc</name>
         <value>0x8ab5f</value>
         <object_component_ref idref="oc-3da"/>
      </symbol>
      <symbol id="sm-e14">
         <name>_ti_sysbios_family_c28_Hwi_dispatchTable</name>
         <value>0x89365</value>
         <object_component_ref idref="oc-484"/>
      </symbol>
      <symbol id="sm-e15">
         <name>_ti_sysbios_family_c28_Hwi_dispatchPie</name>
         <value>0x893c2</value>
         <object_component_ref idref="oc-484"/>
      </symbol>
      <symbol id="sm-e21">
         <name>_ti_sysbios_family_c28_IntrinsicsSupport_maxbit__E</name>
         <value>0x8b67f</value>
         <object_component_ref idref="oc-37f"/>
      </symbol>
      <symbol id="sm-e31">
         <name>_ti_sysbios_family_c28_TaskSupport_buildTaskStack</name>
         <value>0x8a7db</value>
         <object_component_ref idref="oc-47c"/>
      </symbol>
      <symbol id="sm-e32">
         <name>_ti_sysbios_family_c28_TaskSupport_swap__E</name>
         <value>0x8a908</value>
         <object_component_ref idref="oc-405"/>
      </symbol>
      <symbol id="sm-e33">
         <name>_ti_sysbios_family_c28_TaskSupport_glue</name>
         <value>0x8b5ca</value>
         <object_component_ref idref="oc-489"/>
      </symbol>
      <symbol id="sm-e47">
         <name>_xdc_runtime_Assert_raise__I</name>
         <value>0x8a632</value>
         <object_component_ref idref="oc-36f"/>
      </symbol>
      <symbol id="sm-e66">
         <name>_xdc_runtime_Core_deleteObject__I</name>
         <value>0x8a1ed</value>
         <object_component_ref idref="oc-33e"/>
      </symbol>
      <symbol id="sm-e67">
         <name>_xdc_runtime_Core_createObject__I</name>
         <value>0x892c5</value>
         <object_component_ref idref="oc-33c"/>
      </symbol>
      <symbol id="sm-e7f">
         <name>_xdc_runtime_Core_constructObject__I</name>
         <value>0x896d6</value>
         <object_component_ref idref="oc-356"/>
      </symbol>
      <symbol id="sm-e8e">
         <name>_xdc_runtime_Core_assignLabel__I</name>
         <value>0x8aaae</value>
         <object_component_ref idref="oc-33f"/>
      </symbol>
      <symbol id="sm-e9c">
         <name>_xdc_runtime_Core_assignParams__I</name>
         <value>0x8a51d</value>
         <object_component_ref idref="oc-397"/>
      </symbol>
      <symbol id="sm-ec8">
         <name>_xdc_runtime_Error_getSite__E</name>
         <value>0x8b730</value>
         <object_component_ref idref="oc-465"/>
      </symbol>
      <symbol id="sm-ec9">
         <name>_xdc_runtime_Error_print__E</name>
         <value>0x8a4bd</value>
         <object_component_ref idref="oc-440"/>
      </symbol>
      <symbol id="sm-eca">
         <name>_xdc_runtime_Error_policyDefault__E</name>
         <value>0x89529</value>
         <object_component_ref idref="oc-341"/>
      </symbol>
      <symbol id="sm-ecb">
         <name>_xdc_runtime_Error_init__E</name>
         <value>0x8b587</value>
         <object_component_ref idref="oc-300"/>
      </symbol>
      <symbol id="sm-ecc">
         <name>_xdc_runtime_Error_raiseX__E</name>
         <value>0x8ad2c</value>
         <object_component_ref idref="oc-2d5"/>
      </symbol>
      <symbol id="sm-ecd">
         <name>_xdc_runtime_Error_check__E</name>
         <value>0x8af00</value>
         <object_component_ref idref="oc-41b"/>
      </symbol>
      <symbol id="sm-ece">
         <name>_xdc_runtime_Error_setX__E</name>
         <value>0x8a65f</value>
         <object_component_ref idref="oc-3a1"/>
      </symbol>
      <symbol id="sm-edc">
         <name>_xdc_runtime_Gate_leaveSystem__E</name>
         <value>0x8b697</value>
         <object_component_ref idref="oc-329"/>
      </symbol>
      <symbol id="sm-edd">
         <name>_xdc_runtime_Gate_enterSystem__E</name>
         <value>0x8b691</value>
         <object_component_ref idref="oc-30b"/>
      </symbol>
      <symbol id="sm-f2c">
         <name>_xdc_runtime_LoggerBuf_write0__E</name>
         <value>0x8af1a</value>
         <object_component_ref idref="oc-432"/>
      </symbol>
      <symbol id="sm-f2d">
         <name>_xdc_runtime_LoggerBuf_Instance_init__E</name>
         <value>0x8a4ed</value>
         <object_component_ref idref="oc-45f"/>
      </symbol>
      <symbol id="sm-f2e">
         <name>_xdc_runtime_LoggerBuf_Module_startup__E</name>
         <value>0x8ac04</value>
         <object_component_ref idref="oc-443"/>
      </symbol>
      <symbol id="sm-f2f">
         <name>_xdc_runtime_LoggerBuf_reset__E</name>
         <value>0x8ab77</value>
         <object_component_ref idref="oc-46b"/>
      </symbol>
      <symbol id="sm-f30">
         <name>_xdc_runtime_LoggerBuf_Instance_finalize__E</name>
         <value>0x8aff9</value>
         <object_component_ref idref="oc-460"/>
      </symbol>
      <symbol id="sm-f31">
         <name>_xdc_runtime_LoggerBuf_write4__E</name>
         <value>0x8996f</value>
         <object_component_ref idref="oc-3d8"/>
      </symbol>
      <symbol id="sm-f32">
         <name>_xdc_runtime_LoggerBuf_getFilterLevel__E</name>
         <value>0x8a268</value>
         <object_component_ref idref="oc-434"/>
      </symbol>
      <symbol id="sm-f33">
         <name>_xdc_runtime_LoggerBuf_disable__E</name>
         <value>0x8b6ad</value>
         <object_component_ref idref="oc-431"/>
      </symbol>
      <symbol id="sm-f34">
         <name>_xdc_runtime_LoggerBuf_setFilterLevel__E</name>
         <value>0x8a2a5</value>
         <object_component_ref idref="oc-433"/>
      </symbol>
      <symbol id="sm-f35">
         <name>_xdc_runtime_LoggerBuf_write8__E</name>
         <value>0x88e91</value>
         <object_component_ref idref="oc-40c"/>
      </symbol>
      <symbol id="sm-f36">
         <name>_xdc_runtime_LoggerBuf_write2__E</name>
         <value>0x8ade5</value>
         <object_component_ref idref="oc-369"/>
      </symbol>
      <symbol id="sm-f37">
         <name>_xdc_runtime_LoggerBuf_filterOutEvent__I</name>
         <value>0x8a8cb</value>
         <object_component_ref idref="oc-428"/>
      </symbol>
      <symbol id="sm-f38">
         <name>_xdc_runtime_LoggerBuf_write1__E</name>
         <value>0x8af27</value>
         <object_component_ref idref="oc-366"/>
      </symbol>
      <symbol id="sm-f39">
         <name>_xdc_runtime_LoggerBuf_enable__E</name>
         <value>0x8b69d</value>
         <object_component_ref idref="oc-430"/>
      </symbol>
      <symbol id="sm-f54">
         <name>_xdc_runtime_Memory_calloc__E</name>
         <value>0x8b638</value>
         <object_component_ref idref="oc-398"/>
      </symbol>
      <symbol id="sm-f55">
         <name>_xdc_runtime_Memory_free__E</name>
         <value>0x8b591</value>
         <object_component_ref idref="oc-39b"/>
      </symbol>
      <symbol id="sm-f56">
         <name>_xdc_runtime_Memory_valloc__E</name>
         <value>0x8ac1b</value>
         <object_component_ref idref="oc-406"/>
      </symbol>
      <symbol id="sm-f57">
         <name>_xdc_runtime_Memory_alloc__E</name>
         <value>0x8a130</value>
         <object_component_ref idref="oc-3c7"/>
      </symbol>
      <symbol id="sm-f58">
         <name>_xdc_runtime_Memory_getMaxDefaultTypeAlign__E</name>
         <value>0x8b6c6</value>
         <object_component_ref idref="oc-41c"/>
      </symbol>
      <symbol id="sm-f7a">
         <name>_xdc_runtime_Startup_startMods__I</name>
         <value>0x89bb4</value>
         <object_component_ref idref="oc-346"/>
      </symbol>
      <symbol id="sm-f7b">
         <name>_xdc_runtime_Startup_rtsDone__E</name>
         <value>0x8b6ca</value>
         <object_component_ref idref="oc-2e5"/>
      </symbol>
      <symbol id="sm-f7c">
         <name>_xdc_runtime_Startup_exec__E</name>
         <value>0x8a54c</value>
         <object_component_ref idref="oc-2b5"/>
      </symbol>
      <symbol id="sm-ffe">
         <name>_xdc_runtime_System_formatNum__I</name>
         <value>0x8a3c3</value>
         <object_component_ref idref="oc-416"/>
      </symbol>
      <symbol id="sm-fff">
         <name>_xdc_runtime_System_exit__E</name>
         <value>0x8b004</value>
         <object_component_ref idref="oc-2b8"/>
      </symbol>
      <symbol id="sm-1000">
         <name>_xdc_runtime_System_exitStd__E</name>
         <value>0x8b725</value>
         <object_component_ref idref="oc-30d"/>
      </symbol>
      <symbol id="sm-1001">
         <name>_xdc_runtime_System_printf_va__F</name>
         <value>0x8ab2d</value>
         <object_component_ref idref="oc-347"/>
      </symbol>
      <symbol id="sm-1002">
         <name>_xdc_runtime_System_atexit__E</name>
         <value>0x8a8ab</value>
         <object_component_ref idref="oc-2e8"/>
      </symbol>
      <symbol id="sm-1003">
         <name>_xdc_runtime_System_abortStd__E</name>
         <value>0x8b722</value>
         <object_component_ref idref="oc-442"/>
      </symbol>
      <symbol id="sm-1004">
         <name>_xdc_runtime_System_putchar__I</name>
         <value>0x8ab8f</value>
         <object_component_ref idref="oc-417"/>
      </symbol>
      <symbol id="sm-1005">
         <name>_xdc_runtime_System_snprintf_va__F</name>
         <value>0x8b59b</value>
         <object_component_ref idref="oc-492"/>
      </symbol>
      <symbol id="sm-1006">
         <name>_xdc_runtime_System_Module_startup__E</name>
         <value>0x8b713</value>
         <object_component_ref idref="oc-444"/>
      </symbol>
      <symbol id="sm-1007">
         <name>_xdc_runtime_System_avprintf__E</name>
         <value>0x8aac8</value>
         <object_component_ref idref="oc-483"/>
      </symbol>
      <symbol id="sm-1008">
         <name>_xdc_runtime_System_vprintf__E</name>
         <value>0x8ab2d</value>
         <object_component_ref idref="oc-347"/>
      </symbol>
      <symbol id="sm-1009">
         <name>_xdc_runtime_System_aprintf_va__F</name>
         <value>0x8aac8</value>
         <object_component_ref idref="oc-483"/>
      </symbol>
      <symbol id="sm-100a">
         <name>_xdc_runtime_System_doPrint__I</name>
         <value>0x88000</value>
         <object_component_ref idref="oc-3b5"/>
      </symbol>
      <symbol id="sm-100b">
         <name>_xdc_runtime_System_processAtExit__E</name>
         <value>0x8a847</value>
         <object_component_ref idref="oc-2de"/>
      </symbol>
      <symbol id="sm-100c">
         <name>_xdc_runtime_System_vsnprintf__E</name>
         <value>0x8b59b</value>
         <object_component_ref idref="oc-492"/>
      </symbol>
      <symbol id="sm-100d">
         <name>_xdc_runtime_System_abort__E</name>
         <value>0x8af34</value>
         <object_component_ref idref="oc-3ac"/>
      </symbol>
      <symbol id="sm-102b">
         <name>_xdc_runtime_SysMin_abort__E</name>
         <value>0x8ac32</value>
         <object_component_ref idref="oc-441"/>
      </symbol>
      <symbol id="sm-102c">
         <name>_xdc_runtime_SysMin_ready__E</name>
         <value>0x8b640</value>
         <object_component_ref idref="oc-413"/>
      </symbol>
      <symbol id="sm-102d">
         <name>_xdc_runtime_SysMin_flush__E</name>
         <value>0x8a7b5</value>
         <object_component_ref idref="oc-3d7"/>
      </symbol>
      <symbol id="sm-102e">
         <name>_xdc_runtime_SysMin_Module_startup__E</name>
         <value>0x8adb7</value>
         <object_component_ref idref="oc-445"/>
      </symbol>
      <symbol id="sm-102f">
         <name>_xdc_runtime_SysMin_putch__E</name>
         <value>0x8a999</value>
         <object_component_ref idref="oc-468"/>
      </symbol>
      <symbol id="sm-1030">
         <name>_xdc_runtime_SysMin_exit__E</name>
         <value>0x8af89</value>
         <object_component_ref idref="oc-35a"/>
      </symbol>
      <symbol id="sm-1074">
         <name>_xdc_runtime_Text_putLab__E</name>
         <value>0x8a0af</value>
         <object_component_ref idref="oc-479"/>
      </symbol>
      <symbol id="sm-1075">
         <name>_xdc_runtime_Text_printVisFxn__I</name>
         <value>0x8ac75</value>
         <object_component_ref idref="oc-491"/>
      </symbol>
      <symbol id="sm-1076">
         <name>_xdc_runtime_Text_putMod__E</name>
         <value>0x8a170</value>
         <object_component_ref idref="oc-481"/>
      </symbol>
      <symbol id="sm-1077">
         <name>_xdc_runtime_Text_cordText__E</name>
         <value>0x8ad86</value>
         <object_component_ref idref="oc-39c"/>
      </symbol>
      <symbol id="sm-1078">
         <name>_xdc_runtime_Text_xprintf__I</name>
         <value>0x8a73c</value>
         <object_component_ref idref="oc-482"/>
      </symbol>
      <symbol id="sm-1079">
         <name>_xdc_runtime_Text_visitRope2__I</name>
         <value>0x8a68c</value>
         <object_component_ref idref="oc-499"/>
      </symbol>
      <symbol id="sm-107a">
         <name>_xdc_runtime_Text_ropeText__E</name>
         <value>0x8b5a5</value>
         <object_component_ref idref="oc-3de"/>
      </symbol>
      <symbol id="sm-107b">
         <name>_xdc_runtime_Text_putSite__E</name>
         <value>0x89e8e</value>
         <object_component_ref idref="oc-466"/>
      </symbol>
      <symbol id="sm-1087">
         <name>___xdc__init</name>
         <value>0x8b6d1</value>
         <object_component_ref idref="oc-2b9"/>
      </symbol>
      <symbol id="sm-10a7">
         <name>_xdc_runtime_Registry_findById__E</name>
         <value>0x8adf4</value>
         <object_component_ref idref="oc-48f"/>
      </symbol>
      <symbol id="sm-10c2">
         <name>_c_int00</name>
         <value>0x89cfd</value>
         <object_component_ref idref="oc-87"/>
      </symbol>
      <symbol id="sm-10c3">
         <name>__stack</name>
         <value>0x122</value>
         <object_component_ref idref="oc-256"/>
      </symbol>
      <symbol id="sm-10dc">
         <name>_ti_catalog_c2800_initF2837x_Boot_initFlash</name>
         <value>0xb000</value>
         <object_component_ref idref="oc-3af"/>
      </symbol>
      <symbol id="sm-10dd">
         <name>_ti_catalog_c2800_initF2837x_Boot_defaultLimpAbortFunction</name>
         <value>0x8b734</value>
         <object_component_ref idref="oc-342"/>
      </symbol>
      <symbol id="sm-10de">
         <name>_ti_catalog_c2800_initF2837x_Boot_configurePllDivs</name>
         <value>0x8a028</value>
         <object_component_ref idref="oc-2d7"/>
      </symbol>
      <symbol id="sm-10df">
         <name>_ti_catalog_c2800_initF2837x_Boot_initSharedRAMs</name>
         <value>0x8b608</value>
         <object_component_ref idref="oc-2d8"/>
      </symbol>
      <symbol id="sm-10e0">
         <name>_ti_catalog_c2800_initF2837x_Boot_disableWatchdog</name>
         <value>0x8b600</value>
         <object_component_ref idref="oc-2d6"/>
      </symbol>
      <symbol id="sm-10ec">
         <name>_ti_catalog_c2800_initF2837x_Boot_entry</name>
         <value>0x80000</value>
         <object_component_ref idref="oc-88"/>
      </symbol>
      <symbol id="sm-10f8">
         <name>LL$$AND</name>
         <value>0x8aba7</value>
         <object_component_ref idref="oc-264"/>
      </symbol>
      <symbol id="sm-10f9">
         <name>LL$$OR</name>
         <value>0x8abaf</value>
         <object_component_ref idref="oc-264"/>
      </symbol>
      <symbol id="sm-10fa">
         <name>LL$$XOR</name>
         <value>0x8abb7</value>
         <object_component_ref idref="oc-264"/>
      </symbol>
      <symbol id="sm-1126">
         <name>ULL$$MOD</name>
         <value>0x88ba2</value>
         <object_component_ref idref="oc-269"/>
      </symbol>
      <symbol id="sm-1127">
         <name>ULL$$DIV</name>
         <value>0x88b73</value>
         <object_component_ref idref="oc-269"/>
      </symbol>
      <symbol id="sm-1128">
         <name>LL$$MOD</name>
         <value>0x88b39</value>
         <object_component_ref idref="oc-269"/>
      </symbol>
      <symbol id="sm-1129">
         <name>LL$$DIV</name>
         <value>0x88afd</value>
         <object_component_ref idref="oc-269"/>
      </symbol>
      <symbol id="sm-1138">
         <name>_copy_in</name>
         <value>0x8a800</value>
         <object_component_ref idref="oc-2b4"/>
      </symbol>
      <symbol id="sm-1149">
         <name>_memcpy</name>
         <value>0x8a9b6</value>
         <object_component_ref idref="oc-2d9"/>
      </symbol>
      <symbol id="sm-1155">
         <name>__system_pre_init</name>
         <value>0x8b732</value>
         <object_component_ref idref="oc-2b2"/>
      </symbol>
      <symbol id="sm-1162">
         <name>__system_post_cinit</name>
         <value>0x8b739</value>
         <object_component_ref idref="oc-2b6"/>
      </symbol>
      <symbol id="sm-1176">
         <name>C$$EXIT</name>
         <value>0x8a765</value>
         <object_component_ref idref="oc-35b"/>
      </symbol>
      <symbol id="sm-1177">
         <name>_exit</name>
         <value>0x8a767</value>
         <object_component_ref idref="oc-35b"/>
      </symbol>
      <symbol id="sm-1178">
         <name>___TI_cleanup_ptr</name>
         <value>0x9226</value>
         <object_component_ref idref="oc-284"/>
      </symbol>
      <symbol id="sm-1179">
         <name>___TI_enable_exit_profile_output</name>
         <value>0x9224</value>
         <object_component_ref idref="oc-284"/>
      </symbol>
      <symbol id="sm-117a">
         <name>_abort</name>
         <value>0x8a765</value>
         <object_component_ref idref="oc-35b"/>
      </symbol>
      <symbol id="sm-117b">
         <name>___TI_dtors_ptr</name>
         <value>0x9228</value>
         <object_component_ref idref="oc-284"/>
      </symbol>
      <symbol id="sm-118f">
         <name>__unlock</name>
         <value>0x913e</value>
         <object_component_ref idref="oc-376"/>
      </symbol>
      <symbol id="sm-1190">
         <name>__lock</name>
         <value>0x913c</value>
         <object_component_ref idref="oc-377"/>
      </symbol>
      <symbol id="sm-1191">
         <name>__register_lock</name>
         <value>0x8b5fb</value>
         <object_component_ref idref="oc-325"/>
      </symbol>
      <symbol id="sm-1192">
         <name>__nop</name>
         <value>0x8b5ff</value>
         <object_component_ref idref="oc-325"/>
      </symbol>
      <symbol id="sm-1193">
         <name>__register_unlock</name>
         <value>0x8b5f7</value>
         <object_component_ref idref="oc-325"/>
      </symbol>
      <symbol id="sm-11a2">
         <name>__args_main</name>
         <value>0x8ab46</value>
         <object_component_ref idref="oc-2b7"/>
      </symbol>
      <symbol id="sm-11b0">
         <name>_memset</name>
         <value>0x8af95</value>
         <object_component_ref idref="oc-3ce"/>
      </symbol>
      <symbol id="sm-11c6">
         <name>_strlen</name>
         <value>0x8b648</value>
         <object_component_ref idref="oc-415"/>
      </symbol>
      <symbol id="sm-11d3">
         <name>_HOSTwrite</name>
         <value>0x8a31b</value>
         <object_component_ref idref="oc-47f"/>
      </symbol>
      <symbol id="sm-11ec">
         <name>___TI_readmsg</name>
         <value>0x89458</value>
         <object_component_ref idref="oc-48c"/>
      </symbol>
      <symbol id="sm-11ed">
         <name>C$$IO$$</name>
         <value>0x89453</value>
         <object_component_ref idref="oc-48c"/>
      </symbol>
      <symbol id="sm-11ee">
         <name>__CIOBUF_</name>
         <value>0x9240</value>
         <object_component_ref idref="oc-2a8"/>
      </symbol>
      <symbol id="sm-11ef">
         <name>___TI_writemsg</name>
         <value>0x89400</value>
         <object_component_ref idref="oc-48c"/>
      </symbol>
      <symbol id="sm-11fb">
         <name>_parmbuf</name>
         <value>0x9214</value>
         <object_component_ref idref="oc-48b"/>
      </symbol>
   </symbol_table>
   <title>Link successful</title>
</link_info>
