******************************************************************************
             TMS320C2000 Linker PC v18.12.1                    
******************************************************************************
>> Linked Thu Sep 19 22:37:39 2019

OUTPUT FILE NAME:   <RTOSdemo.out>
ENTRY POINT SYMBOL: "_c_int00"  address: 00089fe7


MEMORY CONFIGURATION

         name            origin    length      used     unused   attr    fill
----------------------  --------  ---------  --------  --------  ----  --------
PAGE 0:
  D01SARAM              0000b000   00001000  00000027  00000fd9  RWIX
  BEGIN                 00080000   00000004  00000004  00000000  RWIX
  FLASHA                00080004   00001ffc  00001ee0  0000011c  RWIX
  FLASHB                00082000   00002000  00000455  00001bab  RWIX
  FLASHC                00084000   00002000  00000000  00002000  RWIX
  FLASHD                00086000   00002000  00000000  00002000  RWIX
  FLASHE                00088000   00008000  00003b11  000044ef  RWIX
  FLASHF                00090000   00008000  00000000  00008000  RWIX
  FLASHG                00098000   00008000  00000000  00008000  RWIX
  FLASHH                000a0000   00008000  00000000  00008000  RWIX
  FLASHI                000a8000   00008000  00000000  00008000  RWIX
  FLASHJ                000b0000   00008000  00000000  00008000  RWIX
  FLASHK                000b8000   00002000  00000000  00002000  RWIX
  FLASHL                000ba000   00002000  00000000  00002000  RWIX
  FLASHM                000bc000   00002000  00000000  00002000  RWIX
  FLASHN                000be000   00002000  00000000  00002000  RWIX
  RESET                 003fffc0   00000002  00000000  00000002  RWIX

PAGE 1:
  BOOT_RSVD             00000002   00000120  00000000  00000120  RWIX
  M01SARAM              00000122   000006de  00000100  000005de  RWIX
  ADCA_RESULT           00000b00   00000020  00000018  00000008  RWIX
  ADCB_RESULT           00000b20   00000020  00000018  00000008  RWIX
  ADCC_RESULT           00000b40   00000020  00000018  00000008  RWIX
  ADCD_RESULT           00000b60   00000020  00000018  00000008  RWIX
  CPU_TIMER0            00000c00   00000008  00000008  00000000  RWIX
  CPU_TIMER1            00000c08   00000008  00000008  00000000  RWIX
  CPU_TIMER2            00000c10   00000008  00000008  00000000  RWIX
  PIE_CTRL              00000ce0   00000020  0000001a  00000006  RWIX
  PIE_VECT              00000d00   00000200  00000000  00000200  RWIX
  DMA                   00001000   00000200  000000e0  00000120  RWIX
  CLA1                  00001400   00000040  00000000  00000040  RWIX
  EPWM1                 00004000   00000100  00000100  00000000  RWIX
  EPWM2                 00004100   00000100  00000100  00000000  RWIX
  EPWM3                 00004200   00000100  00000100  00000000  RWIX
  EPWM4                 00004300   00000100  00000100  00000000  RWIX
  EPWM5                 00004400   00000100  00000100  00000000  RWIX
  EPWM6                 00004500   00000100  00000100  00000000  RWIX
  EPWM7                 00004600   00000100  00000100  00000000  RWIX
  EPWM8                 00004700   00000100  00000100  00000000  RWIX
  EPWM9                 00004800   00000100  00000100  00000000  RWIX
  EPWM10                00004900   00000100  00000100  00000000  RWIX
  EPWM11                00004a00   00000100  00000100  00000000  RWIX
  EPWM12                00004b00   00000100  00000100  00000000  RWIX
  ECAP1                 00005000   00000020  00000020  00000000  RWIX
  ECAP2                 00005020   00000020  00000020  00000000  RWIX
  ECAP3                 00005040   00000020  00000020  00000000  RWIX
  ECAP4                 00005060   00000020  00000020  00000000  RWIX
  ECAP5                 00005080   00000020  00000020  00000000  RWIX
  ECAP6                 000050a0   00000020  00000020  00000000  RWIX
  EQEP1                 00005100   00000040  00000022  0000001e  RWIX
  EQEP2                 00005140   00000040  00000022  0000001e  RWIX
  EQEP3                 00005180   00000040  00000022  0000001e  RWIX
  DACA                  00005c00   00000010  00000008  00000008  RWIX
  DACB                  00005c10   00000010  00000008  00000008  RWIX
  DACC                  00005c20   00000010  00000008  00000008  RWIX
  CMPSS1                00005c80   00000020  00000020  00000000  RWIX
  CMPSS2                00005ca0   00000020  00000020  00000000  RWIX
  CMPSS3                00005cc0   00000020  00000020  00000000  RWIX
  CMPSS4                00005ce0   00000020  00000020  00000000  RWIX
  CMPSS5                00005d00   00000020  00000020  00000000  RWIX
  CMPSS6                00005d20   00000020  00000020  00000000  RWIX
  CMPSS7                00005d40   00000020  00000020  00000000  RWIX
  CMPSS8                00005d60   00000020  00000020  00000000  RWIX
  SDFM1                 00005e00   00000080  00000080  00000000  RWIX
  SDFM2                 00005e80   00000080  00000080  00000000  RWIX
  MCBSPA                00006000   00000040  00000024  0000001c  RWIX
  MCBSPB                00006040   00000040  00000024  0000001c  RWIX
  SPIA                  00006100   00000010  00000010  00000000  RWIX
  SPIB                  00006110   00000010  00000010  00000000  RWIX
  SPIC                  00006120   00000010  00000010  00000000  RWIX
  SPID                  00006130   00000010  00000000  00000010  RWIX
  UPP                   00006200   00000100  00000048  000000b8  RWIX
  WD                    00007000   00000040  0000002b  00000015  RWIX
  NMIINTRUPT            00007060   00000010  00000007  00000009  RWIX
  XINT                  00007070   00000010  0000000b  00000005  RWIX
  SCIA                  00007200   00000010  00000010  00000000  RWIX
  SCIB                  00007210   00000010  00000010  00000000  RWIX
  SCIC                  00007220   00000010  00000010  00000000  RWIX
  SCID                  00007230   00000010  00000010  00000000  RWIX
  I2CA                  00007300   00000040  00000022  0000001e  RWIX
  I2CB                  00007340   00000040  00000022  0000001e  RWIX
  ADCA                  00007400   00000080  00000080  00000000  RWIX
  ADCB                  00007480   00000080  00000080  00000000  RWIX
  ADCC                  00007500   00000080  00000080  00000000  RWIX
  ADCD                  00007580   00000080  00000080  00000000  RWIX
  INPUT_XBAR            00007900   00000020  00000020  00000000  RWIX
  XBAR                  00007920   00000020  00000020  00000000  RWIX
  SYNC_SOC              00007940   00000010  00000006  0000000a  RWIX
  DMACLASRCSEL          00007980   00000040  0000001a  00000026  RWIX
  EPWM_XBAR             00007a00   00000040  00000040  00000000  RWIX
  CLB_XBAR              00007a40   00000040  00000000  00000040  RWIX
  OUTPUT_XBAR           00007a80   00000040  00000040  00000000  RWIX
  GPIOCTRL              00007c00   00000180  00000180  00000000  RWIX
  GPIODAT               00007f00   00000030  00000030  00000000  RWIX
  LS05SARAM             00008000   00003000  00001377  00001c89  RWIX
  RAMGS0                0000c000   00001000  00000000  00001000  RWIX
  RAMGS1                0000d000   00001000  00000000  00001000  RWIX
  RAMGS2                0000e000   00001000  00000000  00001000  RWIX
  RAMGS3                0000f000   00001000  00000000  00001000  RWIX
  RAMGS4                00010000   00001000  00000000  00001000  RWIX
  RAMGS5                00011000   00001000  00000000  00001000  RWIX
  RAMGS6                00012000   00001000  00000000  00001000  RWIX
  RAMGS7                00013000   00001000  00000000  00001000  RWIX
  RAMGS8                00014000   00001000  00000000  00001000  RWIX
  RAMGS9                00015000   00001000  00000000  00001000  RWIX
  RAMGS10               00016000   00001000  00000000  00001000  RWIX
  RAMGS11               00017000   00001000  00000000  00001000  RWIX
  RAMGS12               00018000   00001000  00000000  00001000  RWIX
  RAMGS13               00019000   00001000  00000000  00001000  RWIX
  RAMGS14               0001a000   00001000  00000000  00001000  RWIX
  RAMGS15               0001b000   00001000  00000000  00001000  RWIX
  CPU2TOCPU1RAM         0003f800   00000400  00000000  00000400  RWIX
  CPU1TOCPU2RAM         0003fc00   00000400  00000088  00000378  RWIX
  EMIF1                 00047000   00000800  00000070  00000790  RWIX
  EMIF2                 00047800   00000800  00000070  00000790  RWIX
  CANA                  00048000   00000800  00000000  00000800  RWIX
  CANB                  0004a000   00000800  00000000  00000800  RWIX
  IPC                   00050000   00000024  00000024  00000000  RWIX
  FLASHPUMPSEMAPHORE    00050024   00000002  00000002  00000000  RWIX
  DEV_CFG               0005d000   00000180  0000012e  00000052  RWIX
  ANALOG_SUBSYS         0005d180   00000080  00000048  00000038  RWIX
  CLK_CFG               0005d200   00000100  00000032  000000ce  RWIX
  CPU_SYS               0005d300   00000100  00000082  0000007e  RWIX
  ROMPREFETCH           0005e608   00000002  00000002  00000000  RWIX
  DCSM_Z1               0005f000   00000030  00000024  0000000c  RWIX
  DCSM_Z2               0005f040   00000030  00000024  0000000c  RWIX
  DCSM_COMMON           0005f070   00000010  00000008  00000008  RWIX
  MEMCFG                0005f400   00000080  00000080  00000000  RWIX
  EMIF1CONFIG           0005f480   00000020  00000020  00000000  RWIX
  EMIF2CONFIG           0005f4a0   00000020  00000020  00000000  RWIX
  ACCESSPROTECTION      0005f4c0   00000040  00000040  00000000  RWIX
  MEMORYERROR           0005f500   00000040  00000040  00000000  RWIX
  ROMWAITSTATE          0005f540   00000002  00000002  00000000  RWIX
  FLASH0_CTRL           0005f800   00000300  00000182  0000017e  RWIX
  FLASH0_ECC            0005fb00   00000040  00000028  00000018  RWIX
  DCSM_Z1_OTP           00078000   00000020  00000020  00000000  RWIX
  DCSM_Z2_OTP           00078200   00000020  00000020  00000000  RWIX


SECTION ALLOCATION MAP

 output                                  attributes/
section   page    origin      length       input sections
--------  ----  ----------  ----------   ----------------
PieVectTableFile 
*          0    00000d00    000001c0     DSECT
                  00000d00    000001c0     F2837xD_GlobalVariableDefs.obj (PieVectTableFile)

EmuKeyVar 
*          0    00000d00    00000001     DSECT
                  00000d00    00000001     F2837xD_GlobalVariableDefs.obj (EmuKeyVar)

EmuBModeVar 
*          0    00000d01    00000001     DSECT
                  00000d01    00000001     F2837xD_GlobalVariableDefs.obj (EmuBModeVar)

FlashCallbackVar 
*          0    00000d02    00000000     DSECT

FlashScalingVar 
*          0    00000d02    00000000     DSECT

AdcaResultFile 
*          1    00000b00    00000018     UNINITIALIZED
                  00000b00    00000018     F2837xD_GlobalVariableDefs.obj (AdcaResultFile)

AdcbResultFile 
*          1    00000b20    00000018     UNINITIALIZED
                  00000b20    00000018     F2837xD_GlobalVariableDefs.obj (AdcbResultFile)

AdccResultFile 
*          1    00000b40    00000018     UNINITIALIZED
                  00000b40    00000018     F2837xD_GlobalVariableDefs.obj (AdccResultFile)

AdcdResultFile 
*          1    00000b60    00000018     UNINITIALIZED
                  00000b60    00000018     F2837xD_GlobalVariableDefs.obj (AdcdResultFile)

AdcaRegsFile 
*          1    00007400    00000080     UNINITIALIZED
                  00007400    00000080     F2837xD_GlobalVariableDefs.obj (AdcaRegsFile)

AdcbRegsFile 
*          1    00007480    00000080     UNINITIALIZED
                  00007480    00000080     F2837xD_GlobalVariableDefs.obj (AdcbRegsFile)

AdccRegsFile 
*          1    00007500    00000080     UNINITIALIZED
                  00007500    00000080     F2837xD_GlobalVariableDefs.obj (AdccRegsFile)

AdcdRegsFile 
*          1    00007580    00000080     UNINITIALIZED
                  00007580    00000080     F2837xD_GlobalVariableDefs.obj (AdcdRegsFile)

AnalogSubsysRegsFile 
*          1    0005d180    00000048     UNINITIALIZED
                  0005d180    00000048     F2837xD_GlobalVariableDefs.obj (AnalogSubsysRegsFile)

Cla1SoftIntRegsFile 
*          1    00000ce0    00000000     DSECT

.ti_catalog_c2800_initF2837x_begin 
*          0    00080000    00000002     
                  00080000    00000002     Boot.a28FP : Boot_asm.o28FP (.ti_catalog_c2800_initF2837x_begin)

codestart 
*          0    00080002    00000002     
                  00080002    00000002     F2837xD_CodeStartBranch.obj (codestart)

.TI.ramfunc 
*          0    0008002c    0000002d     RUN ADDR = 0000922a
                  0008002c    00000029     F2837xD_SysCtrl.obj (.TI.ramfunc:_InitFlash)
                  00080055    00000004     F2837xD_usDelay.obj (.TI.ramfunc)

.econst    0    0008005a    00001e5e     
                  0008005a    00001794     app_p28FP.o28FP (.econst:xdc_runtime_Text_charTab__A)
                  000817ee    000001c0     app_p28FP.o28FP (.econst:_ti_sysbios_family_c28_Hwi_vectors)
                  000819ae    0000006b     app_p28FP.o28FP (.econst:.string)
                  00081a19    00000001     app_p28FP.o28FP (.econst:ti_sysbios_family_c28_Hwi_Module__id__C)
                  00081a1a    00000058     ti.targets.rts2800.a28FP : Error.o28FP (.econst:.string)
                  00081a72    00000056     app_p28FP.o28FP (.econst:xdc_runtime_Text_nodeTab__A)
                  00081ac8    00000050     main.obj (.econst:.string)
                  00081b18    00000047     ti.targets.rts2800.a28FP : Log.o28FP (.econst:.string)
                  00081b5f    00000001     app_p28FP.o28FP (.econst:ti_sysbios_family_c28_Hwi_Module__loggerDefined__C)
                  00081b60    00000043     ti.targets.rts2800.a28FP : Text.o28FP (.econst:.string)
                  00081ba3    00000001     app_p28FP.o28FP (.econst:ti_sysbios_family_c28_Hwi_NUM_INTERRUPTS_ALL__C)
                  00081ba4    0000002a     ti.targets.rts2800.a28FP : Startup.o28FP (.econst:.string)
                  00081bce    00000020     app_p28FP.o28FP (.econst:ti_sysbios_knl_Task_Object__PARAMS__C)
                  00081bee    0000001e     app_p28FP.o28FP (.econst:xdc_runtime_LoggerBuf_Module__FXNS__C)
                  00081c0c    00000019     ti.targets.rts2800.a28FP : System.o28FP (.econst:.string)
                  00081c25    00000001     app_p28FP.o28FP (.econst:ti_sysbios_family_c28_Hwi_Object__count__C)
                  00081c26    00000014     app_p28FP.o28FP (.econst:ti_sysbios_heaps_HeapMem_Module__FXNS__C)
                  00081c3a    00000014     app_p28FP.o28FP (.econst:xdc_runtime_Startup_sfxnTab__A)
                  00081c4e    00000012     app_p28FP.o28FP (.econst:ti_sysbios_gates_GateHwi_Module__FXNS__C)
                  00081c60    00000012     app_p28FP.o28FP (.econst:ti_sysbios_gates_GateMutex_Module__FXNS__C)
                  00081c72    00000012     app_p28FP.o28FP (.econst:ti_sysbios_heaps_HeapMem_Object__PARAMS__C)
                  00081c84    00000012     app_p28FP.o28FP (.econst:ti_sysbios_knl_Clock_Object__PARAMS__C)
                  00081c96    00000012     app_p28FP.o28FP (.econst:ti_sysbios_knl_Swi_Object__PARAMS__C)
                  00081ca8    00000012     app_p28FP.o28FP (.econst:xdc_runtime_LoggerBuf_Object__PARAMS__C)
                  00081cba    00000010     app_p28FP.o28FP (.econst:ti_sysbios_gates_GateHwi_Object__DESC__C)
                  00081cca    00000010     app_p28FP.o28FP (.econst:ti_sysbios_gates_GateMutex_Object__DESC__C)
                  00081cda    00000010     app_p28FP.o28FP (.econst:ti_sysbios_heaps_HeapMem_Object__DESC__C)
                  00081cea    00000010     app_p28FP.o28FP (.econst:ti_sysbios_knl_Clock_Object__DESC__C)
                  00081cfa    00000010     app_p28FP.o28FP (.econst:ti_sysbios_knl_Queue_Object__DESC__C)
                  00081d0a    00000010     app_p28FP.o28FP (.econst:ti_sysbios_knl_Semaphore_Object__DESC__C)
                  00081d1a    00000010     app_p28FP.o28FP (.econst:ti_sysbios_knl_Semaphore_Object__PARAMS__C)
                  00081d2a    00000010     app_p28FP.o28FP (.econst:ti_sysbios_knl_Swi_Object__DESC__C)
                  00081d3a    00000010     app_p28FP.o28FP (.econst:ti_sysbios_knl_Task_Object__DESC__C)
                  00081d4a    00000010     app_p28FP.o28FP (.econst:xdc_runtime_LoggerBuf_Object__DESC__C)
                  00081d5a    0000000c     app_p28FP.o28FP (.econst:ti_sysbios_gates_GateHwi_Object__PARAMS__C)
                  00081d66    0000000c     app_p28FP.o28FP (.econst:ti_sysbios_gates_GateMutex_Object__PARAMS__C)
                  00081d72    0000000c     app_p28FP.o28FP (.econst:ti_sysbios_knl_Queue_Object__PARAMS__C)
                  00081d7e    0000000a     app_p28FP.o28FP (.econst:xdc_runtime_Startup_sfxnRts__A)
                  00081d88    00000006     app_p28FP.o28FP (.econst:xdc_runtime_Startup_firstFxns__A)
                  00081d8e    00000005     ti.targets.rts2800.a28FP : Assert.o28FP (.econst:.string)
                  00081d93    00000001     app_p28FP.o28FP (.econst:ti_sysbios_family_c28_TaskSupport_Module__id__C)
                  00081d94    00000004     app_p28FP.o28FP (.econst:ti_sysbios_knl_Idle_funcList__C)
                  00081d98    00000004     app_p28FP.o28FP (.econst:xdc_runtime_Startup_firstFxns__C)
                  00081d9c    00000004     app_p28FP.o28FP (.econst:xdc_runtime_Startup_lastFxns__C)
                  00081da0    00000002     app_p28FP.o28FP (.econst:ti_sysbios_family_c28_Hwi_A_badIntNum__C)
                  00081da2    00000002     app_p28FP.o28FP (.econst:ti_sysbios_family_c28_Hwi_A_invalidArg__C)
                  00081da4    00000002     app_p28FP.o28FP (.econst:ti_sysbios_family_c28_Hwi_E_unpluggedInterrupt__C)
                  00081da6    00000002     app_p28FP.o28FP (.econst:ti_sysbios_family_c28_Hwi_LD_end__C)
                  00081da8    00000002     app_p28FP.o28FP (.econst:ti_sysbios_family_c28_Hwi_LM_begin__C)
                  00081daa    00000002     app_p28FP.o28FP (.econst:ti_sysbios_family_c28_Hwi_Module__diagsEnabled__C)
                  00081dac    00000002     app_p28FP.o28FP (.econst:ti_sysbios_family_c28_Hwi_Module__diagsIncluded__C)
                  00081dae    00000002     app_p28FP.o28FP (.econst:ti_sysbios_family_c28_Hwi_Module__diagsMask__C)
                  00081db0    00000002     app_p28FP.o28FP (.econst:ti_sysbios_family_c28_Hwi_Module__loggerFxn1__C)
                  00081db2    00000002     app_p28FP.o28FP (.econst:ti_sysbios_family_c28_Hwi_Module__loggerFxn8__C)
                  00081db4    00000002     app_p28FP.o28FP (.econst:ti_sysbios_family_c28_Hwi_Module__loggerObj__C)
                  00081db6    00000002     app_p28FP.o28FP (.econst:ti_sysbios_family_c28_TaskSupport_E_invalidStack__C)
                  00081db8    00000002     app_p28FP.o28FP (.econst:ti_sysbios_gates_GateMutex_A_badContext__C)
                  00081dba    00000002     app_p28FP.o28FP (.econst:ti_sysbios_gates_GateMutex_Instance_State_sem__O)
                  00081dbc    00000002     app_p28FP.o28FP (.econst:ti_sysbios_gates_GateMutex_Module__diagsEnabled__C)
                  00081dbe    00000002     app_p28FP.o28FP (.econst:ti_sysbios_gates_GateMutex_Module__diagsIncluded__C)
                  00081dc0    00000002     app_p28FP.o28FP (.econst:ti_sysbios_gates_GateMutex_Module__diagsMask__C)
                  00081dc2    00000002     app_p28FP.o28FP (.econst:ti_sysbios_hal_Hwi_E_stackOverflow__C)
                  00081dc4    00000002     app_p28FP.o28FP (.econst:ti_sysbios_heaps_HeapMem_A_align__C)
                  00081dc6    00000002     app_p28FP.o28FP (.econst:ti_sysbios_heaps_HeapMem_A_heapSize__C)
                  00081dc8    00000002     app_p28FP.o28FP (.econst:ti_sysbios_heaps_HeapMem_A_invalidFree__C)
                  00081dca    00000002     app_p28FP.o28FP (.econst:ti_sysbios_heaps_HeapMem_A_zeroBlock__C)
                  00081dcc    00000002     app_p28FP.o28FP (.econst:ti_sysbios_heaps_HeapMem_E_memory__C)
                  00081dce    00000002     app_p28FP.o28FP (.econst:ti_sysbios_heaps_HeapMem_Module__diagsEnabled__C)
                  00081dd0    00000002     app_p28FP.o28FP (.econst:ti_sysbios_heaps_HeapMem_Module__diagsIncluded__C)
                  00081dd2    00000002     app_p28FP.o28FP (.econst:ti_sysbios_heaps_HeapMem_Module__diagsMask__C)
                  00081dd4    00000002     app_p28FP.o28FP (.econst:ti_sysbios_heaps_HeapMem_Module__gateObj__C)
                  00081dd6    00000002     app_p28FP.o28FP (.econst:ti_sysbios_heaps_HeapMem_reqAlign__C)
                  00081dd8    00000002     app_p28FP.o28FP (.econst:ti_sysbios_knl_Clock_A_badThreadType__C)
                  00081dda    00000002     app_p28FP.o28FP (.econst:ti_sysbios_knl_Clock_LM_begin__C)
                  00081ddc    00000002     app_p28FP.o28FP (.econst:ti_sysbios_knl_Clock_LM_tick__C)
                  00081dde    00000002     app_p28FP.o28FP (.econst:ti_sysbios_knl_Clock_LW_delayed__C)
                  00081de0    00000002     app_p28FP.o28FP (.econst:ti_sysbios_knl_Clock_Module_State_clockQ__O)
                  00081de2    00000002     app_p28FP.o28FP (.econst:ti_sysbios_knl_Clock_Module__diagsEnabled__C)
                  00081de4    00000002     app_p28FP.o28FP (.econst:ti_sysbios_knl_Clock_Module__diagsIncluded__C)
                  00081de6    00000002     app_p28FP.o28FP (.econst:ti_sysbios_knl_Clock_Module__diagsMask__C)
                  00081de8    00000002     app_p28FP.o28FP (.econst:ti_sysbios_knl_Clock_Module__loggerFxn1__C)
                  00081dea    00000002     app_p28FP.o28FP (.econst:ti_sysbios_knl_Clock_Module__loggerFxn2__C)
                  00081dec    00000002     app_p28FP.o28FP (.econst:ti_sysbios_knl_Clock_Module__loggerObj__C)
                  00081dee    00000002     app_p28FP.o28FP (.econst:ti_sysbios_knl_Idle_funcList__A)
                  00081df0    00000002     app_p28FP.o28FP (.econst:ti_sysbios_knl_Semaphore_A_badContext__C)
                  00081df2    00000002     app_p28FP.o28FP (.econst:ti_sysbios_knl_Semaphore_A_noEvents__C)
                  00081df4    00000002     app_p28FP.o28FP (.econst:ti_sysbios_knl_Semaphore_A_overflow__C)
                  00081df6    00000002     app_p28FP.o28FP (.econst:ti_sysbios_knl_Semaphore_A_pendTaskDisabled__C)
                  00081df8    00000002     app_p28FP.o28FP (.econst:ti_sysbios_knl_Semaphore_Instance_State_pendQ__O)
                  00081dfa    00000002     app_p28FP.o28FP (.econst:ti_sysbios_knl_Semaphore_LM_pend__C)
                  00081dfc    00000002     app_p28FP.o28FP (.econst:ti_sysbios_knl_Semaphore_LM_post__C)
                  00081dfe    00000002     app_p28FP.o28FP (.econst:ti_sysbios_knl_Semaphore_Module__diagsEnabled__C)
                  00081e00    00000002     app_p28FP.o28FP (.econst:ti_sysbios_knl_Semaphore_Module__diagsIncluded__C)
                  00081e02    00000002     app_p28FP.o28FP (.econst:ti_sysbios_knl_Semaphore_Module__diagsMask__C)
                  00081e04    00000002     app_p28FP.o28FP (.econst:ti_sysbios_knl_Semaphore_Module__loggerFxn2__C)
                  00081e06    00000002     app_p28FP.o28FP (.econst:ti_sysbios_knl_Semaphore_Module__loggerFxn4__C)
                  00081e08    00000002     app_p28FP.o28FP (.econst:ti_sysbios_knl_Semaphore_Module__loggerObj__C)
                  00081e0a    00000002     app_p28FP.o28FP (.econst:ti_sysbios_knl_Swi_A_badPriority__C)
                  00081e0c    00000002     app_p28FP.o28FP (.econst:ti_sysbios_knl_Swi_LD_end__C)
                  00081e0e    00000002     app_p28FP.o28FP (.econst:ti_sysbios_knl_Swi_LM_begin__C)
                  00081e10    00000002     app_p28FP.o28FP (.econst:ti_sysbios_knl_Swi_LM_post__C)
                  00081e12    00000002     app_p28FP.o28FP (.econst:ti_sysbios_knl_Swi_Module__diagsEnabled__C)
                  00081e14    00000002     app_p28FP.o28FP (.econst:ti_sysbios_knl_Swi_Module__diagsIncluded__C)
                  00081e16    00000002     app_p28FP.o28FP (.econst:ti_sysbios_knl_Swi_Module__diagsMask__C)
                  00081e18    00000002     app_p28FP.o28FP (.econst:ti_sysbios_knl_Swi_Module__loggerFxn1__C)
                  00081e1a    00000002     app_p28FP.o28FP (.econst:ti_sysbios_knl_Swi_Module__loggerFxn4__C)
                  00081e1c    00000002     app_p28FP.o28FP (.econst:ti_sysbios_knl_Swi_Module__loggerObj__C)
                  00081e1e    00000002     app_p28FP.o28FP (.econst:ti_sysbios_knl_Task_A_badPriority__C)
                  00081e20    00000002     app_p28FP.o28FP (.econst:ti_sysbios_knl_Task_A_badTaskState__C)
                  00081e22    00000002     app_p28FP.o28FP (.econst:ti_sysbios_knl_Task_A_badThreadType__C)
                  00081e24    00000002     app_p28FP.o28FP (.econst:ti_sysbios_knl_Task_A_badTimeout__C)
                  00081e26    00000002     app_p28FP.o28FP (.econst:ti_sysbios_knl_Task_A_noPendElem__C)
                  00081e28    00000002     app_p28FP.o28FP (.econst:ti_sysbios_knl_Task_A_sleepTaskDisabled__C)
                  00081e2a    00000002     app_p28FP.o28FP (.econst:ti_sysbios_knl_Task_E_spOutOfBounds__C)
                  00081e2c    00000002     app_p28FP.o28FP (.econst:ti_sysbios_knl_Task_E_stackOverflow__C)
                  00081e2e    00000002     app_p28FP.o28FP (.econst:ti_sysbios_knl_Task_LD_block__C)
                  00081e30    00000002     app_p28FP.o28FP (.econst:ti_sysbios_knl_Task_LD_exit__C)
                  00081e32    00000002     app_p28FP.o28FP (.econst:ti_sysbios_knl_Task_LD_ready__C)
                  00081e34    00000002     app_p28FP.o28FP (.econst:ti_sysbios_knl_Task_LM_sleep__C)
                  00081e36    00000002     app_p28FP.o28FP (.econst:ti_sysbios_knl_Task_LM_switch__C)
                  00081e38    00000002     app_p28FP.o28FP (.econst:ti_sysbios_knl_Task_Module_State_inactiveQ__O)
                  00081e3a    00000002     app_p28FP.o28FP (.econst:ti_sysbios_knl_Task_Module__diagsEnabled__C)
                  00081e3c    00000002     app_p28FP.o28FP (.econst:ti_sysbios_knl_Task_Module__diagsIncluded__C)
                  00081e3e    00000002     app_p28FP.o28FP (.econst:ti_sysbios_knl_Task_Module__diagsMask__C)
                  00081e40    00000002     app_p28FP.o28FP (.econst:ti_sysbios_knl_Task_Module__loggerFxn2__C)
                  00081e42    00000002     app_p28FP.o28FP (.econst:ti_sysbios_knl_Task_Module__loggerFxn4__C)
                  00081e44    00000002     app_p28FP.o28FP (.econst:ti_sysbios_knl_Task_Module__loggerObj__C)
                  00081e46    00000002     app_p28FP.o28FP (.econst:ti_sysbios_knl_Task_allBlockedFunc__C)
                  00081e48    00000002     app_p28FP.o28FP (.econst:ti_sysbios_knl_Task_defaultStackHeap__C)
                  00081e4a    00000002     app_p28FP.o28FP (.econst:ti_sysbios_knl_Task_defaultStackSize__C)
                  00081e4c    00000002     app_p28FP.o28FP (.econst:xdc_runtime_Assert_E_assertFailed__C)
                  00081e4e    00000002     app_p28FP.o28FP (.econst:xdc_runtime_Core_A_initializedParams__C)
                  00081e50    00000002     app_p28FP.o28FP (.econst:xdc_runtime_Core_Module__diagsEnabled__C)
                  00081e52    00000002     app_p28FP.o28FP (.econst:xdc_runtime_Core_Module__diagsIncluded__C)
                  00081e54    00000002     app_p28FP.o28FP (.econst:xdc_runtime_Core_Module__diagsMask__C)
                  00081e56    00000002     app_p28FP.o28FP (.econst:xdc_runtime_Error_E_memory__C)
                  00081e58    00000002     app_p28FP.o28FP (.econst:xdc_runtime_Error_Module__diagsEnabled__C)
                  00081e5a    00000002     app_p28FP.o28FP (.econst:xdc_runtime_Error_Module__diagsIncluded__C)
                  00081e5c    00000002     app_p28FP.o28FP (.econst:xdc_runtime_Error_Module__diagsMask__C)
                  00081e5e    00000002     app_p28FP.o28FP (.econst:xdc_runtime_Error_Module__loggerFxn8__C)
                  00081e60    00000002     app_p28FP.o28FP (.econst:xdc_runtime_Error_Module__loggerObj__C)
                  00081e62    00000002     app_p28FP.o28FP (.econst:xdc_runtime_Error_policyFxn__C)
                  00081e64    00000002     app_p28FP.o28FP (.econst:xdc_runtime_Error_raiseHook__C)
                  00081e66    00000002     app_p28FP.o28FP (.econst:xdc_runtime_IFilterLogger_Interface__BASE__C)
                  00081e68    00000002     app_p28FP.o28FP (.econst:xdc_runtime_IGateProvider_Interface__BASE__C)
                  00081e6a    00000002     app_p28FP.o28FP (.econst:xdc_runtime_IHeap_Interface__BASE__C)
                  00081e6c    00000002     app_p28FP.o28FP (.econst:xdc_runtime_ILogger_Interface__BASE__C)
                  00081e6e    00000002     app_p28FP.o28FP (.econst:xdc_runtime_IModule_Interface__BASE__C)
                  00081e70    00000002     app_p28FP.o28FP (.econst:xdc_runtime_Log_L_error__C)
                  00081e72    00000002     app_p28FP.o28FP (.econst:xdc_runtime_LoggerBuf_E_badLevel__C)
                  00081e74    00000002     app_p28FP.o28FP (.econst:xdc_runtime_LoggerBuf_Module__gateObj__C)
                  00081e76    00000002     app_p28FP.o28FP (.econst:xdc_runtime_LoggerBuf_statusLogger__C)
                  00081e78    00000002     app_p28FP.o28FP (.econst:xdc_runtime_Memory_defaultHeapInstance__C)
                  00081e7a    00000002     app_p28FP.o28FP (.econst:xdc_runtime_Startup_execImpl__C)
                  00081e7c    00000002     app_p28FP.o28FP (.econst:xdc_runtime_Startup_sfxnRts__C)
                  00081e7e    00000002     app_p28FP.o28FP (.econst:xdc_runtime_Startup_sfxnTab__C)
                  00081e80    00000002     app_p28FP.o28FP (.econst:xdc_runtime_SysMin_bufSize__C)
                  00081e82    00000002     app_p28FP.o28FP (.econst:xdc_runtime_SysMin_outputFunc__C)
                  00081e84    00000002     app_p28FP.o28FP (.econst:xdc_runtime_System_Module__gateObj__C)
                  00081e86    00000002     app_p28FP.o28FP (.econst:xdc_runtime_System_abortFxn__C)
                  00081e88    00000002     app_p28FP.o28FP (.econst:xdc_runtime_System_exitFxn__C)
                  00081e8a    00000002     app_p28FP.o28FP (.econst:xdc_runtime_System_extendFxn__C)
                  00081e8c    00000002     app_p28FP.o28FP (.econst:xdc_runtime_Text_charTab__C)
                  00081e8e    00000002     app_p28FP.o28FP (.econst:xdc_runtime_Text_nameEmpty__C)
                  00081e90    00000002     app_p28FP.o28FP (.econst:xdc_runtime_Text_nameStatic__C)
                  00081e92    00000002     app_p28FP.o28FP (.econst:xdc_runtime_Text_nameUnknown__C)
                  00081e94    00000002     app_p28FP.o28FP (.econst:xdc_runtime_Text_nodeTab__C)
                  00081e96    00000002     app_p28FP.o28FP (.econst:xdc_runtime_Text_visitRopeFxn__C)
                  00081e98    00000001     app_p28FP.o28FP (.econst:ti_sysbios_family_c28_TaskSupport_stackAlignment__C)
                  00081e99    00000001     app_p28FP.o28FP (.econst:ti_sysbios_family_c28_Timer_startupNeeded__C)
                  00081e9a    00000001     app_p28FP.o28FP (.econst:ti_sysbios_gates_GateMutex_Module__id__C)
                  00081e9b    00000001     app_p28FP.o28FP (.econst:ti_sysbios_hal_Hwi_Module__id__C)
                  00081e9c    00000001     app_p28FP.o28FP (.econst:ti_sysbios_heaps_HeapMem_Module__id__C)
                  00081e9d    00000001     app_p28FP.o28FP (.econst:ti_sysbios_heaps_HeapMem_Object__count__C)
                  00081e9e    00000001     app_p28FP.o28FP (.econst:ti_sysbios_knl_Clock_Module__id__C)
                  00081e9f    00000001     app_p28FP.o28FP (.econst:ti_sysbios_knl_Clock_Module__loggerDefined__C)
                  00081ea0    00000001     app_p28FP.o28FP (.econst:ti_sysbios_knl_Semaphore_Module__id__C)
                  00081ea1    00000001     app_p28FP.o28FP (.econst:ti_sysbios_knl_Semaphore_Module__loggerDefined__C)
                  00081ea2    00000001     app_p28FP.o28FP (.econst:ti_sysbios_knl_Swi_Module__id__C)
                  00081ea3    00000001     app_p28FP.o28FP (.econst:ti_sysbios_knl_Swi_Module__loggerDefined__C)
                  00081ea4    00000001     app_p28FP.o28FP (.econst:ti_sysbios_knl_Swi_Object__count__C)
                  00081ea5    00000001     app_p28FP.o28FP (.econst:ti_sysbios_knl_Task_Module__id__C)
                  00081ea6    00000001     app_p28FP.o28FP (.econst:ti_sysbios_knl_Task_Module__loggerDefined__C)
                  00081ea7    00000001     app_p28FP.o28FP (.econst:ti_sysbios_knl_Task_Object__count__C)
                  00081ea8    00000001     app_p28FP.o28FP (.econst:ti_sysbios_knl_Task_numConstructedTasks__C)
                  00081ea9    00000001     app_p28FP.o28FP (.econst:xdc_runtime_Core_Module__id__C)
                  00081eaa    00000001     app_p28FP.o28FP (.econst:xdc_runtime_Error_Module__loggerDefined__C)
                  00081eab    00000001     app_p28FP.o28FP (.econst:xdc_runtime_Error_maxDepth__C)
                  00081eac    00000001     app_p28FP.o28FP (.econst:xdc_runtime_Error_policy__C)
                  00081ead    00000001     app_p28FP.o28FP (.econst:xdc_runtime_LoggerBuf_Module__id__C)
                  00081eae    00000001     app_p28FP.o28FP (.econst:xdc_runtime_LoggerBuf_Object__count__C)
                  00081eaf    00000001     app_p28FP.o28FP (.econst:xdc_runtime_LoggerBuf_filterByLevel__C)
                  00081eb0    00000001     app_p28FP.o28FP (.econst:xdc_runtime_Memory_Module__id__C)
                  00081eb1    00000001     app_p28FP.o28FP (.econst:xdc_runtime_Startup_maxPasses__C)
                  00081eb2    00000001     app_p28FP.o28FP (.econst:xdc_runtime_SysMin_flushAtExit__C)
                  00081eb3    00000001     app_p28FP.o28FP (.econst:xdc_runtime_System_maxAtexitHandlers__C)
                  00081eb4    00000001     app_p28FP.o28FP (.econst:xdc_runtime_Text_charCnt__C)
                  00081eb5    00000001     app_p28FP.o28FP (.econst:xdc_runtime_Text_isLoaded__C)
                  00081eb6    00000001     app_p28FP.o28FP (.econst:xdc_runtime_Text_registryModsLastId__C)
                  00081eb7    00000001     app_p28FP.o28FP (.econst:xdc_runtime_Text_unnamedModsLastId__C)

.switch    0    00081eb8    0000001c     
                  00081eb8    0000001c     sysbios.a28FP : BIOS.obj (.switch:_ti_sysbios_family_c28_Hwi_clearInterrupt__E)

.binit     0    00081ed4    00000012     
                  00081ed4    00000012     (.binit)

.stack     1    00000122    00000100     UNINITIALIZED
                  00000122    00000100     --HOLE--

CpuTimer0RegsFile 
*          1    00000c00    00000008     UNINITIALIZED
                  00000c00    00000008     F2837xD_GlobalVariableDefs.obj (CpuTimer0RegsFile)

CpuTimer1RegsFile 
*          1    00000c08    00000008     UNINITIALIZED
                  00000c08    00000008     F2837xD_GlobalVariableDefs.obj (CpuTimer1RegsFile)

CpuTimer2RegsFile 
*          1    00000c10    00000008     UNINITIALIZED
                  00000c10    00000008     F2837xD_GlobalVariableDefs.obj (CpuTimer2RegsFile)

PieCtrlRegsFile 
*          1    00000ce0    0000001a     UNINITIALIZED
                  00000ce0    0000001a     F2837xD_GlobalVariableDefs.obj (PieCtrlRegsFile)

DmaRegsFile 
*          1    00001000    000000e0     UNINITIALIZED
                  00001000    000000e0     F2837xD_GlobalVariableDefs.obj (DmaRegsFile)

EPwm1RegsFile 
*          1    00004000    00000100     UNINITIALIZED
                  00004000    00000100     F2837xD_GlobalVariableDefs.obj (EPwm1RegsFile)

EPwm2RegsFile 
*          1    00004100    00000100     UNINITIALIZED
                  00004100    00000100     F2837xD_GlobalVariableDefs.obj (EPwm2RegsFile)

EPwm3RegsFile 
*          1    00004200    00000100     UNINITIALIZED
                  00004200    00000100     F2837xD_GlobalVariableDefs.obj (EPwm3RegsFile)

EPwm4RegsFile 
*          1    00004300    00000100     UNINITIALIZED
                  00004300    00000100     F2837xD_GlobalVariableDefs.obj (EPwm4RegsFile)

EPwm5RegsFile 
*          1    00004400    00000100     UNINITIALIZED
                  00004400    00000100     F2837xD_GlobalVariableDefs.obj (EPwm5RegsFile)

EPwm6RegsFile 
*          1    00004500    00000100     UNINITIALIZED
                  00004500    00000100     F2837xD_GlobalVariableDefs.obj (EPwm6RegsFile)

EPwm7RegsFile 
*          1    00004600    00000100     UNINITIALIZED
                  00004600    00000100     F2837xD_GlobalVariableDefs.obj (EPwm7RegsFile)

EPwm8RegsFile 
*          1    00004700    00000100     UNINITIALIZED
                  00004700    00000100     F2837xD_GlobalVariableDefs.obj (EPwm8RegsFile)

EPwm9RegsFile 
*          1    00004800    00000100     UNINITIALIZED
                  00004800    00000100     F2837xD_GlobalVariableDefs.obj (EPwm9RegsFile)

EPwm10RegsFile 
*          1    00004900    00000100     UNINITIALIZED
                  00004900    00000100     F2837xD_GlobalVariableDefs.obj (EPwm10RegsFile)

EPwm11RegsFile 
*          1    00004a00    00000100     UNINITIALIZED
                  00004a00    00000100     F2837xD_GlobalVariableDefs.obj (EPwm11RegsFile)

EPwm12RegsFile 
*          1    00004b00    00000100     UNINITIALIZED
                  00004b00    00000100     F2837xD_GlobalVariableDefs.obj (EPwm12RegsFile)

ECap1RegsFile 
*          1    00005000    00000020     UNINITIALIZED
                  00005000    00000020     F2837xD_GlobalVariableDefs.obj (ECap1RegsFile)

ECap2RegsFile 
*          1    00005020    00000020     UNINITIALIZED
                  00005020    00000020     F2837xD_GlobalVariableDefs.obj (ECap2RegsFile)

ECap3RegsFile 
*          1    00005040    00000020     UNINITIALIZED
                  00005040    00000020     F2837xD_GlobalVariableDefs.obj (ECap3RegsFile)

ECap4RegsFile 
*          1    00005060    00000020     UNINITIALIZED
                  00005060    00000020     F2837xD_GlobalVariableDefs.obj (ECap4RegsFile)

ECap5RegsFile 
*          1    00005080    00000020     UNINITIALIZED
                  00005080    00000020     F2837xD_GlobalVariableDefs.obj (ECap5RegsFile)

ECap6RegsFile 
*          1    000050a0    00000020     UNINITIALIZED
                  000050a0    00000020     F2837xD_GlobalVariableDefs.obj (ECap6RegsFile)

EQep1RegsFile 
*          1    00005100    00000022     UNINITIALIZED
                  00005100    00000022     F2837xD_GlobalVariableDefs.obj (EQep1RegsFile)

EQep2RegsFile 
*          1    00005140    00000022     UNINITIALIZED
                  00005140    00000022     F2837xD_GlobalVariableDefs.obj (EQep2RegsFile)

EQep3RegsFile 
*          1    00005180    00000022     UNINITIALIZED
                  00005180    00000022     F2837xD_GlobalVariableDefs.obj (EQep3RegsFile)

DacaRegsFile 
*          1    00005c00    00000008     UNINITIALIZED
                  00005c00    00000008     F2837xD_GlobalVariableDefs.obj (DacaRegsFile)

DacbRegsFile 
*          1    00005c10    00000008     UNINITIALIZED
                  00005c10    00000008     F2837xD_GlobalVariableDefs.obj (DacbRegsFile)

DaccRegsFile 
*          1    00005c20    00000008     UNINITIALIZED
                  00005c20    00000008     F2837xD_GlobalVariableDefs.obj (DaccRegsFile)

Cmpss1RegsFile 
*          1    00005c80    00000020     UNINITIALIZED
                  00005c80    00000020     F2837xD_GlobalVariableDefs.obj (Cmpss1RegsFile)

Cmpss2RegsFile 
*          1    00005ca0    00000020     UNINITIALIZED
                  00005ca0    00000020     F2837xD_GlobalVariableDefs.obj (Cmpss2RegsFile)

Cmpss3RegsFile 
*          1    00005cc0    00000020     UNINITIALIZED
                  00005cc0    00000020     F2837xD_GlobalVariableDefs.obj (Cmpss3RegsFile)

Cmpss4RegsFile 
*          1    00005ce0    00000020     UNINITIALIZED
                  00005ce0    00000020     F2837xD_GlobalVariableDefs.obj (Cmpss4RegsFile)

Cmpss5RegsFile 
*          1    00005d00    00000020     UNINITIALIZED
                  00005d00    00000020     F2837xD_GlobalVariableDefs.obj (Cmpss5RegsFile)

Cmpss6RegsFile 
*          1    00005d20    00000020     UNINITIALIZED
                  00005d20    00000020     F2837xD_GlobalVariableDefs.obj (Cmpss6RegsFile)

Cmpss7RegsFile 
*          1    00005d40    00000020     UNINITIALIZED
                  00005d40    00000020     F2837xD_GlobalVariableDefs.obj (Cmpss7RegsFile)

Cmpss8RegsFile 
*          1    00005d60    00000020     UNINITIALIZED
                  00005d60    00000020     F2837xD_GlobalVariableDefs.obj (Cmpss8RegsFile)

Sdfm1RegsFile 
*          1    00005e00    00000080     UNINITIALIZED
                  00005e00    00000080     F2837xD_GlobalVariableDefs.obj (Sdfm1RegsFile)

Sdfm2RegsFile 
*          1    00005e80    00000080     UNINITIALIZED
                  00005e80    00000080     F2837xD_GlobalVariableDefs.obj (Sdfm2RegsFile)

McbspaRegsFile 
*          1    00006000    00000024     UNINITIALIZED
                  00006000    00000024     F2837xD_GlobalVariableDefs.obj (McbspaRegsFile)

McbspbRegsFile 
*          1    00006040    00000024     UNINITIALIZED
                  00006040    00000024     F2837xD_GlobalVariableDefs.obj (McbspbRegsFile)

SpiaRegsFile 
*          1    00006100    00000010     UNINITIALIZED
                  00006100    00000010     F2837xD_GlobalVariableDefs.obj (SpiaRegsFile)

SpibRegsFile 
*          1    00006110    00000010     UNINITIALIZED
                  00006110    00000010     F2837xD_GlobalVariableDefs.obj (SpibRegsFile)

SpicRegsFile 
*          1    00006120    00000010     UNINITIALIZED
                  00006120    00000010     F2837xD_GlobalVariableDefs.obj (SpicRegsFile)

UppRegsFile 
*          1    00006200    00000048     UNINITIALIZED
                  00006200    00000048     F2837xD_GlobalVariableDefs.obj (UppRegsFile)

WdRegsFile 
*          1    00007000    0000002b     UNINITIALIZED
                  00007000    0000002b     F2837xD_GlobalVariableDefs.obj (WdRegsFile)

NmiIntruptRegsFile 
*          1    00007060    00000007     UNINITIALIZED
                  00007060    00000007     F2837xD_GlobalVariableDefs.obj (NmiIntruptRegsFile)

XintRegsFile 
*          1    00007070    0000000b     UNINITIALIZED
                  00007070    0000000b     F2837xD_GlobalVariableDefs.obj (XintRegsFile)

SciaRegsFile 
*          1    00007200    00000010     UNINITIALIZED
                  00007200    00000010     F2837xD_GlobalVariableDefs.obj (SciaRegsFile)

ScibRegsFile 
*          1    00007210    00000010     UNINITIALIZED
                  00007210    00000010     F2837xD_GlobalVariableDefs.obj (ScibRegsFile)

ScicRegsFile 
*          1    00007220    00000010     UNINITIALIZED
                  00007220    00000010     F2837xD_GlobalVariableDefs.obj (ScicRegsFile)

ScidRegsFile 
*          1    00007230    00000010     UNINITIALIZED
                  00007230    00000010     F2837xD_GlobalVariableDefs.obj (ScidRegsFile)

I2caRegsFile 
*          1    00007300    00000022     UNINITIALIZED
                  00007300    00000022     F2837xD_GlobalVariableDefs.obj (I2caRegsFile)

I2cbRegsFile 
*          1    00007340    00000022     UNINITIALIZED
                  00007340    00000022     F2837xD_GlobalVariableDefs.obj (I2cbRegsFile)

InputXbarRegsFile 
*          1    00007900    00000020     UNINITIALIZED
                  00007900    00000020     F2837xD_GlobalVariableDefs.obj (InputXbarRegsFile)

XbarRegsFile 
*          1    00007920    00000020     UNINITIALIZED
                  00007920    00000020     F2837xD_GlobalVariableDefs.obj (XbarRegsFile)

SyncSocRegsFile 
*          1    00007940    00000006     UNINITIALIZED
                  00007940    00000006     F2837xD_GlobalVariableDefs.obj (SyncSocRegsFile)

DmaClaSrcSelRegsFile 
*          1    00007980    0000001a     UNINITIALIZED
                  00007980    0000001a     F2837xD_GlobalVariableDefs.obj (DmaClaSrcSelRegsFile)

EPwmXbarRegsFile 
*          1    00007a00    00000040     UNINITIALIZED
                  00007a00    00000040     F2837xD_GlobalVariableDefs.obj (EPwmXbarRegsFile)

OutputXbarRegsFile 
*          1    00007a80    00000040     UNINITIALIZED
                  00007a80    00000040     F2837xD_GlobalVariableDefs.obj (OutputXbarRegsFile)

GpioCtrlRegsFile 
*          1    00007c00    00000180     UNINITIALIZED
                  00007c00    00000180     F2837xD_GlobalVariableDefs.obj (GpioCtrlRegsFile)

GpioDataRegsFile 
*          1    00007f00    00000030     UNINITIALIZED
                  00007f00    00000030     F2837xD_GlobalVariableDefs.obj (GpioDataRegsFile)

Emif1RegsFile 
*          1    00047000    00000070     UNINITIALIZED
                  00047000    00000070     F2837xD_GlobalVariableDefs.obj (Emif1RegsFile)

Emif2RegsFile 
*          1    00047800    00000070     UNINITIALIZED
                  00047800    00000070     F2837xD_GlobalVariableDefs.obj (Emif2RegsFile)

IpcRegsFile 
*          1    00050000    00000024     UNINITIALIZED
                  00050000    00000024     F2837xD_GlobalVariableDefs.obj (IpcRegsFile)

FlashPumpSemaphoreRegsFile 
*          1    00050024    00000002     UNINITIALIZED
                  00050024    00000002     F2837xD_GlobalVariableDefs.obj (FlashPumpSemaphoreRegsFile)

RomPrefetchRegsFile 
*          1    0005e608    00000002     UNINITIALIZED
                  0005e608    00000002     F2837xD_GlobalVariableDefs.obj (RomPrefetchRegsFile)

DcsmZ1RegsFile 
*          1    0005f000    00000024     UNINITIALIZED
                  0005f000    00000024     F2837xD_GlobalVariableDefs.obj (DcsmZ1RegsFile)

DcsmZ2RegsFile 
*          1    0005f040    00000024     UNINITIALIZED
                  0005f040    00000024     F2837xD_GlobalVariableDefs.obj (DcsmZ2RegsFile)

DcsmCommonRegsFile 
*          1    0005f070    00000008     UNINITIALIZED
                  0005f070    00000008     F2837xD_GlobalVariableDefs.obj (DcsmCommonRegsFile)

MemCfgRegsFile 
*          1    0005f400    00000080     UNINITIALIZED
                  0005f400    00000080     F2837xD_GlobalVariableDefs.obj (MemCfgRegsFile)

Emif1ConfigRegsFile 
*          1    0005f480    00000020     UNINITIALIZED
                  0005f480    00000020     F2837xD_GlobalVariableDefs.obj (Emif1ConfigRegsFile)

Emif2ConfigRegsFile 
*          1    0005f4a0    00000020     UNINITIALIZED
                  0005f4a0    00000020     F2837xD_GlobalVariableDefs.obj (Emif2ConfigRegsFile)

AccessProtectionRegsFile 
*          1    0005f4c0    00000040     UNINITIALIZED
                  0005f4c0    00000040     F2837xD_GlobalVariableDefs.obj (AccessProtectionRegsFile)

MemoryErrorRegsFile 
*          1    0005f500    00000040     UNINITIALIZED
                  0005f500    00000040     F2837xD_GlobalVariableDefs.obj (MemoryErrorRegsFile)

RomWaitStateRegsFile 
*          1    0005f540    00000002     UNINITIALIZED
                  0005f540    00000002     F2837xD_GlobalVariableDefs.obj (RomWaitStateRegsFile)

Flash0CtrlRegsFile 
*          1    0005f800    00000182     UNINITIALIZED
                  0005f800    00000182     F2837xD_GlobalVariableDefs.obj (Flash0CtrlRegsFile)

Flash0EccRegsFile 
*          1    0005fb00    00000028     UNINITIALIZED
                  0005fb00    00000028     F2837xD_GlobalVariableDefs.obj (Flash0EccRegsFile)

DcsmZ1OtpFile 
*          1    00078000    00000020     NOLOAD SECTION
                  00078000    00000020     F2837xD_GlobalVariableDefs.obj (DcsmZ1OtpFile)

DcsmZ2OtpFile 
*          1    00078200    00000020     NOLOAD SECTION
                  00078200    00000020     F2837xD_GlobalVariableDefs.obj (DcsmZ2OtpFile)

DevCfgRegsFile 
*          1    0005d000    0000012e     UNINITIALIZED
                  0005d000    0000012e     F2837xD_GlobalVariableDefs.obj (DevCfgRegsFile)

ClkCfgRegsFile 
*          1    0005d200    00000032     UNINITIALIZED
                  0005d200    00000032     F2837xD_GlobalVariableDefs.obj (ClkCfgRegsFile)

CpuSysRegsFile 
*          1    0005d300    00000082     UNINITIALIZED
                  0005d300    00000082     F2837xD_GlobalVariableDefs.obj (CpuSysRegsFile)

.cinit     0    00082000    00000455     
                  00082000    000001c3     app_p28FP.o28FP (.cinit:_ti_sysbios_family_c28_Hwi_Module_State_0_dispatchTable__A)
                  000821c3    00000120     app_p28FP.o28FP (.cinit)
                  000822e3    00000043     app_p28FP.o28FP (.cinit:_ti_sysbios_knl_Swi_Module_State_0_readyQ__A)
                  00082326    00000043     app_p28FP.o28FP (.cinit:_ti_sysbios_knl_Task_Module_State_0_readyQ__A)
                  00082369    0000002d     app_p28FP.o28FP (.cinit:_ti_sysbios_knl_Task_Object__table__V)
                  00082396    0000001f     app_p28FP.o28FP (.cinit:_ti_sysbios_gates_GateMutex_Object__table__V)
                  000823b5    0000001b     app_p28FP.o28FP (.cinit:_ti_sysbios_family_c28_Timer_Object__table__V)
                  000823d0    00000017     app_p28FP.o28FP (.cinit:_ti_sysbios_knl_Swi_Object__table__V)
                  000823e7    00000015     app_p28FP.o28FP (.cinit:_xdc_runtime_LoggerBuf_Object__table__V)
                  000823fc    00000013     app_p28FP.o28FP (.cinit:_ti_sysbios_family_c28_Hwi_Object__table__V)
                  0008240f    0000000f     app_p28FP.o28FP (.cinit:_ti_sysbios_heaps_HeapMem_Object__table__V)
                  0008241e    0000000e     rts2800_fpu32.lib : exit.c.obj (.cinit)
                  0008242c    0000000b     app_p28FP.o28FP (.cinit:_xdc_runtime_System_Module_State_0_atexitHandlers__A)
                  00082437    00000008     task.obj (.cinit)
                  0008243f    00000005     rts2800_fpu32.lib : _lock.c.obj (.cinit:__lock)
                  00082444    00000005                       : _lock.c.obj (.cinit:__unlock)
                  00082449    00000005     app_p28FP.o28FP (.cinit:_ti_sysbios_gates_GateHwi_Object__table__V)
                  0008244e    00000005     app_p28FP.o28FP (.cinit:_ti_sysbios_knl_Task_Module_State_0_idleTask__A)
                  00082453    00000002     --HOLE-- [fill = 0]

.pinit     0    00080004    00000000     UNINITIALIZED

.text      0    00088000    00003b11     
                  00088000    00000233     ti.targets.rts2800.a28FP : System.o28FP (.text:_xdc_runtime_System_doPrint__I)
                  00088233    000001dc     sysbios.a28FP : BIOS.obj (.text:_ti_sysbios_knl_Semaphore_pend__E)
                  0008840f    000001c0     Initcpu.obj (.text:_InitCpu)
                  000885cf    000001a1     sysbios.a28FP : BIOS.obj (.text:_ti_sysbios_heaps_HeapMem_freeUnprotected__E)
                  00088770    0000016c                   : BIOS.obj (.text:_ti_sysbios_heaps_HeapMem_allocUnprotected__E)
                  000888dc    0000016b                   : BIOS.obj (.text:_ti_sysbios_knl_Task_Instance_finalize__E)
                  00088a47    0000013f                   : BIOS.obj (.text:_ti_sysbios_knl_Task_Instance_init__E)
                  00088b86    00000137                   : BIOS.obj (.text:_ti_sysbios_knl_Task_sleep__E)
                  00088cbd    00000107     rts2800_fpu32.lib : ll_div28.asm.obj (.text)
                  00088dc4    000000ef     sysbios.a28FP : BIOS.obj (.text:_ti_sysbios_heaps_HeapMem_Instance_init__E)
                  00088eb3    000000dc                   : BIOS.obj (.text:_ti_sysbios_family_c28_Hwi_clearInterrupt__E)
                  00088f8f    000000c2                   : BIOS.obj (.text:_ti_sysbios_family_c28_Hwi_dispatchCore__I)
                  00089051    000000c0     ti.targets.rts2800.a28FP : LoggerBuf.o28FP (.text:_xdc_runtime_LoggerBuf_write8__E)
                  00089111    000000be     app_p28FP.o28FP (.text:_xdc_runtime_System_printfExtend__I)
                  000891cf    000000b8     sysbios.a28FP : BIOS.obj (.text:_ti_sysbios_knl_Semaphore_post__E)
                  00089287    000000af                   : BIOS.obj (.text:_ti_sysbios_knl_Clock_workFunc__E)
                  00089336    000000a9                   : BIOS.obj (.text:_ti_sysbios_knl_Swi_run__I)
                  000893df    000000a6                   : BIOS.obj (.text:_ti_sysbios_knl_Clock_Instance_init__E)
                  00089485    000000a3     F2837xD_Adc.obj (.text:_AdcSetMode)
                  00089528    000000a0     ti.targets.rts2800.a28FP : Core-mem.o28FP (.text:_xdc_runtime_Core_createObject__I)
                  000895c8    0000009b     sysbios.a28FP : c28_Hwi_disp_asm.obj (.text:_ti_sysbios_family_c28_Hwi_dispatch)
                  00089663    00000001     Boot.a28FP : Boot.o28FP (.text:_ti_catalog_c2800_initF2837x_Boot_defaultLimpAbortFunction)
                  00089664    00000095     rts2800_fpu32.lib : trgmsg.c.obj (.text)
                  000896f9    00000094     F2837xD_Gpio.obj (.text:_GPIO_SetupPinOptions)
                  0008978d    00000090     ti.targets.rts2800.a28FP : Error.o28FP (.text:_xdc_runtime_Error_policyDefault__E)
                  0008981d    0000008f     sysbios.a28FP : BIOS.obj (.text:_ti_sysbios_knl_Swi_Instance_init__E)
                  000898ac    0000008e                   : BIOS.obj (.text:_ti_sysbios_family_c28_Hwi_enableInterrupt__E)
                  0008993a    0000008d     ti.targets.rts2800.a28FP : Core-smem.o28FP (.text:_xdc_runtime_Core_constructObject__I)
                  000899c7    0000008c     F2837xD_Gpio.obj (.text:_GPIO_SetupPinMux)
                  00089a53    00000084     F2837xD_SysCtrl.obj (.text:_InitPeripheralClocks)
                  00089ad7    00000081     sysbios.a28FP : BIOS.obj (.text:_ti_sysbios_family_c28_Hwi_disableInterrupt__E)
                  00089b58    00000080                   : BIOS.obj (.text:_ti_sysbios_family_c28_Hwi_disablePIEIER__E)
                  00089bd8    0000007f                   : BIOS.obj (.text:_ti_sysbios_family_c28_Hwi_enablePIEIER__E)
                  00089c57    0000007a     ti.targets.rts2800.a28FP : LoggerBuf.o28FP (.text:_xdc_runtime_LoggerBuf_write4__E)
                  00089cd1    00000075     main.obj (.text:_main)
                  00089d46    00000075     sysbios.a28FP : BIOS.obj (.text:_ti_sysbios_knl_Task_checkStacks__E)
                  00089dbb    00000072                   : BIOS.obj (.text:_ti_sysbios_knl_Task_startCore__E)
                  00089e2d    00000071                   : BIOS.obj (.text:_ti_sysbios_gates_GateMutex_enter__E)
                  00089e9e    00000071     ti.targets.rts2800.a28FP : Startup.o28FP (.text:_xdc_runtime_Startup_startMods__I)
                  00089f0f    0000006e     sysbios.a28FP : BIOS.obj (.text:_ti_sysbios_knl_Task_schedule__I)
                  00089f7d    0000006a                   : BIOS.obj (.text:_ti_sysbios_knl_Semaphore_Instance_init__E)
                  00089fe7    00000069     boot.a28FP : boot_cg.o28FP (.text)
                  0008a050    00000066     sysbios.a28FP : BIOS.obj (.text:_ti_sysbios_family_c28_Timer_stopAndClear__I)
                  0008a0b6    00000061                   : BIOS.obj (.text:_ti_sysbios_knl_Swi_post__E)
                  0008a117    00000061                   : BIOS.obj (.text:_ti_sysbios_knl_Task_blockI__E)
                  0008a178    00000060     ti.targets.rts2800.a28FP : Text.o28FP (.text:_xdc_runtime_Text_putSite__E)
                  0008a1d8    00000058     sysbios.a28FP : BIOS.obj (.text:_ti_sysbios_knl_Task_exit__E)
                  0008a230    00000052                   : BIOS.obj (.text:_ti_sysbios_knl_Task_unblockI__E)
                  0008a282    00000049                   : BIOS.obj (.text:_ti_sysbios_knl_Task_postInit__I)
                  0008a2cb    00000047                   : BIOS.obj (.text:_ti_sysbios_family_c28_Hwi_Module_startup__E)
                  0008a312    00000045     Boot.a28FP : Boot.o28FP (.text:.bootCodeSection:_ti_catalog_c2800_initF2837x_Boot_configurePllDivs)
                  0008a357    00000042     sysbios.a28FP : BIOS.obj (.text:_ti_sysbios_family_c28_Hwi_unPluggedInterrupt__I)
                  0008a399    00000041     ti.targets.rts2800.a28FP : Text.o28FP (.text:_xdc_runtime_Text_putLab__E)
                  0008a3da    00000040     sysbios.a28FP : BIOS.obj (.text:_ti_sysbios_family_c28_Timer_postInit__I)
                  0008a41a    00000040     ti.targets.rts2800.a28FP : Memory.o28FP (.text:_xdc_runtime_Memory_alloc__E)
                  0008a45a    0000003f                              : Text.o28FP (.text:_xdc_runtime_Text_putMod__E)
                  0008a499    0000003e     sysbios.a28FP : BIOS.obj (.text:_ti_sysbios_knl_Swi_restoreHwi__E)
                  0008a4d7    0000003e     ti.targets.rts2800.a28FP : Core-mem.o28FP (.text:_xdc_runtime_Core_deleteObject__I)
                  0008a515    0000003d                              : LoggerBuf.o28FP (.text:_xdc_runtime_LoggerBuf_getFilterLevel__E)
                  0008a552    0000003c                              : LoggerBuf.o28FP (.text:_xdc_runtime_LoggerBuf_setFilterLevel__E)
                  0008a58e    0000003a     F2837xD_Adc.obj (.text:_CalAdcINL)
                  0008a5c8    0000003a     sysbios.a28FP : BIOS.obj (.text:_ti_sysbios_family_c28_TaskSupport_start__E)
                  0008a602    00000039     rts2800_fpu32.lib : hostwrite.c.obj (.text)
                  0008a63b    00000038     isr.obj (.text:_adc1_isr)
                  0008a673    00000038     sysbios.a28FP : BIOS.obj (.text:_ti_sysbios_knl_Clock_start__E)
                  0008a6ab    00000037     F2837xD_SysCtrl.obj (.text:_InitSysCtrl)
                  0008a6e2    00000037     sysbios.a28FP : BIOS.obj (.text:_ti_sysbios_knl_Clock_logTick__E)
                  0008a719    00000035     ti.targets.rts2800.a28FP : System.o28FP (.text:_xdc_runtime_System_formatNum__I)
                  0008a74e    00000032     sysbios.a28FP : BIOS.obj (.text:_ti_sysbios_knl_Task_Module_startup__E)
                  0008a780    00000031                   : BIOS.obj (.text:_ti_sysbios_heaps_HeapMem_alloc__E)
                  0008a7b1    00000031     app_p28FP.o28FP (.text:_ti_sysbios_knl_Swi_create)
                  0008a7e2    00000031     app_p28FP.o28FP (.text:_ti_sysbios_knl_Task_create)
                  0008a813    00000030     ti.targets.rts2800.a28FP : Error.o28FP (.text:_xdc_runtime_Error_print__E)
                  0008a843    00000030                              : LoggerBuf.o28FP (.text:_xdc_runtime_LoggerBuf_Instance_init__E)
                  0008a873    0000002f                              : Core-params.o28FP (.text:_xdc_runtime_Core_assignParams__I)
                  0008a8a2    0000002f                              : Startup.o28FP (.text:_xdc_runtime_Startup_exec__E)
                  0008a8d1    0000002e     sysbios.a28FP : BIOS.obj (.text:_ti_sysbios_family_c28_Hwi_getStackInfo__E)
                  0008a8ff    0000002e                   : BIOS.obj (.text:_ti_sysbios_knl_Swi_runLoop__I)
                  0008a92d    0000002e                   : BIOS.obj (.text:_ti_sysbios_knl_Swi_schedule__I)
                  0008a95b    0000002d                   : BIOS.obj (.text:_ti_sysbios_heaps_HeapMem_getStats__E)
                  0008a988    0000002d     ti.targets.rts2800.a28FP : Assert.o28FP (.text:_xdc_runtime_Assert_raise__I)
                  0008a9b5    0000002d                              : Error.o28FP (.text:_xdc_runtime_Error_setX__E)
                  0008a9e2    0000002d                              : Text.o28FP (.text:_xdc_runtime_Text_visitRope2__I)
                  0008aa0f    0000002c     sysbios.a28FP : BIOS.obj (.text:_ti_sysbios_family_c28_Timer_start__E)
                  0008aa3b    0000002c     app_p28FP.o28FP (.text:_xdc_runtime_LoggerBuf_Object__create__S)
                  0008aa67    0000002b     sysbios.a28FP : BIOS.obj (.text:_ti_sysbios_knl_Swi_Instance_finalize__E)
                  0008aa92    00000029     ti.targets.rts2800.a28FP : Text.o28FP (.text:_xdc_runtime_Text_xprintf__I)
                  0008aabb    00000029     rts2800_fpu32.lib : exit.c.obj (.text)
                  0008aae4    00000027     sysbios.a28FP : BIOS.obj (.text:_ti_sysbios_heaps_HeapMem_init__I)
                  0008ab0b    00000026     ti.targets.rts2800.a28FP : SysMin.o28FP (.text:_xdc_runtime_SysMin_flush__E)
                  0008ab31    00000025     F2837xD_Gpio.obj (.text:_GPIO_EnableUnbondedIOPullupsFor100Pin)
                  0008ab56    00000025     sysbios.a28FP : c28_TaskSupport_asm.obj (.text:_ti_sysbios_family_c28_TaskSupport_buildTaskStack)
                  0008ab7b    00000024     rts2800_fpu32.lib : cpy_tbl.c.obj (.text)
                  0008ab9f    00000023     app_p28FP.o28FP (.text:_ti_sysbios_knl_Clock_construct)
                  0008abc2    00000023     ti.targets.rts2800.a28FP : System.o28FP (.text:_xdc_runtime_System_processAtExit__E)
                  0008abe5    00000021     sysbios.a28FP : BIOS.obj (.text:_ti_sysbios_knl_Task_allBlockedFunction__I)
                  0008ac06    00000020     isr.obj (.text:_sciarx_isr)
                  0008ac26    00000020     sysbios.a28FP : BIOS.obj (.text:_ti_sysbios_family_c28_Timer_setPrescale__E)
                  0008ac46    00000020     ti.targets.rts2800.a28FP : System.o28FP (.text:_xdc_runtime_System_atexit__E)
                  0008ac66    0000001f                              : LoggerBuf.o28FP (.text:_xdc_runtime_LoggerBuf_filterOutEvent__I)
                  0008ac85    0000001e     F2837xD_Gpio.obj (.text:_GPIO_WritePin)
                  0008aca3    0000001d     sysbios.a28FP : c28_TaskSupport_asm.obj (.text:_ti_sysbios_family_c28_TaskSupport_swap__E)
                  0008acc0    0000001d     app_p28FP.o28FP (.text:_ti_sysbios_gates_GateHwi_Object__create__S)
                  0008acdd    0000001d     app_p28FP.o28FP (.text:_ti_sysbios_gates_GateMutex_Object__create__S)
                  0008acfa    0000001d     app_p28FP.o28FP (.text:_ti_sysbios_heaps_HeapMem_Object__create__S)
                  0008ad17    0000001d     app_p28FP.o28FP (.text:_ti_sysbios_knl_Semaphore_construct)
                  0008ad34    0000001d     ti.targets.rts2800.a28FP : SysMin.o28FP (.text:_xdc_runtime_SysMin_putch__E)
                  0008ad51    0000001d     rts2800_fpu32.lib : memcpy.c.obj (.text)
                  0008ad6e    0000001c     sysbios.a28FP : BIOS.obj (.text:_ti_sysbios_hal_Hwi_checkStack)
                  0008ad8a    0000001c                   : BIOS.obj (.text:_ti_sysbios_heaps_HeapMem_free__E)
                  0008ada6    0000001c     app_p28FP.o28FP (.text:_ti_sysbios_knl_Queue_create)
                  0008adc2    0000001c     app_p28FP.o28FP (.text:_xdc_runtime_SysMin_output__I)
                  0008adde    0000001b     sysbios.a28FP : c28_Hwi_asm.obj (.text:_ti_sysbios_family_c28_Hwi_switchAndDispatch__I)
                  0008adf9    0000001b                   : BIOS.obj (.text:_ti_sysbios_hal_Hwi_initStack)
                  0008ae14    0000001b                   : BIOS.obj (.text:_ti_sysbios_knl_Task_processVitalTaskFlag__I)
                  0008ae2f    0000001a     InitCtrl.obj (.text:_InitCtrl)
                  0008ae49    0000001a     sysbios.a28FP : BIOS.obj (.text:_ti_sysbios_knl_Clock_addI__E)
                  0008ae63    0000001a     ti.targets.rts2800.a28FP : Core-label.o28FP (.text:_xdc_runtime_Core_assignLabel__I)
                  0008ae7d    0000001a                              : System.o28FP (.text:_xdc_runtime_System_avprintf__E)
                  0008ae97    00000019     F2837xD_Gpio.obj (.text:_GPIO_EnableUnbondedIOPullupsFor176Pin)
                  0008aeb0    00000019     app_p28FP.o28FP (.text:_ti_sysbios_knl_Queue_construct)
                  0008aec9    00000019     sysbios.a28FP : BIOS.obj (.text:_ti_sysbios_knl_Semaphore_pendTimeout__I)
                  0008aee2    00000019                   : BIOS.obj (.text:_ti_sysbios_knl_Swi_restore__E)
                  0008aefb    00000019     ti.targets.rts2800.a28FP : System.o28FP (.text:_xdc_runtime_System_vprintf__E)
                  0008af14    00000019     rts2800_fpu32.lib : args_main.c.obj (.text)
                  0008af2d    00000018     sysbios.a28FP : c28_Hwi_asm.obj (.text:_ti_sysbios_family_xxx_Hwi_switchAndRunFunc)
                  0008af45    00000018     ti.targets.rts2800.a28FP : LoggerBuf.o28FP (.text:_xdc_runtime_LoggerBuf_reset__E)
                  0008af5d    00000018                              : System.o28FP (.text:_xdc_runtime_System_putchar__I)
                  0008af75    00000018     rts2800_fpu32.lib : ll_aox28.asm.obj (.text)
                  0008af8d    00000017     sysbios.a28FP : BIOS.obj (.text:_ti_sysbios_family_c28_Timer_startup__E)
                  0008afa4    00000017     app_p28FP.o28FP (.text:_ti_sysbios_knl_Clock_doTick__I)
                  0008afbb    00000017     sysbios.a28FP : BIOS.obj (.text:_ti_sysbios_knl_Task_restore__E)
                  0008afd2    00000017     ti.targets.rts2800.a28FP : LoggerBuf.o28FP (.text:_xdc_runtime_LoggerBuf_Module_startup__E)
                  0008afe9    00000017                              : Memory.o28FP (.text:_xdc_runtime_Memory_valloc__E)
                  0008b000    00000017                              : SysMin.o28FP (.text:_xdc_runtime_SysMin_abort__E)
                  0008b017    00000016     F2837xD_Gpio.obj (.text:_GPIO_EnableUnbondedIOPullups)
                  0008b02d    00000016     app_p28FP.o28FP (.text:_ti_sysbios_BIOS_atExitFunc__I)
                  0008b043    00000016     sysbios.a28FP : BIOS.obj (.text:_ti_sysbios_family_c28_Timer_Module_startup__E)
                  0008b059    00000016     ti.targets.rts2800.a28FP : Text.o28FP (.text:_xdc_runtime_Text_printVisFxn__I)
                  0008b06f    00000015     task.obj (.text:_task1Fxn)
                  0008b084    00000015     app_p28FP.o28FP (.text:_ti_sysbios_BIOS_startFunc__I)
                  0008b099    00000015     sysbios.a28FP : BIOS.obj (.text:_ti_sysbios_knl_Swi_Module_startup__E)
                  0008b0ae    00000014                   : BIOS.obj (.text:_ti_sysbios_knl_Idle_run__E)
                  0008b0c2    00000013     app_p28FP.o28FP (.text:_ti_sysbios_gates_GateMutex_Object__delete__S)
                  0008b0d5    00000013     sysbios.a28FP : BIOS.obj (.text:_ti_sysbios_knl_Clock_Module_startup__E)
                  0008b0e8    00000013                   : BIOS.obj (.text:_ti_sysbios_knl_Task_getMode__E)
                  0008b0fb    00000013     ti.targets.rts2800.a28FP : Error.o28FP (.text:_xdc_runtime_Error_raiseX__E)
                  0008b10e    00000012     app_p28FP.o28FP (.text:_ti_sysbios_gates_GateHwi_Object__delete__S)
                  0008b120    00000012     app_p28FP.o28FP (.text:_ti_sysbios_heaps_HeapMem_Object__delete__S)
                  0008b132    00000012     app_p28FP.o28FP (.text:_xdc_runtime_LoggerBuf_Object__delete__S)
                  0008b144    00000011     sysbios.a28FP : BIOS.obj (.text:_ti_sysbios_knl_Task_restoreHwi__E)
                  0008b155    00000011     ti.targets.rts2800.a28FP : Text.o28FP (.text:_xdc_runtime_Text_cordText__E)
                  0008b166    00000010     app_p28FP.o28FP (.text:_ti_sysbios_BIOS_errorRaiseHook__I)
                  0008b176    00000010     sysbios.a28FP : BIOS.obj (.text:_ti_sysbios_family_c28_Timer_stop__E)
                  0008b186    00000010     ti.targets.rts2800.a28FP : SysMin.o28FP (.text:_xdc_runtime_SysMin_Module_startup__E)
                  0008b196    0000000f     app_p28FP.o28FP (.text:_ti_sysbios_BIOS_removeRTSLock__I)
                  0008b1a5    0000000f     sysbios.a28FP : BIOS.obj (.text:_ti_sysbios_gates_GateMutex_Instance_init__E)
                  0008b1b4    0000000f     ti.targets.rts2800.a28FP : LoggerBuf.o28FP (.text:_xdc_runtime_LoggerBuf_write2__E)
                  0008b1c3    0000000f                              : Registry.o28FP (.text:_xdc_runtime_Registry_findById__E)
                  0008b1d2    0000000e     F2837xD_SysCtrl.obj (.text:_DisableDog)
                  0008b1e0    0000000e     sysbios.a28FP : BIOS.obj (.text:_ti_sysbios_family_c28_f2837x_TimestampProvider_get64__E)
                  0008b1ee    0000000e     app_p28FP.o28FP (.text:_ti_sysbios_heaps_HeapMem_Object__get__S)
                  0008b1fc    0000000e     app_p28FP.o28FP (.text:_ti_sysbios_knl_Semaphore_destruct)
                  0008b20a    0000000e     app_p28FP.o28FP (.text:_ti_sysbios_knl_Swi_Object__get__S)
                  0008b218    0000000e     app_p28FP.o28FP (.text:_ti_sysbios_knl_Task_Object__get__S)
                  0008b226    0000000e     app_p28FP.o28FP (.text:_xdc_runtime_LoggerBuf_Object__get__S)
                  0008b234    0000000d     F2837xD_DefaultISR.obj (.text:_EMPTY_ISR)
                  0008b241    0000000d     app_p28FP.o28FP (.text:_ti_sysbios_BIOS_registerRTSLock__I)
                  0008b24e    0000000d     app_p28FP.o28FP (.text:_ti_sysbios_BIOS_rtsLock__I)
                  0008b25b    0000000d     sysbios.a28FP : BIOS.obj (.text:_ti_sysbios_family_c28_Hwi_dispatchC__I)
                  0008b268    0000000d     app_p28FP.o28FP (.text:_ti_sysbios_gates_GateHwi_Handle__label__S)
                  0008b275    0000000d     app_p28FP.o28FP (.text:_ti_sysbios_gates_GateMutex_Handle__label__S)
                  0008b282    0000000d     app_p28FP.o28FP (.text:_ti_sysbios_heaps_HeapMem_Handle__label__S)
                  0008b28f    0000000d     app_p28FP.o28FP (.text:_ti_sysbios_knl_Clock_Params__init__S)
                  0008b29c    0000000d     main.obj (.text:_ti_sysbios_knl_Clock_Params_init)
                  0008b2a9    0000000d     app_p28FP.o28FP (.text:_ti_sysbios_knl_Queue_destruct)
                  0008b2b6    0000000d     sysbios.a28FP : BIOS.obj (.text:_ti_sysbios_knl_Task_enter__I)
                  0008b2c3    0000000d                   : BIOS.obj (.text:_ti_sysbios_knl_Task_sleepTimeout__I)
                  0008b2d0    0000000d     ti.targets.rts2800.a28FP : Error.o28FP (.text:_xdc_runtime_Error_check__E)
                  0008b2dd    0000000d     app_p28FP.o28FP (.text:_xdc_runtime_LoggerBuf_Handle__label__S)
                  0008b2ea    0000000d     ti.targets.rts2800.a28FP : LoggerBuf.o28FP (.text:_xdc_runtime_LoggerBuf_write0__E)
                  0008b2f7    0000000d                              : LoggerBuf.o28FP (.text:_xdc_runtime_LoggerBuf_write1__E)
                  0008b304    0000000d                              : System.o28FP (.text:_xdc_runtime_System_abort__E)
                  0008b311    0000000c     app_p28FP.o28FP (.text:.bootCodeSection:_ti_catalog_c2800_initF2837x_Boot_init)
                  0008b31d    0000000c     app_p28FP.o28FP (.text:_ti_sysbios_BIOS_exitFunc__I)
                  0008b329    0000000c     app_p28FP.o28FP (.text:_ti_sysbios_family_c28_Hwi_disableIER__E)
                  0008b335    0000000c     sysbios.a28FP : BIOS.obj (.text:_ti_sysbios_gates_GateMutex_leave__E)
                  0008b341    0000000c                   : BIOS.obj (.text:_ti_sysbios_knl_Queue_put__E)
                  0008b34d    0000000c                   : BIOS.obj (.text:_ti_sysbios_knl_Task_enabled__E)
                  0008b359    0000000c     ti.targets.rts2800.a28FP : SysMin.o28FP (.text:_xdc_runtime_SysMin_exit__E)
                  0008b365    0000000c     rts2800_fpu32.lib : memset.c.obj (.text)
                  0008b371    0000000b     task.obj (.text:_taskFxn)
                  0008b37c    0000000b     app_p28FP.o28FP (.text:_ti_sysbios_family_c28_Hwi_Module__startupDone__F)
                  0008b387    0000000b     app_p28FP.o28FP (.text:_ti_sysbios_family_c28_Hwi_Object__get__S)
                  0008b392    0000000b     app_p28FP.o28FP (.text:_ti_sysbios_family_c28_Hwi_enableIER__E)
                  0008b39d    0000000b     app_p28FP.o28FP (.text:_ti_sysbios_family_c28_Timer_Module__startupDone__F)
                  0008b3a8    0000000b     app_p28FP.o28FP (.text:_ti_sysbios_knl_Queue_Object__get__S)
                  0008b3b3    0000000b     app_p28FP.o28FP (.text:_ti_sysbios_knl_Task_SupportProxy_start__E)
                  0008b3be    0000000b     sysbios.a28FP : BIOS.obj (.text:_ti_sysbios_knl_Task_unblock__E)
                  0008b3c9    0000000b     ti.targets.rts2800.a28FP : LoggerBuf.o28FP (.text:_xdc_runtime_LoggerBuf_Instance_finalize__E)
                  0008b3d4    0000000b                              : System.o28FP (.text:_xdc_runtime_System_exit__E)
                  0008b3df    0000000a     F2837xD_DefaultISR.obj (.text:_ADCA1_ISR)
                  0008b3e9    0000000a     F2837xD_DefaultISR.obj (.text:_ADCA2_ISR)
                  0008b3f3    0000000a     F2837xD_DefaultISR.obj (.text:_ADCA3_ISR)
                  0008b3fd    0000000a     F2837xD_DefaultISR.obj (.text:_ADCA4_ISR)
                  0008b407    0000000a     F2837xD_DefaultISR.obj (.text:_ADCA_EVT_ISR)
                  0008b411    0000000a     F2837xD_DefaultISR.obj (.text:_ADCB1_ISR)
                  0008b41b    0000000a     F2837xD_DefaultISR.obj (.text:_ADCB2_ISR)
                  0008b425    0000000a     F2837xD_DefaultISR.obj (.text:_ADCB3_ISR)
                  0008b42f    0000000a     F2837xD_DefaultISR.obj (.text:_ADCB4_ISR)
                  0008b439    0000000a     F2837xD_DefaultISR.obj (.text:_ADCB_EVT_ISR)
                  0008b443    0000000a     F2837xD_DefaultISR.obj (.text:_ADCC1_ISR)
                  0008b44d    0000000a     F2837xD_DefaultISR.obj (.text:_ADCC2_ISR)
                  0008b457    0000000a     F2837xD_DefaultISR.obj (.text:_ADCC3_ISR)
                  0008b461    0000000a     F2837xD_DefaultISR.obj (.text:_ADCC4_ISR)
                  0008b46b    0000000a     F2837xD_DefaultISR.obj (.text:_ADCC_EVT_ISR)
                  0008b475    0000000a     F2837xD_DefaultISR.obj (.text:_ADCD1_ISR)
                  0008b47f    0000000a     F2837xD_DefaultISR.obj (.text:_ADCD2_ISR)
                  0008b489    0000000a     F2837xD_DefaultISR.obj (.text:_ADCD3_ISR)
                  0008b493    0000000a     F2837xD_DefaultISR.obj (.text:_ADCD4_ISR)
                  0008b49d    0000000a     F2837xD_DefaultISR.obj (.text:_ADCD_EVT_ISR)
                  0008b4a7    0000000a     F2837xD_DefaultISR.obj (.text:_AUX_PLL_SLIP_ISR)
                  0008b4b1    0000000a     F2837xD_DefaultISR.obj (.text:_CANA0_ISR)
                  0008b4bb    0000000a     F2837xD_DefaultISR.obj (.text:_CANA1_ISR)
                  0008b4c5    0000000a     F2837xD_DefaultISR.obj (.text:_CANB0_ISR)
                  0008b4cf    0000000a     F2837xD_DefaultISR.obj (.text:_CANB1_ISR)
                  0008b4d9    0000000a     F2837xD_DefaultISR.obj (.text:_CLA1_1_ISR)
                  0008b4e3    0000000a     F2837xD_DefaultISR.obj (.text:_CLA1_2_ISR)
                  0008b4ed    0000000a     F2837xD_DefaultISR.obj (.text:_CLA1_3_ISR)
                  0008b4f7    0000000a     F2837xD_DefaultISR.obj (.text:_CLA1_4_ISR)
                  0008b501    0000000a     F2837xD_DefaultISR.obj (.text:_CLA1_5_ISR)
                  0008b50b    0000000a     F2837xD_DefaultISR.obj (.text:_CLA1_6_ISR)
                  0008b515    0000000a     F2837xD_DefaultISR.obj (.text:_CLA1_7_ISR)
                  0008b51f    0000000a     F2837xD_DefaultISR.obj (.text:_CLA1_8_ISR)
                  0008b529    0000000a     F2837xD_DefaultISR.obj (.text:_CLA_OVERFLOW_ISR)
                  0008b533    0000000a     F2837xD_DefaultISR.obj (.text:_CLA_UNDERFLOW_ISR)
                  0008b53d    0000000a     F2837xD_DefaultISR.obj (.text:_DATALOG_ISR)
                  0008b547    0000000a     F2837xD_DefaultISR.obj (.text:_DMA_CH1_ISR)
                  0008b551    0000000a     F2837xD_DefaultISR.obj (.text:_DMA_CH2_ISR)
                  0008b55b    0000000a     F2837xD_DefaultISR.obj (.text:_DMA_CH3_ISR)
                  0008b565    0000000a     F2837xD_DefaultISR.obj (.text:_DMA_CH4_ISR)
                  0008b56f    0000000a     F2837xD_DefaultISR.obj (.text:_DMA_CH5_ISR)
                  0008b579    0000000a     F2837xD_DefaultISR.obj (.text:_DMA_CH6_ISR)
                  0008b583    0000000a     F2837xD_DefaultISR.obj (.text:_ECAP1_ISR)
                  0008b58d    0000000a     F2837xD_DefaultISR.obj (.text:_ECAP2_ISR)
                  0008b597    0000000a     F2837xD_DefaultISR.obj (.text:_ECAP3_ISR)
                  0008b5a1    0000000a     F2837xD_DefaultISR.obj (.text:_ECAP4_ISR)
                  0008b5ab    0000000a     F2837xD_DefaultISR.obj (.text:_ECAP5_ISR)
                  0008b5b5    0000000a     F2837xD_DefaultISR.obj (.text:_ECAP6_ISR)
                  0008b5bf    0000000a     F2837xD_DefaultISR.obj (.text:_EMIF_ERROR_ISR)
                  0008b5c9    0000000a     F2837xD_DefaultISR.obj (.text:_EMU_ISR)
                  0008b5d3    0000000a     F2837xD_DefaultISR.obj (.text:_EPWM10_ISR)
                  0008b5dd    0000000a     F2837xD_DefaultISR.obj (.text:_EPWM10_TZ_ISR)
                  0008b5e7    0000000a     F2837xD_DefaultISR.obj (.text:_EPWM11_ISR)
                  0008b5f1    0000000a     F2837xD_DefaultISR.obj (.text:_EPWM11_TZ_ISR)
                  0008b5fb    0000000a     F2837xD_DefaultISR.obj (.text:_EPWM12_ISR)
                  0008b605    0000000a     F2837xD_DefaultISR.obj (.text:_EPWM12_TZ_ISR)
                  0008b60f    0000000a     F2837xD_DefaultISR.obj (.text:_EPWM1_ISR)
                  0008b619    0000000a     F2837xD_DefaultISR.obj (.text:_EPWM1_TZ_ISR)
                  0008b623    0000000a     F2837xD_DefaultISR.obj (.text:_EPWM2_ISR)
                  0008b62d    0000000a     F2837xD_DefaultISR.obj (.text:_EPWM2_TZ_ISR)
                  0008b637    0000000a     F2837xD_DefaultISR.obj (.text:_EPWM3_ISR)
                  0008b641    0000000a     F2837xD_DefaultISR.obj (.text:_EPWM3_TZ_ISR)
                  0008b64b    0000000a     F2837xD_DefaultISR.obj (.text:_EPWM4_ISR)
                  0008b655    0000000a     F2837xD_DefaultISR.obj (.text:_EPWM4_TZ_ISR)
                  0008b65f    0000000a     F2837xD_DefaultISR.obj (.text:_EPWM5_ISR)
                  0008b669    0000000a     F2837xD_DefaultISR.obj (.text:_EPWM5_TZ_ISR)
                  0008b673    0000000a     F2837xD_DefaultISR.obj (.text:_EPWM6_ISR)
                  0008b67d    0000000a     F2837xD_DefaultISR.obj (.text:_EPWM6_TZ_ISR)
                  0008b687    0000000a     F2837xD_DefaultISR.obj (.text:_EPWM7_ISR)
                  0008b691    0000000a     F2837xD_DefaultISR.obj (.text:_EPWM7_TZ_ISR)
                  0008b69b    0000000a     F2837xD_DefaultISR.obj (.text:_EPWM8_ISR)
                  0008b6a5    0000000a     F2837xD_DefaultISR.obj (.text:_EPWM8_TZ_ISR)
                  0008b6af    0000000a     F2837xD_DefaultISR.obj (.text:_EPWM9_ISR)
                  0008b6b9    0000000a     F2837xD_DefaultISR.obj (.text:_EPWM9_TZ_ISR)
                  0008b6c3    0000000a     F2837xD_DefaultISR.obj (.text:_EQEP1_ISR)
                  0008b6cd    0000000a     F2837xD_DefaultISR.obj (.text:_EQEP2_ISR)
                  0008b6d7    0000000a     F2837xD_DefaultISR.obj (.text:_EQEP3_ISR)
                  0008b6e1    0000000a     F2837xD_DefaultISR.obj (.text:_FLASH_CORRECTABLE_ERROR_ISR)
                  0008b6eb    0000000a     F2837xD_DefaultISR.obj (.text:_FPU_OVERFLOW_ISR)
                  0008b6f5    0000000a     F2837xD_DefaultISR.obj (.text:_FPU_UNDERFLOW_ISR)
                  0008b6ff    0000000a     F2837xD_DefaultISR.obj (.text:_I2CA_FIFO_ISR)
                  0008b709    0000000a     F2837xD_DefaultISR.obj (.text:_I2CA_ISR)
                  0008b713    0000000a     F2837xD_DefaultISR.obj (.text:_I2CB_FIFO_ISR)
[...]
0     0008b9ac  _ti_sysbios_hal_Timer_Module_startup__E                    
0     0008b9b5  _xdc_runtime_Startup_exec__I                               
0     0008b9be  _xdc_runtime_Text_visitRope__I                             
0     0008b9c7  __register_unlock                                          
0     0008b9cb  __register_lock                                            
0     0008b9cf  __nop                                                      
0     0008b9d0  _ti_catalog_c2800_initF2837x_Boot_disableWatchdog          
0     0008b9d8  _ti_catalog_c2800_initF2837x_Boot_initSharedRAMs           
0     0008b9e8  _clk0Fxn                                                   
0     0008b9f0  _ti_sysbios_BIOS_setThreadType__E                          
0     0008b9f8  _ti_sysbios_gates_GateMutex_Instance_finalize__E           
0     0008ba00  _ti_sysbios_knl_Semaphore_Instance_finalize__E             
0     0008ba08  _xdc_runtime_Memory_HeapProxy_alloc__E                     
0     0008ba10  _xdc_runtime_Memory_calloc__E                              
0     0008ba18  _xdc_runtime_SysMin_ready__E                               
0     0008ba20  _strlen                                                    
0     0008ba28  _ti_catalog_c2800_initF2837x_Boot_initStartup              
0     0008ba2f  _swiFxn                                                    
0     0008ba36  _ti_sysbios_knl_Queue_empty__E                             
0     0008ba3d  _xdc_runtime_System_aprintf__E                             
0     0008ba44  _xdc_runtime_System_printf__E                              
0     0008ba4b  _ti_sysbios_BIOS_exit__E                                   
0     0008ba51  _ti_sysbios_BIOS_start__E                                  
0     0008ba57  _ti_sysbios_family_c28_IntrinsicsSupport_maxbit__E         
0     0008ba5d  _ti_sysbios_knl_Swi_disable__E                             
0     0008ba63  _ti_sysbios_knl_Task_disable__E                            
0     0008ba69  _xdc_runtime_Gate_enterSystem__E                           
0     0008ba6f  _xdc_runtime_Gate_leaveSystem__E                           
0     0008ba75  _xdc_runtime_LoggerBuf_enable__E                           
0     0008ba7b  _ti_sysbios_family_c28_Hwi_switchFromBootStack__E          
0     0008ba80  _ti_sysbios_gates_GateHwi_enter__E                         
0     0008ba85  _xdc_runtime_LoggerBuf_disable__E                          
0     0008ba8a  _ti_sysbios_family_c28_Hwi_startup__E                      
0     0008ba8a  _ti_sysbios_hal_Hwi_HwiProxy_startup__E                    
0     0008ba8e  _ti_sysbios_family_c28_TaskSupport_getStackAlignment__E    
0     0008ba92  _ti_sysbios_heaps_HeapMem_isBlocking__E                    
0     0008ba96  _ti_sysbios_knl_Swi_startup__E                             
0     0008ba9a  _xdc_runtime_Memory_HeapProxy_free__E                      
0     0008ba9e  _xdc_runtime_Memory_getMaxDefaultTypeAlign__E              
0     0008baa2  _xdc_runtime_Startup_rtsDone__E                            
0     0008baa6  _ti_catalog_c2800_initF2837x_Boot_limpAbort                
0     0008baa9  ___xdc__init                                               
0     0008baac  _ti_sysbios_BIOS_RtsGateProxy_enter__E                     
0     0008baaf  _ti_sysbios_BIOS_RtsGateProxy_leave__E                     
0     0008bab2  _ti_sysbios_gates_GateHwi_leave__E                         
0     0008bab5  _ti_sysbios_hal_Hwi_HwiProxy_getStackInfo__E               
0     0008bab8  _ti_sysbios_hal_Hwi_HwiProxy_switchFromBootStack__E        
0     0008babb  _ti_sysbios_hal_Hwi_startup__E                             
0     0008babe  _ti_sysbios_heaps_HeapMem_Module_GateProxy_enter__E        
0     0008bac1  _ti_sysbios_heaps_HeapMem_Module_GateProxy_leave__E        
0     0008bac4  _ti_sysbios_heaps_HeapMem_Module_GateProxy_query__E        
0     0008bac7  _ti_sysbios_knl_Clock_TimerProxy_getMaxTicks__E            
0     0008baca  _ti_sysbios_knl_Idle_loop__E                               
0     0008bacd  _ti_sysbios_knl_Queue_Instance_init__E                     
0     0008bad0  _ti_sysbios_knl_Task_SupportProxy_checkStack__E            
0     0008bad3  _ti_sysbios_knl_Task_SupportProxy_getStackAlignment__E     
0     0008bad6  _ti_sysbios_knl_Task_SupportProxy_swap__E                  
0     0008bad9  _ti_sysbios_knl_Task_startup__E                            
0     0008badc  _xdc_runtime_LoggerBuf_Module_GateProxy_enter__E           
0     0008badf  _xdc_runtime_LoggerBuf_Module_GateProxy_leave__E           
0     0008bae2  _xdc_runtime_LoggerBuf_TimestampProxy_get64__E             
0     0008bae5  _xdc_runtime_System_Module_GateProxy_enter__E              
0     0008bae8  _xdc_runtime_System_Module_GateProxy_leave__E              
0     0008baeb  _xdc_runtime_System_Module_startup__E                      
0     0008baee  _xdc_runtime_System_SupportProxy_abort__E                  
0     0008baf1  _xdc_runtime_System_SupportProxy_exit__E                   
0     0008baf4  _xdc_runtime_System_SupportProxy_putch__E                  
0     0008baf7  _xdc_runtime_System_SupportProxy_ready__E                  
0     0008bafa  _xdc_runtime_System_abortStd__E                            
0     0008bafd  _xdc_runtime_System_exitStd__E                             
0     0008bb00  _ti_sysbios_family_c28_TaskSupport_Module__startupDone__S  
0     0008bb00  _ti_sysbios_knl_Task_SupportProxy_Module__startupDone__S   
0     0008bb02  _ti_sysbios_family_c28_Timer_getMaxTicks__E                
0     0008bb04  _ti_sysbios_gates_GateHwi_query__E                         
0     0008bb06  _ti_sysbios_gates_GateMutex_query__E                       
0     0008bb08  _xdc_runtime_Error_getSite__E                              
0     0008bb0a  __system_pre_init                                          
0     0008bb0c  _ti_sysbios_BIOS_linkedWithIncorrectBootLibrary__E         
0     0008bb0d  _ti_sysbios_BIOS_nullFunc__I                               
0     0008bb0e  _ti_sysbios_family_c28_Hwi_interruptReturn__I              
0     0008bb0f  _ti_sysbios_gates_GateHwi_Instance_init__E                 
0     0008bb10  __system_post_cinit                                        
0     0008bb11  ___etext__                                                 
0     0008bb11  etext                                                      
1     00000122  __stack                                                    
1     00000222  __STACK_END                                                
1     00000b00  _AdcaResultRegs                                            
1     00000b20  _AdcbResultRegs                                            
1     00000b40  _AdccResultRegs                                            
1     00000b60  _AdcdResultRegs                                            
1     00000c00  _CpuTimer0Regs                                             
1     00000c08  _CpuTimer1Regs                                             
1     00000c10  _CpuTimer2Regs                                             
1     00000ce0  _PieCtrlRegs                                               
1     00001000  _DmaRegs                                                   
1     00004000  _EPwm1Regs                                                 
1     00004100  _EPwm2Regs                                                 
1     00004200  _EPwm3Regs                                                 
1     00004300  _EPwm4Regs                                                 
1     00004400  _EPwm5Regs                                                 
1     00004500  _EPwm6Regs                                                 
1     00004600  _EPwm7Regs                                                 
1     00004700  _EPwm8Regs                                                 
1     00004800  _EPwm9Regs                                                 
1     00004900  _EPwm10Regs                                                
1     00004a00  _EPwm11Regs                                                
1     00004b00  _EPwm12Regs                                                
1     00005000  _ECap1Regs                                                 
1     00005020  _ECap2Regs                                                 
1     00005040  _ECap3Regs                                                 
1     00005060  _ECap4Regs                                                 
1     00005080  _ECap5Regs                                                 
1     000050a0  _ECap6Regs                                                 
1     00005100  _EQep1Regs                                                 
1     00005140  _EQep2Regs                                                 
1     00005180  _EQep3Regs                                                 
1     00005c00  _DacaRegs                                                  
1     00005c10  _DacbRegs                                                  
1     00005c20  _DaccRegs                                                  
1     00005c80  _Cmpss1Regs                                                
1     00005ca0  _Cmpss2Regs                                                
1     00005cc0  _Cmpss3Regs                                                
1     00005ce0  _Cmpss4Regs                                                
1     00005d00  _Cmpss5Regs                                                
1     00005d20  _Cmpss6Regs                                                
1     00005d40  _Cmpss7Regs                                                
1     00005d60  _Cmpss8Regs                                                
1     00005e00  _Sdfm1Regs                                                 
1     00005e80  _Sdfm2Regs                                                 
1     00006000  _McbspaRegs                                                
1     00006040  _McbspbRegs                                                
1     00006100  _SpiaRegs                                                  
1     00006110  _SpibRegs                                                  
1     00006120  _SpicRegs                                                  
1     00006200  _UppRegs                                                   
1     00007000  _WdRegs                                                    
1     00007060  _NmiIntruptRegs                                            
1     00007070  _XintRegs                                                  
1     00007200  _SciaRegs                                                  
1     00007210  _ScibRegs                                                  
1     00007220  _ScicRegs                                                  
1     00007230  _ScidRegs                                                  
1     00007300  _I2caRegs                                                  
1     00007340  _I2cbRegs                                                  
1     00007400  _AdcaRegs                                                  
1     00007480  _AdcbRegs                                                  
1     00007500  _AdccRegs                                                  
1     00007580  _AdcdRegs                                                  
1     00007900  _InputXbarRegs                                             
1     00007920  _XbarRegs                                                  
1     00007940  _SyncSocRegs                                               
1     00007980  _DmaClaSrcSelRegs                                          
1     00007a00  _EPwmXbarRegs                                              
1     00007a80  _OutputXbarRegs                                            
1     00007c00  _GpioCtrlRegs                                              
1     00007f00  _GpioDataRegs                                              
1     00008000  _RamfuncsLoadEnd                                           
1     00008000  _RamfuncsLoadStart                                         
1     00008000  _RamfuncsRunEnd                                            
1     00008000  _RamfuncsRunStart                                          
1     00008000  _ti_sysbios_knl_Task_Instance_State_0_stack__A             
1     00008100  _ti_sysbios_heaps_HeapMem_Instance_State_0_buf__A          
1     00008904  _ti_sysbios_knl_Task_Object__table__V                      
1     0000892e  _xdc_runtime_LoggerBuf_Object__table__V                    
1     00008940  _xdc_runtime_LoggerBuf_Instance_State_0_entryArr__A        
1     00008b40  _xdc_runtime_SysMin_Module_State_0_outbuf__A               
1     00008d40  _ti_sysbios_family_c28_Hwi_Module_State_0_dispatchTable__A 
1     00008f00  _Uart                                                      
1     00009014  _ti_sysbios_gates_GateMutex_Object__table__V               
1     00009030  _ti_sysbios_family_c28_Hwi_Object__table__V                
1     00009040  _xdc_runtime_Error_Module__state__V                        
1     00009042  _xdc_runtime_Memory_Module__state__V                       
1     00009044  ___xdc__init__addr                                         
1     00009046  _xdc_runtime_LoggerBuf_Module__state__V                    
1     0000904a  _ti_sysbios_family_c28_Hwi_Module__root__V                 
1     0000904e  _ti_sysbios_family_c28_Timer_Module__root__V               
1     00009052  _ti_sysbios_gates_GateHwi_Module__root__V                  
1     00009056  _ti_sysbios_gates_GateMutex_Module__root__V                
1     0000905a  _ti_sysbios_hal_Hwi_Module__root__V                        
1     0000905e  _ti_sysbios_hal_Timer_Module__root__V                      
1     00009062  _ti_sysbios_heaps_HeapMem_Module__root__V                  
1     00009066  _ti_sysbios_knl_Clock_Module__root__V                      
1     0000906a  _ti_sysbios_knl_Queue_Module__root__V                      
1     0000906e  _ti_sysbios_knl_Semaphore_Module__root__V                  
1     00009072  _ti_sysbios_knl_Swi_Module__root__V                        
1     00009076  _ti_sysbios_knl_Task_Module__root__V                       
1     0000907a  _xdc_runtime_LoggerBuf_Module__root__V                     
1     00009080  _xdc_runtime_Registry_Module__state__V                     
1     00009084  _xdc_runtime_Startup_Module__state__V                      
1     00009088  _xdc_runtime_SysMin_Module__state__V                       
1     0000908c  _xdc_runtime_System_Module__state__V                       
1     00009090  _xdc_runtime_Text_Module__state__V                         
1     00009094  _ti_sysbios_family_c28_Timer_Module__state__V              
1     0000909c  _ti_sysbios_knl_Swi_Module__state__V                       
1     000090a8  _xdc_runtime_Error_IgnoreBlock                             
1     000090c0  _ti_sysbios_family_c28_Hwi_Module__state__V                
1     000090d0  _ti_sysbios_BIOS_Module__state__V                          
1     000090e2  _ti_sysbios_knl_Clock_Module__state__V                     
1     00009100  _ti_sysbios_knl_Task_Module__state__V                      
1     00009120  _myQ                                                       
1     00009122  _task                                                      
1     00009124  _task1                                                     
1     00009126  _swi                                                       
1     00009128  _clk0Struct                                                
1     0000913a  ___TI_enable_exit_profile_output                           
1     0000913c  ___TI_cleanup_ptr                                          
1     0000913e  ___TI_dtors_ptr                                            
1     00009140  _ti_sysbios_knl_Swi_Module_State_0_readyQ__A               
1     00009180  _ti_sysbios_knl_Task_Module_State_0_readyQ__A              
1     000091c0  _CpuTimer0                                                 
1     000091c8  _CpuTimer1                                                 
1     000091d0  _CpuTimer2                                                 
1     000091d8  _ti_sysbios_family_c28_Timer_Object__table__V              
1     000091f0  _ti_sysbios_heaps_HeapMem_Object__table__V                 
1     000091fc  __lock                                                     
1     000091fe  __unlock                                                   
1     00009200  _ti_sysbios_knl_Swi_Object__table__V                       
1     00009214  _parmbuf                                                   
1     0000921c  _xdc_runtime_System_Module_State_0_atexitHandlers__A       
1     00009224  _ti_sysbios_gates_GateHwi_Object__table__V                 
1     00009226  _ti_sysbios_knl_Task_Module_State_0_idleTask__A            
1     00009228  _t                                                         
1     00009229  _j                                                         
1     00009280  __CIOBUF_                                                  
1     0003fc00  _g_asIPCCPU1toCPU2Buffers                                  
1     0003fc80  _g_usPutWriteIndexes                                       
1     0003fc84  _g_usGetReadIndexes                                        
1     00047000  _Emif1Regs                                                 
1     00047800  _Emif2Regs                                                 
1     00050000  _IpcRegs                                                   
1     00050024  _FlashPumpSemaphoreRegs                                    
1     0005d000  _DevCfgRegs                                                
1     0005d180  _AnalogSubsysRegs                                          
1     0005d200  _ClkCfgRegs                                                
1     0005d300  _CpuSysRegs                                                
1     0005e608  _RomPrefetchRegs                                           
1     0005f000  _DcsmZ1Regs                                                
1     0005f040  _DcsmZ2Regs                                                
1     0005f070  _DcsmCommonRegs                                            
1     0005f400  _MemCfgRegs                                                
1     0005f480  _Emif1ConfigRegs                                           
1     0005f4a0  _Emif2ConfigRegs                                           
1     0005f4c0  _AccessProtectionRegs                                      
1     0005f500  _MemoryErrorRegs                                           
1     0005f540  _RomWaitStateRegs                                          
1     0005f800  _Flash0CtrlRegs                                            
1     0005fb00  _Flash0EccRegs                                             
1     00078000  _DcsmZ1Otp                                                 
1     00078200  _DcsmZ2Otp                                                 
abs   00000000  _RamfuncsLoadSize                                          
abs   00000000  _RamfuncsRunSize                                           
abs   00000001  _xdc_rov_runtime_Mon__checksum                             
abs   00000001  _xdc_rov_runtime_Mon__write                                
abs   00000001  _xdc_runtime_Startup__EXECFXN__C                           
abs   00000001  _xdc_runtime_Startup__RESETFXN__C                          
abs   00000100  __STACK_SIZE                                               
abs   ffffffff  ___TI_pprof_out_hndl                                       
abs   ffffffff  ___TI_prof_data_size                                       
abs   ffffffff  ___TI_prof_data_start                                      
abs   ffffffff  ___c_args__                                                
abs   ffffffff  ___pinit__                                                 
abs   ffffffff  pinit                                                      

[851 symbols]
