<?xml version="1.0" encoding="ISO-8859-1" ?>
<link_info>
   <banner>TMS320C2000 Linker PC v18.12.1.LTS</banner>
   <copyright>Copyright (c) 1996-2018 Texas Instruments Incorporated</copyright>
   <link_time>0x5d845698</link_time>
   <link_errors>0x0</link_errors>
   <output_file>RTOSdemo.out</output_file>
   <entry_point>
      <name>_c_int00</name>
      <address>0x8a03c</address>
   </entry_point>
   <input_file_list>
      <input_file id="fl-2">
         <path>.\souce\</path>
         <kind>object</kind>
         <file>F2837xD_Adc.obj</file>
         <name>F2837xD_Adc.obj</name>
      </input_file>
      <input_file id="fl-3">
         <path>.\souce\</path>
         <kind>object</kind>
         <file>F2837xD_CodeStartBranch.obj</file>
         <name>F2837xD_CodeStartBranch.obj</name>
      </input_file>
      <input_file id="fl-4">
         <path>.\souce\</path>
         <kind>object</kind>
         <file>F2837xD_CpuTimers.obj</file>
         <name>F2837xD_CpuTimers.obj</name>
      </input_file>
      <input_file id="fl-5">
         <path>.\souce\</path>
         <kind>object</kind>
         <file>F2837xD_DefaultISR.obj</file>
         <name>F2837xD_DefaultISR.obj</name>
      </input_file>
      <input_file id="fl-6">
         <path>.\souce\</path>
         <kind>object</kind>
         <file>F2837xD_Emif.obj</file>
         <name>F2837xD_Emif.obj</name>
      </input_file>
      <input_file id="fl-7">
         <path>.\souce\</path>
         <kind>object</kind>
         <file>F2837xD_GlobalVariableDefs.obj</file>
         <name>F2837xD_GlobalVariableDefs.obj</name>
      </input_file>
      <input_file id="fl-8">
         <path>.\souce\</path>
         <kind>object</kind>
         <file>F2837xD_Gpio.obj</file>
         <name>F2837xD_Gpio.obj</name>
      </input_file>
      <input_file id="fl-9">
         <path>.\souce\</path>
         <kind>object</kind>
         <file>F2837xD_Ipc.obj</file>
         <name>F2837xD_Ipc.obj</name>
      </input_file>
      <input_file id="fl-a">
         <path>.\souce\</path>
         <kind>object</kind>
         <file>F2837xD_Ipc_Driver.obj</file>
         <name>F2837xD_Ipc_Driver.obj</name>
      </input_file>
      <input_file id="fl-b">
         <path>.\souce\</path>
         <kind>object</kind>
         <file>F2837xD_Ipc_Driver_Lite.obj</file>
         <name>F2837xD_Ipc_Driver_Lite.obj</name>
      </input_file>
      <input_file id="fl-c">
         <path>.\souce\</path>
         <kind>object</kind>
         <file>F2837xD_Ipc_Driver_Util.obj</file>
         <name>F2837xD_Ipc_Driver_Util.obj</name>
      </input_file>
      <input_file id="fl-d">
         <path>.\souce\</path>
         <kind>object</kind>
         <file>F2837xD_PieCtrl.obj</file>
         <name>F2837xD_PieCtrl.obj</name>
      </input_file>
      <input_file id="fl-e">
         <path>.\souce\</path>
         <kind>object</kind>
         <file>F2837xD_PieVect.obj</file>
         <name>F2837xD_PieVect.obj</name>
      </input_file>
      <input_file id="fl-f">
         <path>.\souce\</path>
         <kind>object</kind>
         <file>F2837xD_SysCtrl.obj</file>
         <name>F2837xD_SysCtrl.obj</name>
      </input_file>
      <input_file id="fl-10">
         <path>.\souce\</path>
         <kind>object</kind>
         <file>F2837xD_usDelay.obj</file>
         <name>F2837xD_usDelay.obj</name>
      </input_file>
      <input_file id="fl-11">
         <path>.\user\</path>
         <kind>object</kind>
         <file>InitCtrl.obj</file>
         <name>InitCtrl.obj</name>
      </input_file>
      <input_file id="fl-12">
         <path>.\user\</path>
         <kind>object</kind>
         <file>Initcpu.obj</file>
         <name>Initcpu.obj</name>
      </input_file>
      <input_file id="fl-13">
         <path>.\user\</path>
         <kind>object</kind>
         <file>isr.obj</file>
         <name>isr.obj</name>
      </input_file>
      <input_file id="fl-14">
         <path>.\user\</path>
         <kind>object</kind>
         <file>main.obj</file>
         <name>main.obj</name>
      </input_file>
      <input_file id="fl-15">
         <path>.\user\</path>
         <kind>object</kind>
         <file>task.obj</file>
         <name>task.obj</name>
      </input_file>
      <input_file id="fl-19">
         <path>D:\project\TiRTOS\28379test\Debug\configPkg\package\cfg\</path>
         <kind>object</kind>
         <file>app_p28FP.o28FP</file>
         <name>app_p28FP.o28FP</name>
      </input_file>
      <input_file id="fl-21">
         <kind>object</kind>
         <file>&lt;internal&gt;</file>
         <name>&lt;internal&gt;</name>
      </input_file>
      <input_file id="fl-22">
         <path>D:\project\TiRTOS\28379test\src\sysbios\</path>
         <kind>archive</kind>
         <file>sysbios.a28FP</file>
         <name>BIOS.obj</name>
      </input_file>
      <input_file id="fl-23">
         <path>D:\project\TiRTOS\28379test\src\sysbios\</path>
         <kind>archive</kind>
         <file>sysbios.a28FP</file>
         <name>c28_Hwi_asm.obj</name>
      </input_file>
      <input_file id="fl-24">
         <path>D:\project\TiRTOS\28379test\src\sysbios\</path>
         <kind>archive</kind>
         <file>sysbios.a28FP</file>
         <name>c28_Hwi_disp_asm.obj</name>
      </input_file>
      <input_file id="fl-25">
         <path>D:\project\TiRTOS\28379test\src\sysbios\</path>
         <kind>archive</kind>
         <file>sysbios.a28FP</file>
         <name>c28_IntrinsicsSupport_asm.obj</name>
      </input_file>
      <input_file id="fl-26">
         <path>D:\project\TiRTOS\28379test\src\sysbios\</path>
         <kind>archive</kind>
         <file>sysbios.a28FP</file>
         <name>c28_TaskSupport_asm.obj</name>
      </input_file>
      <input_file id="fl-27">
         <path>C:\ti\bios_6_76_00_08\packages\ti\targets\rts2800\lib\</path>
         <kind>archive</kind>
         <file>ti.targets.rts2800.a28FP</file>
         <name>Assert.o28FP</name>
      </input_file>
      <input_file id="fl-28">
         <path>C:\ti\bios_6_76_00_08\packages\ti\targets\rts2800\lib\</path>
         <kind>archive</kind>
         <file>ti.targets.rts2800.a28FP</file>
         <name>Core-mem.o28FP</name>
      </input_file>
      <input_file id="fl-29">
         <path>C:\ti\bios_6_76_00_08\packages\ti\targets\rts2800\lib\</path>
         <kind>archive</kind>
         <file>ti.targets.rts2800.a28FP</file>
         <name>Core-smem.o28FP</name>
      </input_file>
      <input_file id="fl-2a">
         <path>C:\ti\bios_6_76_00_08\packages\ti\targets\rts2800\lib\</path>
         <kind>archive</kind>
         <file>ti.targets.rts2800.a28FP</file>
         <name>Core-label.o28FP</name>
      </input_file>
      <input_file id="fl-2b">
         <path>C:\ti\bios_6_76_00_08\packages\ti\targets\rts2800\lib\</path>
         <kind>archive</kind>
         <file>ti.targets.rts2800.a28FP</file>
         <name>Core-params.o28FP</name>
      </input_file>
      <input_file id="fl-2c">
         <path>C:\ti\bios_6_76_00_08\packages\ti\targets\rts2800\lib\</path>
         <kind>archive</kind>
         <file>ti.targets.rts2800.a28FP</file>
         <name>Error.o28FP</name>
      </input_file>
      <input_file id="fl-2d">
         <path>C:\ti\bios_6_76_00_08\packages\ti\targets\rts2800\lib\</path>
         <kind>archive</kind>
         <file>ti.targets.rts2800.a28FP</file>
         <name>Gate.o28FP</name>
      </input_file>
      <input_file id="fl-2e">
         <path>C:\ti\bios_6_76_00_08\packages\ti\targets\rts2800\lib\</path>
         <kind>archive</kind>
         <file>ti.targets.rts2800.a28FP</file>
         <name>LoggerBuf.o28FP</name>
      </input_file>
      <input_file id="fl-2f">
         <path>C:\ti\bios_6_76_00_08\packages\ti\targets\rts2800\lib\</path>
         <kind>archive</kind>
         <file>ti.targets.rts2800.a28FP</file>
         <name>Memory.o28FP</name>
      </input_file>
      <input_file id="fl-30">
         <path>C:\ti\bios_6_76_00_08\packages\ti\targets\rts2800\lib\</path>
         <kind>archive</kind>
         <file>ti.targets.rts2800.a28FP</file>
         <name>Startup.o28FP</name>
      </input_file>
      <input_file id="fl-31">
         <path>C:\ti\bios_6_76_00_08\packages\ti\targets\rts2800\lib\</path>
         <kind>archive</kind>
         <file>ti.targets.rts2800.a28FP</file>
         <name>System.o28FP</name>
      </input_file>
      <input_file id="fl-32">
         <path>C:\ti\bios_6_76_00_08\packages\ti\targets\rts2800\lib\</path>
         <kind>archive</kind>
         <file>ti.targets.rts2800.a28FP</file>
         <name>SysMin.o28FP</name>
      </input_file>
      <input_file id="fl-33">
         <path>C:\ti\bios_6_76_00_08\packages\ti\targets\rts2800\lib\</path>
         <kind>archive</kind>
         <file>ti.targets.rts2800.a28FP</file>
         <name>Text.o28FP</name>
      </input_file>
      <input_file id="fl-34">
         <path>C:\ti\bios_6_76_00_08\packages\ti\targets\rts2800\lib\</path>
         <kind>archive</kind>
         <file>ti.targets.rts2800.a28FP</file>
         <name>xdc_noinit.o28FP</name>
      </input_file>
      <input_file id="fl-35">
         <path>C:\ti\bios_6_76_00_08\packages\ti\targets\rts2800\lib\</path>
         <kind>archive</kind>
         <file>ti.targets.rts2800.a28FP</file>
         <name>Log.o28FP</name>
      </input_file>
      <input_file id="fl-36">
         <path>C:\ti\bios_6_76_00_08\packages\ti\targets\rts2800\lib\</path>
         <kind>archive</kind>
         <file>ti.targets.rts2800.a28FP</file>
         <name>Registry.o28FP</name>
      </input_file>
      <input_file id="fl-37">
         <path>C:\ti\bios_6_76_00_08\packages\ti\targets\rts2800\lib\</path>
         <kind>archive</kind>
         <file>boot.a28FP</file>
         <name>boot_cg.o28FP</name>
      </input_file>
      <input_file id="fl-38">
         <path>C:\ti\bios_6_76_00_08\packages\ti\catalog\c2800\initF2837x\lib\</path>
         <kind>archive</kind>
         <file>Boot.a28FP</file>
         <name>Boot.o28FP</name>
      </input_file>
      <input_file id="fl-39">
         <path>C:\ti\bios_6_76_00_08\packages\ti\catalog\c2800\initF2837x\lib\</path>
         <kind>archive</kind>
         <file>Boot.a28FP</file>
         <name>Boot_asm.o28FP</name>
      </input_file>
      <input_file id="fl-45">
         <path>D:\software\ti-cgt-c2000_18.12.1.LTS\lib\</path>
         <kind>archive</kind>
         <file>rts2800_fpu32.lib</file>
         <name>ll_aox28.asm.obj</name>
      </input_file>
      <input_file id="fl-46">
         <path>D:\software\ti-cgt-c2000_18.12.1.LTS\lib\</path>
         <kind>archive</kind>
         <file>rts2800_fpu32.lib</file>
         <name>ll_div28.asm.obj</name>
      </input_file>
      <input_file id="fl-47">
         <path>D:\software\ti-cgt-c2000_18.12.1.LTS\lib\</path>
         <kind>archive</kind>
         <file>rts2800_fpu32.lib</file>
         <name>cpy_tbl.c.obj</name>
      </input_file>
      <input_file id="fl-48">
         <path>D:\software\ti-cgt-c2000_18.12.1.LTS\lib\</path>
         <kind>archive</kind>
         <file>rts2800_fpu32.lib</file>
         <name>memcpy.c.obj</name>
      </input_file>
      <input_file id="fl-49">
         <path>D:\software\ti-cgt-c2000_18.12.1.LTS\lib\</path>
         <kind>archive</kind>
         <file>rts2800_fpu32.lib</file>
         <name>pre_init.c.obj</name>
      </input_file>
      <input_file id="fl-4a">
         <path>D:\software\ti-cgt-c2000_18.12.1.LTS\lib\</path>
         <kind>archive</kind>
         <file>rts2800_fpu32.lib</file>
         <name>startup.c.obj</name>
      </input_file>
      <input_file id="fl-4b">
         <path>D:\software\ti-cgt-c2000_18.12.1.LTS\lib\</path>
         <kind>archive</kind>
         <file>rts2800_fpu32.lib</file>
         <name>exit.c.obj</name>
      </input_file>
      <input_file id="fl-4c">
         <path>D:\software\ti-cgt-c2000_18.12.1.LTS\lib\</path>
         <kind>archive</kind>
         <file>rts2800_fpu32.lib</file>
         <name>_lock.c.obj</name>
      </input_file>
      <input_file id="fl-4d">
         <path>D:\software\ti-cgt-c2000_18.12.1.LTS\lib\</path>
         <kind>archive</kind>
         <file>rts2800_fpu32.lib</file>
         <name>args_main.c.obj</name>
      </input_file>
      <input_file id="fl-4e">
         <path>D:\software\ti-cgt-c2000_18.12.1.LTS\lib\</path>
         <kind>archive</kind>
         <file>rts2800_fpu32.lib</file>
         <name>memset.c.obj</name>
      </input_file>
      <input_file id="fl-4f">
         <path>D:\software\ti-cgt-c2000_18.12.1.LTS\lib\</path>
         <kind>archive</kind>
         <file>rts2800_fpu32.lib</file>
         <name>strcmp.c.obj</name>
      </input_file>
      <input_file id="fl-50">
         <path>D:\software\ti-cgt-c2000_18.12.1.LTS\lib\</path>
         <kind>archive</kind>
         <file>rts2800_fpu32.lib</file>
         <name>strlen.c.obj</name>
      </input_file>
      <input_file id="fl-51">
         <path>D:\software\ti-cgt-c2000_18.12.1.LTS\lib\</path>
         <kind>archive</kind>
         <file>rts2800_fpu32.lib</file>
         <name>hostwrite.c.obj</name>
      </input_file>
      <input_file id="fl-52">
         <path>D:\software\ti-cgt-c2000_18.12.1.LTS\lib\</path>
         <kind>archive</kind>
         <file>rts2800_fpu32.lib</file>
         <name>trgmsg.c.obj</name>
      </input_file>
      <input_file id="fl-53">
         <path>D:\software\ti-cgt-c2000_18.12.1.LTS\lib\</path>
         <kind>archive</kind>
         <file>rts2800_fpu32.lib</file>
         <name>hostopen.c.obj</name>
      </input_file>
   </input_file_list>
   <object_component_list>
      <object_component id="oc-190">
         <name>PieVectTableFile</name>
         <uninitialized>true</uninitialized>
         <run_address>0xd00</run_address>
         <size>0x1c0</size>
         <input_file_ref idref="fl-7"/>
      </object_component>
      <object_component id="oc-132">
         <name>EmuKeyVar</name>
         <uninitialized>true</uninitialized>
         <run_address>0xd00</run_address>
         <size>0x1</size>
         <input_file_ref idref="fl-7"/>
      </object_component>
      <object_component id="oc-133">
         <name>EmuBModeVar</name>
         <uninitialized>true</uninitialized>
         <run_address>0xd01</run_address>
         <size>0x1</size>
         <input_file_ref idref="fl-7"/>
      </object_component>
      <object_component id="oc-148">
         <name>AdcaResultFile</name>
         <uninitialized>true</uninitialized>
         <run_address>0xb00</run_address>
         <size>0x18</size>
         <input_file_ref idref="fl-7"/>
      </object_component>
      <object_component id="oc-149">
         <name>AdcbResultFile</name>
         <uninitialized>true</uninitialized>
         <run_address>0xb20</run_address>
         <size>0x18</size>
         <input_file_ref idref="fl-7"/>
      </object_component>
      <object_component id="oc-14a">
         <name>AdccResultFile</name>
         <uninitialized>true</uninitialized>
         <run_address>0xb40</run_address>
         <size>0x18</size>
         <input_file_ref idref="fl-7"/>
      </object_component>
      <object_component id="oc-14b">
         <name>AdcdResultFile</name>
         <uninitialized>true</uninitialized>
         <run_address>0xb60</run_address>
         <size>0x18</size>
         <input_file_ref idref="fl-7"/>
      </object_component>
      <object_component id="oc-178">
         <name>AdcaRegsFile</name>
         <uninitialized>true</uninitialized>
         <run_address>0x7400</run_address>
         <size>0x80</size>
         <input_file_ref idref="fl-7"/>
      </object_component>
      <object_component id="oc-179">
         <name>AdcbRegsFile</name>
         <uninitialized>true</uninitialized>
         <run_address>0x7480</run_address>
         <size>0x80</size>
         <input_file_ref idref="fl-7"/>
      </object_component>
      <object_component id="oc-17a">
         <name>AdccRegsFile</name>
         <uninitialized>true</uninitialized>
         <run_address>0x7500</run_address>
         <size>0x80</size>
         <input_file_ref idref="fl-7"/>
      </object_component>
      <object_component id="oc-17b">
         <name>AdcdRegsFile</name>
         <uninitialized>true</uninitialized>
         <run_address>0x7580</run_address>
         <size>0x80</size>
         <input_file_ref idref="fl-7"/>
      </object_component>
      <object_component id="oc-174">
         <name>AnalogSubsysRegsFile</name>
         <uninitialized>true</uninitialized>
         <run_address>0x5d180</run_address>
         <size>0x48</size>
         <input_file_ref idref="fl-7"/>
      </object_component>
      <object_component id="oc-14e">
         <name>Cmpss1RegsFile</name>
         <uninitialized>true</uninitialized>
         <run_address>0x5c80</run_address>
         <size>0x20</size>
         <input_file_ref idref="fl-7"/>
      </object_component>
      <object_component id="oc-14f">
         <name>Cmpss2RegsFile</name>
         <uninitialized>true</uninitialized>
         <run_address>0x5ca0</run_address>
         <size>0x20</size>
         <input_file_ref idref="fl-7"/>
      </object_component>
      <object_component id="oc-150">
         <name>Cmpss3RegsFile</name>
         <uninitialized>true</uninitialized>
         <run_address>0x5cc0</run_address>
         <size>0x20</size>
         <input_file_ref idref="fl-7"/>
      </object_component>
      <object_component id="oc-151">
         <name>Cmpss4RegsFile</name>
         <uninitialized>true</uninitialized>
         <run_address>0x5ce0</run_address>
         <size>0x20</size>
         <input_file_ref idref="fl-7"/>
      </object_component>
      <object_component id="oc-152">
         <name>Cmpss5RegsFile</name>
         <uninitialized>true</uninitialized>
         <run_address>0x5d00</run_address>
         <size>0x20</size>
         <input_file_ref idref="fl-7"/>
      </object_component>
      <object_component id="oc-153">
         <name>Cmpss6RegsFile</name>
         <uninitialized>true</uninitialized>
         <run_address>0x5d20</run_address>
         <size>0x20</size>
         <input_file_ref idref="fl-7"/>
      </object_component>
      <object_component id="oc-154">
         <name>Cmpss7RegsFile</name>
         <uninitialized>true</uninitialized>
         <run_address>0x5d40</run_address>
         <size>0x20</size>
         <input_file_ref idref="fl-7"/>
      </object_component>
      <object_component id="oc-155">
         <name>Cmpss8RegsFile</name>
         <uninitialized>true</uninitialized>
         <run_address>0x5d60</run_address>
         <size>0x20</size>
         <input_file_ref idref="fl-7"/>
      </object_component>
      <object_component id="oc-13c">
         <name>CpuTimer0RegsFile</name>
         <uninitialized>true</uninitialized>
         <run_address>0xc00</run_address>
         <size>0x8</size>
         <input_file_ref idref="fl-7"/>
      </object_component>
      <object_component id="oc-13d">
         <name>CpuTimer1RegsFile</name>
         <uninitialized>true</uninitialized>
         <run_address>0xc08</run_address>
         <size>0x8</size>
         <input_file_ref idref="fl-7"/>
      </object_component>
      <object_component id="oc-13e">
         <name>CpuTimer2RegsFile</name>
         <uninitialized>true</uninitialized>
         <run_address>0xc10</run_address>
         <size>0x8</size>
         <input_file_ref idref="fl-7"/>
      </object_component>
      <object_component id="oc-139">
         <name>DacaRegsFile</name>
         <uninitialized>true</uninitialized>
         <run_address>0x5c00</run_address>
         <size>0x8</size>
         <input_file_ref idref="fl-7"/>
      </object_component>
      <object_component id="oc-13a">
         <name>DacbRegsFile</name>
         <uninitialized>true</uninitialized>
         <run_address>0x5c10</run_address>
         <size>0x8</size>
         <input_file_ref idref="fl-7"/>
      </object_component>
      <object_component id="oc-13b">
         <name>DaccRegsFile</name>
         <uninitialized>true</uninitialized>
         <run_address>0x5c20</run_address>
         <size>0x8</size>
         <input_file_ref idref="fl-7"/>
      </object_component>
      <object_component id="oc-167">
         <name>DcsmZ1RegsFile</name>
         <uninitialized>true</uninitialized>
         <run_address>0x5f000</run_address>
         <size>0x24</size>
         <input_file_ref idref="fl-7"/>
      </object_component>
      <object_component id="oc-168">
         <name>DcsmZ2RegsFile</name>
         <uninitialized>true</uninitialized>
         <run_address>0x5f040</run_address>
         <size>0x24</size>
         <input_file_ref idref="fl-7"/>
      </object_component>
      <object_component id="oc-13f">
         <name>DcsmCommonRegsFile</name>
         <uninitialized>true</uninitialized>
         <run_address>0x5f070</run_address>
         <size>0x8</size>
         <input_file_ref idref="fl-7"/>
      </object_component>
      <object_component id="oc-156">
         <name>DcsmZ1OtpFile</name>
         <uninitialized>true</uninitialized>
         <run_address>0x78000</run_address>
         <size>0x20</size>
         <input_file_ref idref="fl-7"/>
      </object_component>
      <object_component id="oc-157">
         <name>DcsmZ2OtpFile</name>
         <uninitialized>true</uninitialized>
         <run_address>0x78200</run_address>
         <size>0x20</size>
         <input_file_ref idref="fl-7"/>
      </object_component>
      <object_component id="oc-180">
         <name>DmaRegsFile</name>
         <uninitialized>true</uninitialized>
         <run_address>0x1000</run_address>
         <size>0xe0</size>
         <input_file_ref idref="fl-7"/>
      </object_component>
      <object_component id="oc-14c">
         <name>DmaClaSrcSelRegsFile</name>
         <uninitialized>true</uninitialized>
         <run_address>0x7980</run_address>
         <size>0x1a</size>
         <input_file_ref idref="fl-7"/>
      </object_component>
      <object_component id="oc-158">
         <name>ECap1RegsFile</name>
         <uninitialized>true</uninitialized>
         <run_address>0x5000</run_address>
         <size>0x20</size>
         <input_file_ref idref="fl-7"/>
      </object_component>
      <object_component id="oc-159">
         <name>ECap2RegsFile</name>
         <uninitialized>true</uninitialized>
         <run_address>0x5020</run_address>
         <size>0x20</size>
         <input_file_ref idref="fl-7"/>
      </object_component>
      <object_component id="oc-15a">
         <name>ECap3RegsFile</name>
         <uninitialized>true</uninitialized>
         <run_address>0x5040</run_address>
         <size>0x20</size>
         <input_file_ref idref="fl-7"/>
      </object_component>
      <object_component id="oc-15b">
         <name>ECap4RegsFile</name>
         <uninitialized>true</uninitialized>
         <run_address>0x5060</run_address>
         <size>0x20</size>
         <input_file_ref idref="fl-7"/>
      </object_component>
      <object_component id="oc-15c">
         <name>ECap5RegsFile</name>
         <uninitialized>true</uninitialized>
         <run_address>0x5080</run_address>
         <size>0x20</size>
         <input_file_ref idref="fl-7"/>
      </object_component>
      <object_component id="oc-15d">
         <name>ECap6RegsFile</name>
         <uninitialized>true</uninitialized>
         <run_address>0x50a0</run_address>
         <size>0x20</size>
         <input_file_ref idref="fl-7"/>
      </object_component>
      <object_component id="oc-176">
         <name>Emif1RegsFile</name>
         <uninitialized>true</uninitialized>
         <run_address>0x47000</run_address>
         <size>0x70</size>
         <input_file_ref idref="fl-7"/>
      </object_component>
      <object_component id="oc-177">
         <name>Emif2RegsFile</name>
         <uninitialized>true</uninitialized>
         <run_address>0x47800</run_address>
         <size>0x70</size>
         <input_file_ref idref="fl-7"/>
      </object_component>
      <object_component id="oc-181">
         <name>EPwm1RegsFile</name>
         <uninitialized>true</uninitialized>
         <run_address>0x4000</run_address>
         <size>0x100</size>
         <input_file_ref idref="fl-7"/>
      </object_component>
      <object_component id="oc-182">
         <name>EPwm2RegsFile</name>
         <uninitialized>true</uninitialized>
         <run_address>0x4100</run_address>
         <size>0x100</size>
         <input_file_ref idref="fl-7"/>
      </object_component>
      <object_component id="oc-183">
         <name>EPwm3RegsFile</name>
         <uninitialized>true</uninitialized>
         <run_address>0x4200</run_address>
         <size>0x100</size>
         <input_file_ref idref="fl-7"/>
      </object_component>
      <object_component id="oc-184">
         <name>EPwm4RegsFile</name>
         <uninitialized>true</uninitialized>
         <run_address>0x4300</run_address>
         <size>0x100</size>
         <input_file_ref idref="fl-7"/>
      </object_component>
      <object_component id="oc-185">
         <name>EPwm5RegsFile</name>
         <uninitialized>true</uninitialized>
         <run_address>0x4400</run_address>
         <size>0x100</size>
         <input_file_ref idref="fl-7"/>
      </object_component>
      <object_component id="oc-186">
         <name>EPwm6RegsFile</name>
         <uninitialized>true</uninitialized>
         <run_address>0x4500</run_address>
         <size>0x100</size>
         <input_file_ref idref="fl-7"/>
      </object_component>
      <object_component id="oc-187">
         <name>EPwm7RegsFile</name>
         <uninitialized>true</uninitialized>
         <run_address>0x4600</run_address>
         <size>0x100</size>
         <input_file_ref idref="fl-7"/>
      </object_component>
      <object_component id="oc-188">
         <name>EPwm8RegsFile</name>
         <uninitialized>true</uninitialized>
         <run_address>0x4700</run_address>
         <size>0x100</size>
         <input_file_ref idref="fl-7"/>
      </object_component>
      <object_component id="oc-189">
         <name>EPwm9RegsFile</name>
         <uninitialized>true</uninitialized>
         <run_address>0x4800</run_address>
         <size>0x100</size>
         <input_file_ref idref="fl-7"/>
      </object_component>
      <object_component id="oc-18a">
         <name>EPwm10RegsFile</name>
         <uninitialized>true</uninitialized>
         <run_address>0x4900</run_address>
         <size>0x100</size>
         <input_file_ref idref="fl-7"/>
      </object_component>
      <object_component id="oc-18b">
         <name>EPwm11RegsFile</name>
         <uninitialized>true</uninitialized>
         <run_address>0x4a00</run_address>
         <size>0x100</size>
         <input_file_ref idref="fl-7"/>
      </object_component>
      <object_component id="oc-18c">
         <name>EPwm12RegsFile</name>
         <uninitialized>true</uninitialized>
         <run_address>0x4b00</run_address>
         <size>0x100</size>
         <input_file_ref idref="fl-7"/>
      </object_component>
      <object_component id="oc-170">
         <name>EPwmXbarRegsFile</name>
         <uninitialized>true</uninitialized>
         <run_address>0x7a00</run_address>
         <size>0x40</size>
         <input_file_ref idref="fl-7"/>
      </object_component>
      <object_component id="oc-162">
         <name>EQep1RegsFile</name>
         <uninitialized>true</uninitialized>
         <run_address>0x5100</run_address>
         <size>0x22</size>
         <input_file_ref idref="fl-7"/>
      </object_component>
      <object_component id="oc-163">
         <name>EQep2RegsFile</name>
         <uninitialized>true</uninitialized>
         <run_address>0x5140</run_address>
         <size>0x22</size>
         <input_file_ref idref="fl-7"/>
      </object_component>
      <object_component id="oc-164">
         <name>EQep3RegsFile</name>
         <uninitialized>true</uninitialized>
         <run_address>0x5180</run_address>
         <size>0x22</size>
         <input_file_ref idref="fl-7"/>
      </object_component>
      <object_component id="oc-18f">
         <name>Flash0CtrlRegsFile</name>
         <uninitialized>true</uninitialized>
         <run_address>0x5f800</run_address>
         <size>0x182</size>
         <input_file_ref idref="fl-7"/>
      </object_component>
      <object_component id="oc-16c">
         <name>Flash0EccRegsFile</name>
         <uninitialized>true</uninitialized>
         <run_address>0x5fb00</run_address>
         <size>0x28</size>
         <input_file_ref idref="fl-7"/>
      </object_component>
      <object_component id="oc-18e">
         <name>GpioCtrlRegsFile</name>
         <uninitialized>true</uninitialized>
         <run_address>0x7c00</run_address>
         <size>0x180</size>
         <input_file_ref idref="fl-7"/>
      </object_component>
      <object_component id="oc-16e">
         <name>GpioDataRegsFile</name>
         <uninitialized>true</uninitialized>
         <run_address>0x7f00</run_address>
         <size>0x30</size>
         <input_file_ref idref="fl-7"/>
      </object_component>
      <object_component id="oc-171">
         <name>OutputXbarRegsFile</name>
         <uninitialized>true</uninitialized>
         <run_address>0x7a80</run_address>
         <size>0x40</size>
         <input_file_ref idref="fl-7"/>
      </object_component>
      <object_component id="oc-165">
         <name>I2caRegsFile</name>
         <uninitialized>true</uninitialized>
         <run_address>0x7300</run_address>
         <size>0x22</size>
         <input_file_ref idref="fl-7"/>
      </object_component>
      <object_component id="oc-166">
         <name>I2cbRegsFile</name>
         <uninitialized>true</uninitialized>
         <run_address>0x7340</run_address>
         <size>0x22</size>
         <input_file_ref idref="fl-7"/>
      </object_component>
      <object_component id="oc-15e">
         <name>InputXbarRegsFile</name>
         <uninitialized>true</uninitialized>
         <run_address>0x7900</run_address>
         <size>0x20</size>
         <input_file_ref idref="fl-7"/>
      </object_component>
      <object_component id="oc-15f">
         <name>XbarRegsFile</name>
         <uninitialized>true</uninitialized>
         <run_address>0x7920</run_address>
         <size>0x20</size>
         <input_file_ref idref="fl-7"/>
      </object_component>
      <object_component id="oc-169">
         <name>IpcRegsFile</name>
         <uninitialized>true</uninitialized>
         <run_address>0x50000</run_address>
         <size>0x24</size>
         <input_file_ref idref="fl-7"/>
      </object_component>
      <object_component id="oc-134">
         <name>FlashPumpSemaphoreRegsFile</name>
         <uninitialized>true</uninitialized>
         <run_address>0x50024</run_address>
         <size>0x2</size>
         <input_file_ref idref="fl-7"/>
      </object_component>
      <object_component id="oc-135">
         <name>RomPrefetchRegsFile</name>
         <uninitialized>true</uninitialized>
         <run_address>0x5e608</run_address>
         <size>0x2</size>
         <input_file_ref idref="fl-7"/>
      </object_component>
      <object_component id="oc-17c">
         <name>MemCfgRegsFile</name>
         <uninitialized>true</uninitialized>
         <run_address>0x5f400</run_address>
         <size>0x80</size>
         <input_file_ref idref="fl-7"/>
      </object_component>
      <object_component id="oc-160">
         <name>Emif1ConfigRegsFile</name>
         <uninitialized>true</uninitialized>
         <run_address>0x5f480</run_address>
         <size>0x20</size>
         <input_file_ref idref="fl-7"/>
      </object_component>
      <object_component id="oc-161">
         <name>Emif2ConfigRegsFile</name>
         <uninitialized>true</uninitialized>
         <run_address>0x5f4a0</run_address>
         <size>0x20</size>
         <input_file_ref idref="fl-7"/>
      </object_component>
      <object_component id="oc-172">
         <name>AccessProtectionRegsFile</name>
         <uninitialized>true</uninitialized>
         <run_address>0x5f4c0</run_address>
         <size>0x40</size>
         <input_file_ref idref="fl-7"/>
      </object_component>
      <object_component id="oc-173">
         <name>MemoryErrorRegsFile</name>
         <uninitialized>true</uninitialized>
         <run_address>0x5f500</run_address>
         <size>0x40</size>
         <input_file_ref idref="fl-7"/>
      </object_component>
      <object_component id="oc-136">
         <name>RomWaitStateRegsFile</name>
         <uninitialized>true</uninitialized>
         <run_address>0x5f540</run_address>
         <size>0x2</size>
         <input_file_ref idref="fl-7"/>
      </object_component>
      <object_component id="oc-16a">
         <name>McbspaRegsFile</name>
         <uninitialized>true</uninitialized>
         <run_address>0x6000</run_address>
         <size>0x24</size>
         <input_file_ref idref="fl-7"/>
      </object_component>
      <object_component id="oc-16b">
         <name>McbspbRegsFile</name>
         <uninitialized>true</uninitialized>
         <run_address>0x6040</run_address>
         <size>0x24</size>
         <input_file_ref idref="fl-7"/>
      </object_component>
      <object_component id="oc-175">
         <name>UppRegsFile</name>
         <uninitialized>true</uninitialized>
         <run_address>0x6200</run_address>
         <size>0x48</size>
         <input_file_ref idref="fl-7"/>
      </object_component>
      <object_component id="oc-138">
         <name>NmiIntruptRegsFile</name>
         <uninitialized>true</uninitialized>
         <run_address>0x7060</run_address>
         <size>0x7</size>
         <input_file_ref idref="fl-7"/>
      </object_component>
      <object_component id="oc-14d">
         <name>PieCtrlRegsFile</name>
         <uninitialized>true</uninitialized>
         <run_address>0xce0</run_address>
         <size>0x1a</size>
         <input_file_ref idref="fl-7"/>
      </object_component>
      <object_component id="oc-141">
         <name>SciaRegsFile</name>
         <uninitialized>true</uninitialized>
         <run_address>0x7200</run_address>
         <size>0x10</size>
         <input_file_ref idref="fl-7"/>
      </object_component>
      <object_component id="oc-142">
         <name>ScibRegsFile</name>
         <uninitialized>true</uninitialized>
         <run_address>0x7210</run_address>
         <size>0x10</size>
         <input_file_ref idref="fl-7"/>
      </object_component>
      <object_component id="oc-143">
         <name>ScicRegsFile</name>
         <uninitialized>true</uninitialized>
         <run_address>0x7220</run_address>
         <size>0x10</size>
         <input_file_ref idref="fl-7"/>
      </object_component>
      <object_component id="oc-144">
         <name>ScidRegsFile</name>
         <uninitialized>true</uninitialized>
         <run_address>0x7230</run_address>
         <size>0x10</size>
         <input_file_ref idref="fl-7"/>
      </object_component>
      <object_component id="oc-17d">
         <name>Sdfm1RegsFile</name>
         <uninitialized>true</uninitialized>
         <run_address>0x5e00</run_address>
         <size>0x80</size>
         <input_file_ref idref="fl-7"/>
      </object_component>
      <object_component id="oc-17e">
         <name>Sdfm2RegsFile</name>
         <uninitialized>true</uninitialized>
         <run_address>0x5e80</run_address>
         <size>0x80</size>
         <input_file_ref idref="fl-7"/>
      </object_component>
      <object_component id="oc-145">
         <name>SpiaRegsFile</name>
         <uninitialized>true</uninitialized>
         <run_address>0x6100</run_address>
         <size>0x10</size>
         <input_file_ref idref="fl-7"/>
      </object_component>
      <object_component id="oc-146">
         <name>SpibRegsFile</name>
         <uninitialized>true</uninitialized>
         <run_address>0x6110</run_address>
         <size>0x10</size>
         <input_file_ref idref="fl-7"/>
      </object_component>
      <object_component id="oc-147">
         <name>SpicRegsFile</name>
         <uninitialized>true</uninitialized>
         <run_address>0x6120</run_address>
         <size>0x10</size>
         <input_file_ref idref="fl-7"/>
      </object_component>
      <object_component id="oc-18d">
         <name>DevCfgRegsFile</name>
         <uninitialized>true</uninitialized>
         <run_address>0x5d000</run_address>
         <size>0x12e</size>
         <input_file_ref idref="fl-7"/>
      </object_component>
      <object_component id="oc-16f">
         <name>ClkCfgRegsFile</name>
         <uninitialized>true</uninitialized>
         <run_address>0x5d200</run_address>
         <size>0x32</size>
         <input_file_ref idref="fl-7"/>
      </object_component>
      <object_component id="oc-17f">
         <name>CpuSysRegsFile</name>
         <uninitialized>true</uninitialized>
         <run_address>0x5d300</run_address>
         <size>0x82</size>
         <input_file_ref idref="fl-7"/>
      </object_component>
      <object_component id="oc-137">
         <name>SyncSocRegsFile</name>
         <uninitialized>true</uninitialized>
         <run_address>0x7940</run_address>
         <size>0x6</size>
         <input_file_ref idref="fl-7"/>
      </object_component>
      <object_component id="oc-16d">
         <name>WdRegsFile</name>
         <uninitialized>true</uninitialized>
         <run_address>0x7000</run_address>
         <size>0x2b</size>
         <input_file_ref idref="fl-7"/>
      </object_component>
      <object_component id="oc-140">
         <name>XintRegsFile</name>
         <uninitialized>true</uninitialized>
         <run_address>0x7070</run_address>
         <size>0xb</size>
         <input_file_ref idref="fl-7"/>
      </object_component>
      <object_component id="oc-2cf">
         <name>.cinit:_ti_sysbios_family_c28_Hwi_Module_State_0_dispatchTable__A</name>
         <load_address>0x82000</load_address>
         <run_address>0x82000</run_address>
         <size>0x1c3</size>
         <input_file_ref idref="fl-19"/>
      </object_component>
      <object_component id="oc-1e7">
         <name>.cinit</name>
         <load_address>0x821c3</load_address>
         <run_address>0x821c3</run_address>
         <size>0x120</size>
         <input_file_ref idref="fl-19"/>
      </object_component>
      <object_component id="oc-2cd">
         <name>.cinit:_ti_sysbios_knl_Swi_Module_State_0_readyQ__A</name>
         <load_address>0x822e3</load_address>
         <run_address>0x822e3</run_address>
         <size>0x43</size>
         <input_file_ref idref="fl-19"/>
      </object_component>
      <object_component id="oc-2d6">
         <name>.cinit:_ti_sysbios_knl_Task_Module_State_0_readyQ__A</name>
         <load_address>0x82326</load_address>
         <run_address>0x82326</run_address>
         <size>0x43</size>
         <input_file_ref idref="fl-19"/>
      </object_component>
      <object_component id="oc-1ec">
         <name>.cinit:_ti_sysbios_knl_Task_Object__table__V</name>
         <load_address>0x82369</load_address>
         <run_address>0x82369</run_address>
         <size>0x2d</size>
         <input_file_ref idref="fl-19"/>
      </object_component>
      <object_component id="oc-2d1">
         <name>.cinit:_ti_sysbios_gates_GateMutex_Object__table__V</name>
         <load_address>0x82396</load_address>
         <run_address>0x82396</run_address>
         <size>0x1f</size>
         <input_file_ref idref="fl-19"/>
      </object_component>
      <object_component id="oc-2ca">
         <name>.cinit:_ti_sysbios_family_c28_Timer_Object__table__V</name>
         <load_address>0x823b5</load_address>
         <run_address>0x823b5</run_address>
         <size>0x1b</size>
         <input_file_ref idref="fl-19"/>
      </object_component>
      <object_component id="oc-2cc">
         <name>.cinit:_ti_sysbios_knl_Swi_Object__table__V</name>
         <load_address>0x823d0</load_address>
         <run_address>0x823d0</run_address>
         <size>0x17</size>
         <input_file_ref idref="fl-19"/>
      </object_component>
      <object_component id="oc-328">
         <name>.cinit:_xdc_runtime_LoggerBuf_Object__table__V</name>
         <load_address>0x823e7</load_address>
         <run_address>0x823e7</run_address>
         <size>0x15</size>
         <input_file_ref idref="fl-19"/>
      </object_component>
      <object_component id="oc-2f4">
         <name>.cinit:_ti_sysbios_family_c28_Hwi_Object__table__V</name>
         <load_address>0x823fc</load_address>
         <run_address>0x823fc</run_address>
         <size>0x13</size>
         <input_file_ref idref="fl-19"/>
      </object_component>
      <object_component id="oc-1eb">
         <name>.cinit:_ti_sysbios_heaps_HeapMem_Object__table__V</name>
         <load_address>0x8240f</load_address>
         <run_address>0x8240f</run_address>
         <size>0xf</size>
         <input_file_ref idref="fl-19"/>
      </object_component>
      <object_component id="oc-28b">
         <name>.cinit</name>
         <load_address>0x8241e</load_address>
         <run_address>0x8241e</run_address>
         <size>0xe</size>
         <input_file_ref idref="fl-4b"/>
      </object_component>
      <object_component id="oc-1e0">
         <name>.cinit</name>
         <load_address>0x8242c</load_address>
         <run_address>0x8242c</run_address>
         <size>0xc</size>
         <input_file_ref idref="fl-15"/>
      </object_component>
      <object_component id="oc-2c6">
         <name>.cinit:_xdc_runtime_System_Module_State_0_atexitHandlers__A</name>
         <load_address>0x82438</load_address>
         <run_address>0x82438</run_address>
         <size>0xb</size>
         <input_file_ref idref="fl-19"/>
      </object_component>
      <object_component id="oc-345">
         <name>.cinit:__lock</name>
         <load_address>0x82443</load_address>
         <run_address>0x82443</run_address>
         <size>0x5</size>
         <input_file_ref idref="fl-4c"/>
      </object_component>
      <object_component id="oc-344">
         <name>.cinit:__unlock</name>
         <load_address>0x82448</load_address>
         <run_address>0x82448</run_address>
         <size>0x5</size>
         <input_file_ref idref="fl-4c"/>
      </object_component>
      <object_component id="oc-40c">
         <name>.cinit:_ti_sysbios_gates_GateHwi_Object__table__V</name>
         <load_address>0x8244d</load_address>
         <run_address>0x8244d</run_address>
         <size>0x5</size>
         <input_file_ref idref="fl-19"/>
      </object_component>
      <object_component id="oc-2d8">
         <name>.cinit:_ti_sysbios_knl_Task_Module_State_0_idleTask__A</name>
         <load_address>0x82452</load_address>
         <run_address>0x82452</run_address>
         <size>0x5</size>
         <input_file_ref idref="fl-19"/>
      </object_component>
      <object_component id="oc-4bb">
         <name>.binit</name>
         <load_address>0x81f14</load_address>
         <run_address>0x81f14</run_address>
         <size>0x12</size>
      </object_component>
      <object_component id="oc-3d7">
         <name>.text:_xdc_runtime_System_doPrint__I</name>
         <load_address>0x88000</load_address>
         <run_address>0x88000</run_address>
         <size>0x233</size>
         <input_file_ref idref="fl-31"/>
      </object_component>
      <object_component id="oc-374">
         <name>.text:_ti_sysbios_knl_Semaphore_pend__E</name>
         <load_address>0x88233</load_address>
         <run_address>0x88233</run_address>
         <size>0x1dc</size>
         <input_file_ref idref="fl-22"/>
      </object_component>
      <object_component id="oc-312">
         <name>.text:_InitCpu</name>
         <load_address>0x8840f</load_address>
         <run_address>0x8840f</run_address>
         <size>0x1c6</size>
         <input_file_ref idref="fl-12"/>
      </object_component>
      <object_component id="oc-357">
         <name>.text:_ti_sysbios_heaps_HeapMem_freeUnprotected__E</name>
         <load_address>0x885d5</load_address>
         <run_address>0x885d5</run_address>
         <size>0x1a1</size>
         <input_file_ref idref="fl-22"/>
      </object_component>
      <object_component id="oc-353">
         <name>.text:_ti_sysbios_heaps_HeapMem_allocUnprotected__E</name>
         <load_address>0x88776</load_address>
         <run_address>0x88776</run_address>
         <size>0x16c</size>
         <input_file_ref idref="fl-22"/>
      </object_component>
      <object_component id="oc-377">
         <name>.text:_ti_sysbios_knl_Task_Instance_finalize__E</name>
         <load_address>0x888e2</load_address>
         <run_address>0x888e2</run_address>
         <size>0x16b</size>
         <input_file_ref idref="fl-22"/>
      </object_component>
      <object_component id="oc-376">
         <name>.text:_ti_sysbios_knl_Task_Instance_init__E</name>
         <load_address>0x88a4d</load_address>
         <run_address>0x88a4d</run_address>
         <size>0x13f</size>
         <input_file_ref idref="fl-22"/>
      </object_component>
      <object_component id="oc-378">
         <name>.text:_ti_sysbios_knl_Task_sleep__E</name>
         <load_address>0x88b8c</load_address>
         <run_address>0x88b8c</run_address>
         <size>0x137</size>
         <input_file_ref idref="fl-22"/>
      </object_component>
      <object_component id="oc-271">
         <name>.text</name>
         <load_address>0x88cc3</load_address>
         <run_address>0x88cc3</run_address>
         <size>0x107</size>
         <input_file_ref idref="fl-46"/>
      </object_component>
      <object_component id="oc-35b">
         <name>.text:_ti_sysbios_heaps_HeapMem_Instance_init__E</name>
         <load_address>0x88dca</load_address>
         <run_address>0x88dca</run_address>
         <size>0xef</size>
         <input_file_ref idref="fl-22"/>
      </object_component>
      <object_component id="oc-39e">
         <name>.text:_ti_sysbios_family_c28_Hwi_clearInterrupt__E</name>
         <load_address>0x88eb9</load_address>
         <run_address>0x88eb9</run_address>
         <size>0xdc</size>
         <input_file_ref idref="fl-22"/>
      </object_component>
      <object_component id="oc-2e7">
         <name>.text:_main</name>
         <load_address>0x88f95</load_address>
         <run_address>0x88f95</run_address>
         <size>0xc5</size>
         <input_file_ref idref="fl-14"/>
      </object_component>
      <object_component id="oc-4b2">
         <name>.text:_ti_sysbios_family_c28_Hwi_dispatchCore__I</name>
         <load_address>0x8905a</load_address>
         <run_address>0x8905a</run_address>
         <size>0xc2</size>
         <input_file_ref idref="fl-22"/>
      </object_component>
      <object_component id="oc-417">
         <name>.text:_xdc_runtime_LoggerBuf_write8__E</name>
         <load_address>0x8911c</load_address>
         <run_address>0x8911c</run_address>
         <size>0xc0</size>
         <input_file_ref idref="fl-2e"/>
      </object_component>
      <object_component id="oc-472">
         <name>.text:_xdc_runtime_System_printfExtend__I</name>
         <load_address>0x891dc</load_address>
         <run_address>0x891dc</run_address>
         <size>0xbe</size>
         <input_file_ref idref="fl-19"/>
      </object_component>
      <object_component id="oc-373">
         <name>.text:_ti_sysbios_knl_Semaphore_post__E</name>
         <load_address>0x8929a</load_address>
         <run_address>0x8929a</run_address>
         <size>0xb8</size>
         <input_file_ref idref="fl-22"/>
      </object_component>
      <object_component id="oc-2f6">
         <name>.text:_ti_sysbios_knl_Clock_workFunc__E</name>
         <load_address>0x89352</load_address>
         <run_address>0x89352</run_address>
         <size>0xaf</size>
         <input_file_ref idref="fl-22"/>
      </object_component>
      <object_component id="oc-38a">
         <name>.text:_ti_sysbios_knl_Swi_run__I</name>
         <load_address>0x89401</load_address>
         <run_address>0x89401</run_address>
         <size>0xa9</size>
         <input_file_ref idref="fl-22"/>
      </object_component>
      <object_component id="oc-37c">
         <name>.text:_ti_sysbios_knl_Clock_Instance_init__E</name>
         <load_address>0x894aa</load_address>
         <run_address>0x894aa</run_address>
         <size>0xa6</size>
         <input_file_ref idref="fl-22"/>
      </object_component>
      <object_component id="oc-36b">
         <name>.text:_AdcSetMode</name>
         <load_address>0x89550</load_address>
         <run_address>0x89550</run_address>
         <size>0xa3</size>
         <input_file_ref idref="fl-2"/>
      </object_component>
      <object_component id="oc-35a">
         <name>.text:_xdc_runtime_Core_createObject__I</name>
         <load_address>0x895f3</load_address>
         <run_address>0x895f3</run_address>
         <size>0xa0</size>
         <input_file_ref idref="fl-28"/>
      </object_component>
      <object_component id="oc-49c">
         <name>.text:_ti_sysbios_family_c28_Hwi_dispatch</name>
         <load_address>0x89693</load_address>
         <run_address>0x89693</run_address>
         <size>0x9b</size>
         <input_file_ref idref="fl-24"/>
      </object_component>
      <object_component id="oc-4a4">
         <name>.text</name>
         <load_address>0x8972e</load_address>
         <run_address>0x8972e</run_address>
         <size>0x95</size>
         <input_file_ref idref="fl-52"/>
      </object_component>
      <object_component id="oc-369">
         <name>.text:_GPIO_SetupPinOptions</name>
         <load_address>0x897c3</load_address>
         <run_address>0x897c3</run_address>
         <size>0x94</size>
         <input_file_ref idref="fl-8"/>
      </object_component>
      <object_component id="oc-35f">
         <name>.text:_xdc_runtime_Error_policyDefault__E</name>
         <load_address>0x89857</load_address>
         <run_address>0x89857</run_address>
         <size>0x90</size>
         <input_file_ref idref="fl-2c"/>
      </object_component>
      <object_component id="oc-371">
         <name>.text:_ti_sysbios_knl_Swi_Instance_init__E</name>
         <load_address>0x898e7</load_address>
         <run_address>0x898e7</run_address>
         <size>0x8f</size>
         <input_file_ref idref="fl-22"/>
      </object_component>
      <object_component id="oc-39f">
         <name>.text:_ti_sysbios_family_c28_Hwi_enableInterrupt__E</name>
         <load_address>0x89976</load_address>
         <run_address>0x89976</run_address>
         <size>0x8e</size>
         <input_file_ref idref="fl-22"/>
      </object_component>
      <object_component id="oc-37b">
         <name>.text:_xdc_runtime_Core_constructObject__I</name>
         <load_address>0x89a04</load_address>
         <run_address>0x89a04</run_address>
         <size>0x8d</size>
         <input_file_ref idref="fl-29"/>
      </object_component>
      <object_component id="oc-368">
         <name>.text:_GPIO_SetupPinMux</name>
         <load_address>0x89a91</load_address>
         <run_address>0x89a91</run_address>
         <size>0x8c</size>
         <input_file_ref idref="fl-8"/>
      </object_component>
      <object_component id="oc-3db">
         <name>.text:_InitPeripheralClocks</name>
         <load_address>0x89b1d</load_address>
         <run_address>0x89b1d</run_address>
         <size>0x84</size>
         <input_file_ref idref="fl-f"/>
      </object_component>
      <object_component id="oc-4ac">
         <name>.text:_ti_sysbios_family_c28_Hwi_disableInterrupt__E</name>
         <load_address>0x89ba1</load_address>
         <run_address>0x89ba1</run_address>
         <size>0x81</size>
         <input_file_ref idref="fl-22"/>
      </object_component>
      <object_component id="oc-42e">
         <name>.text:_ti_sysbios_family_c28_Hwi_disablePIEIER__E</name>
         <load_address>0x89c22</load_address>
         <run_address>0x89c22</run_address>
         <size>0x80</size>
         <input_file_ref idref="fl-22"/>
      </object_component>
      <object_component id="oc-42d">
         <name>.text:_ti_sysbios_family_c28_Hwi_enablePIEIER__E</name>
         <load_address>0x89ca2</load_address>
         <run_address>0x89ca2</run_address>
         <size>0x7f</size>
         <input_file_ref idref="fl-22"/>
      </object_component>
      <object_component id="oc-326">
         <name>.text:_xdc_runtime_LoggerBuf_write4__E</name>
         <load_address>0x89d21</load_address>
         <run_address>0x89d21</run_address>
         <size>0x7a</size>
         <input_file_ref idref="fl-2e"/>
      </object_component>
      <object_component id="oc-3a1">
         <name>.text:_ti_sysbios_knl_Task_checkStacks__E</name>
         <load_address>0x89d9b</load_address>
         <run_address>0x89d9b</run_address>
         <size>0x75</size>
         <input_file_ref idref="fl-22"/>
      </object_component>
      <object_component id="oc-34e">
         <name>.text:_ti_sysbios_knl_Task_startCore__E</name>
         <load_address>0x89e10</load_address>
         <run_address>0x89e10</run_address>
         <size>0x72</size>
         <input_file_ref idref="fl-22"/>
      </object_component>
      <object_component id="oc-33c">
         <name>.text:_ti_sysbios_gates_GateMutex_enter__E</name>
         <load_address>0x89e82</load_address>
         <run_address>0x89e82</run_address>
         <size>0x71</size>
         <input_file_ref idref="fl-22"/>
      </object_component>
      <object_component id="oc-364">
         <name>.text:_xdc_runtime_Startup_startMods__I</name>
         <load_address>0x89ef3</load_address>
         <run_address>0x89ef3</run_address>
         <size>0x71</size>
         <input_file_ref idref="fl-30"/>
      </object_component>
      <object_component id="oc-38b">
         <name>.text:_ti_sysbios_knl_Task_schedule__I</name>
         <load_address>0x89f64</load_address>
         <run_address>0x89f64</run_address>
         <size>0x6e</size>
         <input_file_ref idref="fl-22"/>
      </object_component>
      <object_component id="oc-36f">
         <name>.text:_ti_sysbios_knl_Semaphore_Instance_init__E</name>
         <load_address>0x89fd2</load_address>
         <run_address>0x89fd2</run_address>
         <size>0x6a</size>
         <input_file_ref idref="fl-22"/>
      </object_component>
      <object_component id="oc-87">
         <name>.text</name>
         <load_address>0x8a03c</load_address>
         <run_address>0x8a03c</run_address>
         <size>0x69</size>
         <input_file_ref idref="fl-37"/>
      </object_component>
      <object_component id="oc-49d">
         <name>.text:_ti_sysbios_family_c28_Timer_stopAndClear__I</name>
         <load_address>0x8a0a5</load_address>
         <run_address>0x8a0a5</run_address>
         <size>0x66</size>
         <input_file_ref idref="fl-22"/>
      </object_component>
      <object_component id="oc-2c1">
         <name>.text:_ti_sysbios_knl_Swi_post__E</name>
         <load_address>0x8a10b</load_address>
         <run_address>0x8a10b</run_address>
         <size>0x61</size>
         <input_file_ref idref="fl-22"/>
      </object_component>
      <object_component id="oc-3f6">
         <name>.text:_ti_sysbios_knl_Task_blockI__E</name>
         <load_address>0x8a16c</load_address>
         <run_address>0x8a16c</run_address>
         <size>0x61</size>
         <input_file_ref idref="fl-22"/>
      </object_component>
      <object_component id="oc-480">
         <name>.text:_xdc_runtime_Text_putSite__E</name>
         <load_address>0x8a1cd</load_address>
         <run_address>0x8a1cd</run_address>
         <size>0x60</size>
         <input_file_ref idref="fl-33"/>
      </object_component>
      <object_component id="oc-453">
         <name>.text:_ti_sysbios_knl_Task_exit__E</name>
         <load_address>0x8a22d</load_address>
         <run_address>0x8a22d</run_address>
         <size>0x58</size>
         <input_file_ref idref="fl-22"/>
      </object_component>
      <object_component id="oc-3ed">
         <name>.text:_ti_sysbios_knl_Task_unblockI__E</name>
         <load_address>0x8a285</load_address>
         <run_address>0x8a285</run_address>
         <size>0x52</size>
         <input_file_ref idref="fl-22"/>
      </object_component>
      <object_component id="oc-3fd">
         <name>.text:_ti_sysbios_knl_Task_postInit__I</name>
         <load_address>0x8a2d7</load_address>
         <run_address>0x8a2d7</run_address>
         <size>0x49</size>
         <input_file_ref idref="fl-22"/>
      </object_component>
      <object_component id="oc-46b">
         <name>.text:_ti_sysbios_family_c28_Hwi_Module_startup__E</name>
         <load_address>0x8a320</load_address>
         <run_address>0x8a320</run_address>
         <size>0x47</size>
         <input_file_ref idref="fl-22"/>
      </object_component>
      <object_component id="oc-2e1">
         <name>.text:.bootCodeSection:_ti_catalog_c2800_initF2837x_Boot_configurePllDivs</name>
         <load_address>0x8a367</load_address>
         <run_address>0x8a367</run_address>
         <size>0x45</size>
         <input_file_ref idref="fl-38"/>
      </object_component>
      <object_component id="oc-1f3">
         <name>.text:_ti_sysbios_family_c28_Hwi_unPluggedInterrupt__I</name>
         <load_address>0x8a3ac</load_address>
         <run_address>0x8a3ac</run_address>
         <size>0x42</size>
         <input_file_ref idref="fl-22"/>
      </object_component>
      <object_component id="oc-492">
         <name>.text:_xdc_runtime_Text_putLab__E</name>
         <load_address>0x8a3ee</load_address>
         <run_address>0x8a3ee</run_address>
         <size>0x41</size>
         <input_file_ref idref="fl-33"/>
      </object_component>
      <object_component id="oc-488">
         <name>.text:_ti_sysbios_family_c28_Timer_postInit__I</name>
         <load_address>0x8a42f</load_address>
         <run_address>0x8a42f</run_address>
         <size>0x40</size>
         <input_file_ref idref="fl-22"/>
      </object_component>
      <object_component id="oc-3fc">
         <name>.text:_xdc_runtime_Memory_alloc__E</name>
         <load_address>0x8a46f</load_address>
         <run_address>0x8a46f</run_address>
         <size>0x40</size>
         <input_file_ref idref="fl-2f"/>
      </object_component>
      <object_component id="oc-1d1">
         <name>.text:_timer0_isr</name>
         <load_address>0x8a4af</load_address>
         <run_address>0x8a4af</run_address>
         <size>0x3f</size>
         <input_file_ref idref="fl-13"/>
      </object_component>
      <object_component id="oc-499">
         <name>.text:_xdc_runtime_Text_putMod__E</name>
         <load_address>0x8a4ee</load_address>
         <run_address>0x8a4ee</run_address>
         <size>0x3f</size>
         <input_file_ref idref="fl-33"/>
      </object_component>
      <object_component id="oc-4ba">
         <name>.text:_ti_sysbios_knl_Swi_restoreHwi__E</name>
         <load_address>0x8a52d</load_address>
         <run_address>0x8a52d</run_address>
         <size>0x3e</size>
         <input_file_ref idref="fl-22"/>
      </object_component>
      <object_component id="oc-35c">
         <name>.text:_xdc_runtime_Core_deleteObject__I</name>
         <load_address>0x8a56b</load_address>
         <run_address>0x8a56b</run_address>
         <size>0x3e</size>
         <input_file_ref idref="fl-28"/>
      </object_component>
      <object_component id="oc-419">
         <name>.text:_xdc_runtime_LoggerBuf_getFilterLevel__E</name>
         <load_address>0x8a5a9</load_address>
         <run_address>0x8a5a9</run_address>
         <size>0x3d</size>
         <input_file_ref idref="fl-2e"/>
      </object_component>
      <object_component id="oc-418">
         <name>.text:_xdc_runtime_LoggerBuf_setFilterLevel__E</name>
         <load_address>0x8a5e6</load_address>
         <run_address>0x8a5e6</run_address>
         <size>0x3c</size>
         <input_file_ref idref="fl-2e"/>
      </object_component>
      <object_component id="oc-3dc">
         <name>.text:_CalAdcINL</name>
         <load_address>0x8a622</load_address>
         <run_address>0x8a622</run_address>
         <size>0x3a</size>
         <input_file_ref idref="fl-2"/>
      </object_component>
      <object_component id="oc-476">
         <name>.text:_ti_sysbios_family_c28_TaskSupport_start__E</name>
         <load_address>0x8a65c</load_address>
         <run_address>0x8a65c</run_address>
         <size>0x3a</size>
         <input_file_ref idref="fl-22"/>
      </object_component>
      <object_component id="oc-498">
         <name>.text</name>
         <load_address>0x8a696</load_address>
         <run_address>0x8a696</run_address>
         <size>0x39</size>
         <input_file_ref idref="fl-51"/>
      </object_component>
      <object_component id="oc-1d2">
         <name>.text:_adc1_isr</name>
         <load_address>0x8a6cf</load_address>
         <run_address>0x8a6cf</run_address>
         <size>0x38</size>
         <input_file_ref idref="fl-13"/>
      </object_component>
      <object_component id="oc-40a">
         <name>.text:_ti_sysbios_knl_Clock_start__E</name>
         <load_address>0x8a707</load_address>
         <run_address>0x8a707</run_address>
         <size>0x38</size>
         <input_file_ref idref="fl-22"/>
      </object_component>
      <object_component id="oc-367">
         <name>.text:_InitSysCtrl</name>
         <load_address>0x8a73f</load_address>
         <run_address>0x8a73f</run_address>
         <size>0x37</size>
         <input_file_ref idref="fl-f"/>
      </object_component>
      <object_component id="oc-32d">
         <name>.text:_ti_sysbios_knl_Clock_logTick__E</name>
         <load_address>0x8a776</load_address>
         <run_address>0x8a776</run_address>
         <size>0x37</size>
         <input_file_ref idref="fl-22"/>
      </object_component>
      <object_component id="oc-446">
         <name>.text:_xdc_runtime_System_formatNum__I</name>
         <load_address>0x8a7ad</load_address>
         <run_address>0x8a7ad</run_address>
         <size>0x35</size>
         <input_file_ref idref="fl-31"/>
      </object_component>
      <object_component id="oc-46f">
         <name>.text:_ti_sysbios_knl_Task_Module_startup__E</name>
         <load_address>0x8a7e2</load_address>
         <run_address>0x8a7e2</run_address>
         <size>0x32</size>
         <input_file_ref idref="fl-22"/>
      </object_component>
      <object_component id="oc-304">
         <name>.text:_ti_sysbios_heaps_HeapMem_alloc__E</name>
         <load_address>0x8a814</load_address>
         <run_address>0x8a814</run_address>
         <size>0x31</size>
         <input_file_ref idref="fl-22"/>
      </object_component>
      <object_component id="oc-318">
         <name>.text:_ti_sysbios_knl_Swi_create</name>
         <load_address>0x8a845</load_address>
         <run_address>0x8a845</run_address>
         <size>0x31</size>
         <input_file_ref idref="fl-19"/>
      </object_component>
      <object_component id="oc-31b">
         <name>.text:_ti_sysbios_knl_Task_create</name>
         <load_address>0x8a876</load_address>
         <run_address>0x8a876</run_address>
         <size>0x31</size>
         <input_file_ref idref="fl-19"/>
      </object_component>
      <object_component id="oc-465">
         <name>.text:_xdc_runtime_Error_print__E</name>
         <load_address>0x8a8a7</load_address>
         <run_address>0x8a8a7</run_address>
         <size>0x30</size>
         <input_file_ref idref="fl-2c"/>
      </object_component>
      <object_component id="oc-45e">
         <name>.text:_xdc_runtime_LoggerBuf_Instance_init__E</name>
         <load_address>0x8a8d7</load_address>
         <run_address>0x8a8d7</run_address>
         <size>0x30</size>
         <input_file_ref idref="fl-2e"/>
      </object_component>
      <object_component id="oc-3b8">
         <name>.text:_xdc_runtime_Core_assignParams__I</name>
         <load_address>0x8a907</load_address>
         <run_address>0x8a907</run_address>
         <size>0x2f</size>
         <input_file_ref idref="fl-2b"/>
      </object_component>
      <object_component id="oc-2bd">
         <name>.text:_xdc_runtime_Startup_exec__E</name>
         <load_address>0x8a936</load_address>
         <run_address>0x8a936</run_address>
         <size>0x2f</size>
         <input_file_ref idref="fl-30"/>
      </object_component>
      <object_component id="oc-440">
         <name>.text:_ti_sysbios_family_c28_Hwi_getStackInfo__E</name>
         <load_address>0x8a965</load_address>
         <run_address>0x8a965</run_address>
         <size>0x2e</size>
         <input_file_ref idref="fl-22"/>
      </object_component>
      <object_component id="oc-32a">
         <name>.text:_ti_sysbios_knl_Swi_runLoop__I</name>
         <load_address>0x8a993</load_address>
         <run_address>0x8a993</run_address>
         <size>0x2e</size>
         <input_file_ref idref="fl-22"/>
      </object_component>
      <object_component id="oc-2f2">
         <name>.text:_ti_sysbios_knl_Swi_schedule__I</name>
         <load_address>0x8a9c1</load_address>
         <run_address>0x8a9c1</run_address>
         <size>0x2e</size>
         <input_file_ref idref="fl-22"/>
      </object_component>
      <object_component id="oc-307">
         <name>.text:_ti_sysbios_heaps_HeapMem_getStats__E</name>
         <load_address>0x8a9ef</load_address>
         <run_address>0x8a9ef</run_address>
         <size>0x2d</size>
         <input_file_ref idref="fl-22"/>
      </object_component>
      <object_component id="oc-394">
         <name>.text:_xdc_runtime_Assert_raise__I</name>
         <load_address>0x8aa1c</load_address>
         <run_address>0x8aa1c</run_address>
         <size>0x2d</size>
         <input_file_ref idref="fl-27"/>
      </object_component>
      <object_component id="oc-3c2">
         <name>.text:_xdc_runtime_Error_setX__E</name>
         <load_address>0x8aa49</load_address>
         <run_address>0x8aa49</run_address>
         <size>0x2d</size>
         <input_file_ref idref="fl-2c"/>
      </object_component>
      <object_component id="oc-4b1">
         <name>.text:_xdc_runtime_Text_visitRope2__I</name>
         <load_address>0x8aa76</load_address>
         <run_address>0x8aa76</run_address>
         <size>0x2d</size>
         <input_file_ref idref="fl-33"/>
      </object_component>
      <object_component id="oc-34b">
         <name>.text:_ti_sysbios_family_c28_Timer_start__E</name>
         <load_address>0x8aaa3</load_address>
         <run_address>0x8aaa3</run_address>
         <size>0x2c</size>
         <input_file_ref idref="fl-22"/>
      </object_component>
      <object_component id="oc-41a">
         <name>.text:_xdc_runtime_LoggerBuf_Object__create__S</name>
         <load_address>0x8aacf</load_address>
         <run_address>0x8aacf</run_address>
         <size>0x2c</size>
         <input_file_ref idref="fl-19"/>
      </object_component>
      <object_component id="oc-372">
         <name>.text:_ti_sysbios_knl_Swi_Instance_finalize__E</name>
         <load_address>0x8aafb</load_address>
         <run_address>0x8aafb</run_address>
         <size>0x2b</size>
         <input_file_ref idref="fl-22"/>
      </object_component>
      <object_component id="oc-49a">
         <name>.text:_xdc_runtime_Text_xprintf__I</name>
         <load_address>0x8ab26</load_address>
         <run_address>0x8ab26</run_address>
         <size>0x29</size>
         <input_file_ref idref="fl-33"/>
      </object_component>
      <object_component id="oc-380">
         <name>.text</name>
         <load_address>0x8ab4f</load_address>
         <run_address>0x8ab4f</run_address>
         <size>0x29</size>
         <input_file_ref idref="fl-4b"/>
      </object_component>
      <object_component id="oc-361">
         <name>.text:_ti_sysbios_heaps_HeapMem_init__I</name>
         <load_address>0x8ab78</load_address>
         <run_address>0x8ab78</run_address>
         <size>0x27</size>
         <input_file_ref idref="fl-22"/>
      </object_component>
      <object_component id="oc-410">
         <name>.text:_xdc_runtime_SysMin_flush__E</name>
         <load_address>0x8ab9f</load_address>
         <run_address>0x8ab9f</run_address>
         <size>0x26</size>
         <input_file_ref idref="fl-32"/>
      </object_component>
      <object_component id="oc-448">
         <name>.text:_GPIO_EnableUnbondedIOPullupsFor100Pin</name>
         <load_address>0x8abc5</load_address>
         <run_address>0x8abc5</run_address>
         <size>0x25</size>
         <input_file_ref idref="fl-8"/>
      </object_component>
      <object_component id="oc-495">
         <name>.text:_ti_sysbios_family_c28_TaskSupport_buildTaskStack</name>
         <load_address>0x8abea</load_address>
         <run_address>0x8abea</run_address>
         <size>0x25</size>
         <input_file_ref idref="fl-26"/>
      </object_component>
      <object_component id="oc-2bc">
         <name>.text</name>
         <load_address>0x8ac0f</load_address>
         <run_address>0x8ac0f</run_address>
         <size>0x24</size>
         <input_file_ref idref="fl-47"/>
      </object_component>
      <object_component id="oc-321">
         <name>.text:_ti_sysbios_knl_Clock_construct</name>
         <load_address>0x8ac33</load_address>
         <run_address>0x8ac33</run_address>
         <size>0x23</size>
         <input_file_ref idref="fl-19"/>
      </object_component>
      <object_component id="oc-2e8">
         <name>.text:_xdc_runtime_System_processAtExit__E</name>
         <load_address>0x8ac56</load_address>
         <run_address>0x8ac56</run_address>
         <size>0x23</size>
         <input_file_ref idref="fl-31"/>
      </object_component>
      <object_component id="oc-313">
         <name>.text:_InitCtrl</name>
         <load_address>0x8ac79</load_address>
         <run_address>0x8ac79</run_address>
         <size>0x21</size>
         <input_file_ref idref="fl-11"/>
      </object_component>
      <object_component id="oc-3a0">
         <name>.text:_ti_sysbios_knl_Task_allBlockedFunction__I</name>
         <load_address>0x8ac9a</load_address>
         <run_address>0x8ac9a</run_address>
         <size>0x21</size>
         <input_file_ref idref="fl-22"/>
      </object_component>
      <object_component id="oc-1d3">
         <name>.text:_sciarx_isr</name>
         <load_address>0x8acbb</load_address>
         <run_address>0x8acbb</run_address>
         <size>0x20</size>
         <input_file_ref idref="fl-13"/>
      </object_component>
      <object_component id="oc-49f">
         <name>.text:_ti_sysbios_family_c28_Timer_setPrescale__E</name>
         <load_address>0x8acdb</load_address>
         <run_address>0x8acdb</run_address>
         <size>0x20</size>
         <input_file_ref idref="fl-22"/>
      </object_component>
      <object_component id="oc-315">
         <name>.text:_ti_sysbios_knl_Semaphore_create</name>
         <load_address>0x8acfb</load_address>
         <run_address>0x8acfb</run_address>
         <size>0x20</size>
         <input_file_ref idref="fl-19"/>
      </object_component>
      <object_component id="oc-2fb">
         <name>.text:_xdc_runtime_System_atexit__E</name>
         <load_address>0x8ad1b</load_address>
         <run_address>0x8ad1b</run_address>
         <size>0x20</size>
         <input_file_ref idref="fl-31"/>
      </object_component>
      <object_component id="oc-382">
         <name>.text:_xdc_runtime_LoggerBuf_filterOutEvent__I</name>
         <load_address>0x8ad3b</load_address>
         <run_address>0x8ad3b</run_address>
         <size>0x1f</size>
         <input_file_ref idref="fl-2e"/>
      </object_component>
      <object_component id="oc-36a">
         <name>.text:_GPIO_WritePin</name>
         <load_address>0x8ad5a</load_address>
         <run_address>0x8ad5a</run_address>
         <size>0x1e</size>
         <input_file_ref idref="fl-8"/>
      </object_component>
      <object_component id="oc-436">
         <name>.text:_ti_sysbios_family_c28_TaskSupport_swap__E</name>
         <load_address>0x8ad78</load_address>
         <run_address>0x8ad78</run_address>
         <size>0x1d</size>
         <input_file_ref idref="fl-26"/>
      </object_component>
      <object_component id="oc-478">
         <name>.text:_ti_sysbios_gates_GateHwi_Object__create__S</name>
         <load_address>0x8ad95</load_address>
         <run_address>0x8ad95</run_address>
         <size>0x1d</size>
         <input_file_ref idref="fl-19"/>
      </object_component>
      <object_component id="oc-33e">
         <name>.text:_ti_sysbios_gates_GateMutex_Object__create__S</name>
         <load_address>0x8adb2</load_address>
         <run_address>0x8adb2</run_address>
         <size>0x1d</size>
         <input_file_ref idref="fl-19"/>
      </object_component>
      <object_component id="oc-308">
         <name>.text:_ti_sysbios_heaps_HeapMem_Object__create__S</name>
         <load_address>0x8adcf</load_address>
         <run_address>0x8adcf</run_address>
         <size>0x1d</size>
         <input_file_ref idref="fl-19"/>
      </object_component>
      <object_component id="oc-424">
         <name>.text:_ti_sysbios_knl_Semaphore_construct</name>
         <load_address>0x8adec</load_address>
         <run_address>0x8adec</run_address>
         <size>0x1d</size>
         <input_file_ref idref="fl-19"/>
      </object_component>
      <object_component id="oc-482">
         <name>.text:_xdc_runtime_SysMin_putch__E</name>
         <load_address>0x8ae09</load_address>
         <run_address>0x8ae09</run_address>
         <size>0x1d</size>
         <input_file_ref idref="fl-32"/>
      </object_component>
      <object_component id="oc-2e3">
         <name>.text</name>
         <load_address>0x8ae26</load_address>
         <run_address>0x8ae26</run_address>
         <size>0x1d</size>
         <input_file_ref idref="fl-48"/>
      </object_component>
      <object_component id="oc-43c">
         <name>.text:_ti_sysbios_hal_Hwi_checkStack</name>
         <load_address>0x8ae43</load_address>
         <run_address>0x8ae43</run_address>
         <size>0x1c</size>
         <input_file_ref idref="fl-22"/>
      </object_component>
      <object_component id="oc-305">
         <name>.text:_ti_sysbios_heaps_HeapMem_free__E</name>
         <load_address>0x8ae5f</load_address>
         <run_address>0x8ae5f</run_address>
         <size>0x1c</size>
         <input_file_ref idref="fl-22"/>
      </object_component>
      <object_component id="oc-314">
         <name>.text:_ti_sysbios_knl_Queue_create</name>
         <load_address>0x8ae7b</load_address>
         <run_address>0x8ae7b</run_address>
         <size>0x1c</size>
         <input_file_ref idref="fl-19"/>
      </object_component>
      <object_component id="oc-47b">
         <name>.text:_xdc_runtime_SysMin_output__I</name>
         <load_address>0x8ae97</load_address>
         <run_address>0x8ae97</run_address>
         <size>0x1c</size>
         <input_file_ref idref="fl-19"/>
      </object_component>
      <object_component id="oc-4ae">
         <name>.text:_ti_sysbios_family_c28_Hwi_switchAndDispatch__I</name>
         <load_address>0x8aeb3</load_address>
         <run_address>0x8aeb3</run_address>
         <size>0x1b</size>
         <input_file_ref idref="fl-23"/>
      </object_component>
      <object_component id="oc-363">
         <name>.text:_ti_sysbios_hal_Hwi_initStack</name>
         <load_address>0x8aece</load_address>
         <run_address>0x8aece</run_address>
         <size>0x1b</size>
         <input_file_ref idref="fl-22"/>
      </object_component>
      <object_component id="oc-401">
         <name>.text:_ti_sysbios_knl_Task_processVitalTaskFlag__I</name>
         <load_address>0x8aee9</load_address>
         <run_address>0x8aee9</run_address>
         <size>0x1b</size>
         <input_file_ref idref="fl-22"/>
      </object_component>
      <object_component id="oc-3f2">
         <name>.text:_ti_sysbios_knl_Clock_addI__E</name>
         <load_address>0x8af04</load_address>
         <run_address>0x8af04</run_address>
         <size>0x1a</size>
         <input_file_ref idref="fl-22"/>
      </object_component>
      <object_component id="oc-35d">
         <name>.text:_xdc_runtime_Core_assignLabel__I</name>
         <load_address>0x8af1e</load_address>
         <run_address>0x8af1e</run_address>
         <size>0x1a</size>
         <input_file_ref idref="fl-2a"/>
      </object_component>
      <object_component id="oc-49b">
         <name>.text:_xdc_runtime_System_avprintf__E</name>
         <load_address>0x8af38</load_address>
         <run_address>0x8af38</run_address>
         <size>0x1a</size>
         <input_file_ref idref="fl-31"/>
      </object_component>
      <object_component id="oc-449">
         <name>.text:_GPIO_EnableUnbondedIOPullupsFor176Pin</name>
         <load_address>0x8af52</load_address>
         <run_address>0x8af52</run_address>
         <size>0x19</size>
         <input_file_ref idref="fl-8"/>
      </object_component>
      <object_component id="oc-3e5">
         <name>.text:_ti_sysbios_knl_Queue_construct</name>
         <load_address>0x8af6b</load_address>
         <run_address>0x8af6b</run_address>
         <size>0x19</size>
         <input_file_ref idref="fl-19"/>
      </object_component>
      <object_component id="oc-3f1">
         <name>.text:_ti_sysbios_knl_Semaphore_pendTimeout__I</name>
         <load_address>0x8af84</load_address>
         <run_address>0x8af84</run_address>
         <size>0x19</size>
         <input_file_ref idref="fl-22"/>
      </object_component>
      <object_component id="oc-34d">
         <name>.text:_ti_sysbios_knl_Swi_restore__E</name>
         <load_address>0x8af9d</load_address>
         <run_address>0x8af9d</run_address>
         <size>0x19</size>
         <input_file_ref idref="fl-22"/>
      </object_component>
      <object_component id="oc-366">
         <name>.text:_xdc_runtime_System_vprintf__E</name>
         <load_address>0x8afb6</load_address>
         <run_address>0x8afb6</run_address>
         <size>0x19</size>
         <input_file_ref idref="fl-31"/>
      </object_component>
      <object_component id="oc-2bf">
         <name>.text</name>
         <load_address>0x8afcf</load_address>
         <run_address>0x8afcf</run_address>
         <size>0x19</size>
         <input_file_ref idref="fl-4d"/>
      </object_component>
      <object_component id="oc-32b">
         <name>.text:_ti_sysbios_family_xxx_Hwi_switchAndRunFunc</name>
         <load_address>0x8afe8</load_address>
         <run_address>0x8afe8</run_address>
         <size>0x18</size>
         <input_file_ref idref="fl-23"/>
      </object_component>
      <object_component id="oc-47d">
         <name>.text:_xdc_runtime_LoggerBuf_reset__E</name>
         <load_address>0x8b000</load_address>
         <run_address>0x8b000</run_address>
         <size>0x18</size>
         <input_file_ref idref="fl-2e"/>
      </object_component>
      <object_component id="oc-447">
         <name>.text:_xdc_runtime_System_putchar__I</name>
         <load_address>0x8b018</load_address>
         <run_address>0x8b018</run_address>
         <size>0x18</size>
         <input_file_ref idref="fl-31"/>
      </object_component>
      <object_component id="oc-26c">
         <name>.text</name>
         <load_address>0x8b030</load_address>
         <run_address>0x8b030</run_address>
         <size>0x18</size>
         <input_file_ref idref="fl-45"/>
      </object_component>
      <object_component id="oc-2fd">
         <name>.text:_ti_sysbios_family_c28_Timer_startup__E</name>
         <load_address>0x8b048</load_address>
         <run_address>0x8b048</run_address>
         <size>0x17</size>
         <input_file_ref idref="fl-22"/>
      </object_component>
      <object_component id="oc-2f3">
[...]
      <symbol id="sm-dd2">
         <name>_ti_sysbios_family_xxx_Hwi_switchAndRunFunc</name>
         <value>0x8afe8</value>
         <object_component_ref idref="oc-32b"/>
      </symbol>
      <symbol id="sm-e77">
         <name>_ti_sysbios_family_c28_Hwi_dispatchTable</name>
         <value>0x89693</value>
         <object_component_ref idref="oc-49c"/>
      </symbol>
      <symbol id="sm-e78">
         <name>_ti_sysbios_family_c28_Hwi_dispatchPie</name>
         <value>0x896f0</value>
         <object_component_ref idref="oc-49c"/>
      </symbol>
      <symbol id="sm-e84">
         <name>_ti_sysbios_family_c28_IntrinsicsSupport_maxbit__E</name>
         <value>0x8bb3f</value>
         <object_component_ref idref="oc-329"/>
      </symbol>
      <symbol id="sm-e94">
         <name>_ti_sysbios_family_c28_TaskSupport_buildTaskStack</name>
         <value>0x8abea</value>
         <object_component_ref idref="oc-495"/>
      </symbol>
      <symbol id="sm-e95">
         <name>_ti_sysbios_family_c28_TaskSupport_swap__E</name>
         <value>0x8ad78</value>
         <object_component_ref idref="oc-436"/>
      </symbol>
      <symbol id="sm-e96">
         <name>_ti_sysbios_family_c28_TaskSupport_glue</name>
         <value>0x8ba82</value>
         <object_component_ref idref="oc-4a1"/>
      </symbol>
      <symbol id="sm-eaa">
         <name>_xdc_runtime_Assert_raise__I</name>
         <value>0x8aa1c</value>
         <object_component_ref idref="oc-394"/>
      </symbol>
      <symbol id="sm-ec9">
         <name>_xdc_runtime_Core_deleteObject__I</name>
         <value>0x8a56b</value>
         <object_component_ref idref="oc-35c"/>
      </symbol>
      <symbol id="sm-eca">
         <name>_xdc_runtime_Core_createObject__I</name>
         <value>0x895f3</value>
         <object_component_ref idref="oc-35a"/>
      </symbol>
      <symbol id="sm-ee2">
         <name>_xdc_runtime_Core_constructObject__I</name>
         <value>0x89a04</value>
         <object_component_ref idref="oc-37b"/>
      </symbol>
      <symbol id="sm-ef1">
         <name>_xdc_runtime_Core_assignLabel__I</name>
         <value>0x8af1e</value>
         <object_component_ref idref="oc-35d"/>
      </symbol>
      <symbol id="sm-eff">
         <name>_xdc_runtime_Core_assignParams__I</name>
         <value>0x8a907</value>
         <object_component_ref idref="oc-3b8"/>
      </symbol>
      <symbol id="sm-f2b">
         <name>_xdc_runtime_Error_getSite__E</name>
         <value>0x8bbfa</value>
         <object_component_ref idref="oc-47f"/>
      </symbol>
      <symbol id="sm-f2c">
         <name>_xdc_runtime_Error_print__E</name>
         <value>0x8a8a7</value>
         <object_component_ref idref="oc-465"/>
      </symbol>
      <symbol id="sm-f2d">
         <name>_xdc_runtime_Error_policyDefault__E</name>
         <value>0x89857</value>
         <object_component_ref idref="oc-35f"/>
      </symbol>
      <symbol id="sm-f2e">
         <name>_xdc_runtime_Error_init__E</name>
         <value>0x8ba3f</value>
         <object_component_ref idref="oc-316"/>
      </symbol>
      <symbol id="sm-f2f">
         <name>_xdc_runtime_Error_raiseX__E</name>
         <value>0x8b1b6</value>
         <object_component_ref idref="oc-2df"/>
      </symbol>
      <symbol id="sm-f30">
         <name>_xdc_runtime_Error_check__E</name>
         <value>0x8b3c3</value>
         <object_component_ref idref="oc-44e"/>
      </symbol>
      <symbol id="sm-f31">
         <name>_xdc_runtime_Error_setX__E</name>
         <value>0x8aa49</value>
         <object_component_ref idref="oc-3c2"/>
      </symbol>
      <symbol id="sm-f3f">
         <name>_xdc_runtime_Gate_leaveSystem__E</name>
         <value>0x8bb5d</value>
         <object_component_ref idref="oc-347"/>
      </symbol>
      <symbol id="sm-f40">
         <name>_xdc_runtime_Gate_enterSystem__E</name>
         <value>0x8bb57</value>
         <object_component_ref idref="oc-323"/>
      </symbol>
      <symbol id="sm-f8f">
         <name>_xdc_runtime_LoggerBuf_write0__E</name>
         <value>0x8b3dd</value>
         <object_component_ref idref="oc-416"/>
      </symbol>
      <symbol id="sm-f90">
         <name>_xdc_runtime_LoggerBuf_Instance_init__E</name>
         <value>0x8a8d7</value>
         <object_component_ref idref="oc-45e"/>
      </symbol>
      <symbol id="sm-f91">
         <name>_xdc_runtime_LoggerBuf_Module_startup__E</name>
         <value>0x8b08d</value>
         <object_component_ref idref="oc-468"/>
      </symbol>
      <symbol id="sm-f92">
         <name>_xdc_runtime_LoggerBuf_reset__E</name>
         <value>0x8b000</value>
         <object_component_ref idref="oc-47d"/>
      </symbol>
      <symbol id="sm-f93">
         <name>_xdc_runtime_LoggerBuf_Instance_finalize__E</name>
         <value>0x8b4b1</value>
         <object_component_ref idref="oc-45f"/>
      </symbol>
      <symbol id="sm-f94">
         <name>_xdc_runtime_LoggerBuf_write4__E</name>
         <value>0x89d21</value>
         <object_component_ref idref="oc-326"/>
      </symbol>
      <symbol id="sm-f95">
         <name>_xdc_runtime_LoggerBuf_getFilterLevel__E</name>
         <value>0x8a5a9</value>
         <object_component_ref idref="oc-419"/>
      </symbol>
      <symbol id="sm-f96">
         <name>_xdc_runtime_LoggerBuf_disable__E</name>
         <value>0x8bb73</value>
         <object_component_ref idref="oc-415"/>
      </symbol>
      <symbol id="sm-f97">
         <name>_xdc_runtime_LoggerBuf_setFilterLevel__E</name>
         <value>0x8a5e6</value>
         <object_component_ref idref="oc-418"/>
      </symbol>
      <symbol id="sm-f98">
         <name>_xdc_runtime_LoggerBuf_write8__E</name>
         <value>0x8911c</value>
         <object_component_ref idref="oc-417"/>
      </symbol>
      <symbol id="sm-f99">
         <name>_xdc_runtime_LoggerBuf_write2__E</name>
         <value>0x8b27f</value>
         <object_component_ref idref="oc-38e"/>
      </symbol>
      <symbol id="sm-f9a">
         <name>_xdc_runtime_LoggerBuf_filterOutEvent__I</name>
         <value>0x8ad3b</value>
         <object_component_ref idref="oc-382"/>
      </symbol>
      <symbol id="sm-f9b">
         <name>_xdc_runtime_LoggerBuf_write1__E</name>
         <value>0x8b3ea</value>
         <object_component_ref idref="oc-38d"/>
      </symbol>
      <symbol id="sm-f9c">
         <name>_xdc_runtime_LoggerBuf_enable__E</name>
         <value>0x8bb63</value>
         <object_component_ref idref="oc-414"/>
      </symbol>
      <symbol id="sm-fb7">
         <name>_xdc_runtime_Memory_calloc__E</name>
         <value>0x8baf8</value>
         <object_component_ref idref="oc-3b9"/>
      </symbol>
      <symbol id="sm-fb8">
         <name>_xdc_runtime_Memory_free__E</name>
         <value>0x8ba49</value>
         <object_component_ref idref="oc-3bc"/>
      </symbol>
      <symbol id="sm-fb9">
         <name>_xdc_runtime_Memory_valloc__E</name>
         <value>0x8b0a4</value>
         <object_component_ref idref="oc-437"/>
      </symbol>
      <symbol id="sm-fba">
         <name>_xdc_runtime_Memory_alloc__E</name>
         <value>0x8a46f</value>
         <object_component_ref idref="oc-3fc"/>
      </symbol>
      <symbol id="sm-fbb">
         <name>_xdc_runtime_Memory_getMaxDefaultTypeAlign__E</name>
         <value>0x8bb90</value>
         <object_component_ref idref="oc-44f"/>
      </symbol>
      <symbol id="sm-fdd">
         <name>_xdc_runtime_Startup_startMods__I</name>
         <value>0x89ef3</value>
         <object_component_ref idref="oc-364"/>
      </symbol>
      <symbol id="sm-fde">
         <name>_xdc_runtime_Startup_rtsDone__E</name>
         <value>0x8bb94</value>
         <object_component_ref idref="oc-2f8"/>
      </symbol>
      <symbol id="sm-fdf">
         <name>_xdc_runtime_Startup_exec__E</name>
         <value>0x8a936</value>
         <object_component_ref idref="oc-2bd"/>
      </symbol>
      <symbol id="sm-1061">
         <name>_xdc_runtime_System_formatNum__I</name>
         <value>0x8a7ad</value>
         <object_component_ref idref="oc-446"/>
      </symbol>
      <symbol id="sm-1062">
         <name>_xdc_runtime_System_exit__E</name>
         <value>0x8b4bc</value>
         <object_component_ref idref="oc-2c0"/>
      </symbol>
      <symbol id="sm-1063">
         <name>_xdc_runtime_System_exitStd__E</name>
         <value>0x8bbef</value>
         <object_component_ref idref="oc-325"/>
      </symbol>
      <symbol id="sm-1064">
         <name>_xdc_runtime_System_printf_va__F</name>
         <value>0x8afb6</value>
         <object_component_ref idref="oc-366"/>
      </symbol>
      <symbol id="sm-1065">
         <name>_xdc_runtime_System_atexit__E</name>
         <value>0x8ad1b</value>
         <object_component_ref idref="oc-2fb"/>
      </symbol>
      <symbol id="sm-1066">
         <name>_xdc_runtime_System_abortStd__E</name>
         <value>0x8bbec</value>
         <object_component_ref idref="oc-467"/>
      </symbol>
      <symbol id="sm-1067">
         <name>_xdc_runtime_System_putchar__I</name>
         <value>0x8b018</value>
         <object_component_ref idref="oc-447"/>
      </symbol>
      <symbol id="sm-1068">
         <name>_xdc_runtime_System_snprintf_va__F</name>
         <value>0x8ba53</value>
         <object_component_ref idref="oc-4aa"/>
      </symbol>
      <symbol id="sm-1069">
         <name>_xdc_runtime_System_Module_startup__E</name>
         <value>0x8bbdd</value>
         <object_component_ref idref="oc-469"/>
      </symbol>
      <symbol id="sm-106a">
         <name>_xdc_runtime_System_avprintf__E</name>
         <value>0x8af38</value>
         <object_component_ref idref="oc-49b"/>
      </symbol>
      <symbol id="sm-106b">
         <name>_xdc_runtime_System_vprintf__E</name>
         <value>0x8afb6</value>
         <object_component_ref idref="oc-366"/>
      </symbol>
      <symbol id="sm-106c">
         <name>_xdc_runtime_System_aprintf_va__F</name>
         <value>0x8af38</value>
         <object_component_ref idref="oc-49b"/>
      </symbol>
      <symbol id="sm-106d">
         <name>_xdc_runtime_System_doPrint__I</name>
         <value>0x88000</value>
         <object_component_ref idref="oc-3d7"/>
      </symbol>
      <symbol id="sm-106e">
         <name>_xdc_runtime_System_processAtExit__E</name>
         <value>0x8ac56</value>
         <object_component_ref idref="oc-2e8"/>
      </symbol>
      <symbol id="sm-106f">
         <name>_xdc_runtime_System_vsnprintf__E</name>
         <value>0x8ba53</value>
         <object_component_ref idref="oc-4aa"/>
      </symbol>
      <symbol id="sm-1070">
         <name>_xdc_runtime_System_abort__E</name>
         <value>0x8b3f7</value>
         <object_component_ref idref="oc-3cd"/>
      </symbol>
      <symbol id="sm-108e">
         <name>_xdc_runtime_SysMin_abort__E</name>
         <value>0x8b0bb</value>
         <object_component_ref idref="oc-466"/>
      </symbol>
      <symbol id="sm-108f">
         <name>_xdc_runtime_SysMin_ready__E</name>
         <value>0x8bb00</value>
         <object_component_ref idref="oc-443"/>
      </symbol>
      <symbol id="sm-1090">
         <name>_xdc_runtime_SysMin_flush__E</name>
         <value>0x8ab9f</value>
         <object_component_ref idref="oc-410"/>
      </symbol>
      <symbol id="sm-1091">
         <name>_xdc_runtime_SysMin_Module_startup__E</name>
         <value>0x8b251</value>
         <object_component_ref idref="oc-46a"/>
      </symbol>
      <symbol id="sm-1092">
         <name>_xdc_runtime_SysMin_putch__E</name>
         <value>0x8ae09</value>
         <object_component_ref idref="oc-482"/>
      </symbol>
      <symbol id="sm-1093">
         <name>_xdc_runtime_SysMin_exit__E</name>
         <value>0x8b44c</value>
         <object_component_ref idref="oc-37f"/>
      </symbol>
      <symbol id="sm-10d7">
         <name>_xdc_runtime_Text_putLab__E</name>
         <value>0x8a3ee</value>
         <object_component_ref idref="oc-492"/>
      </symbol>
      <symbol id="sm-10d8">
         <name>_xdc_runtime_Text_printVisFxn__I</name>
         <value>0x8b114</value>
         <object_component_ref idref="oc-4a9"/>
      </symbol>
      <symbol id="sm-10d9">
         <name>_xdc_runtime_Text_putMod__E</name>
         <value>0x8a4ee</value>
         <object_component_ref idref="oc-499"/>
      </symbol>
      <symbol id="sm-10da">
         <name>_xdc_runtime_Text_cordText__E</name>
         <value>0x8b210</value>
         <object_component_ref idref="oc-3bd"/>
      </symbol>
      <symbol id="sm-10db">
         <name>_xdc_runtime_Text_xprintf__I</name>
         <value>0x8ab26</value>
         <object_component_ref idref="oc-49a"/>
      </symbol>
      <symbol id="sm-10dc">
         <name>_xdc_runtime_Text_visitRope2__I</name>
         <value>0x8aa76</value>
         <object_component_ref idref="oc-4b1"/>
      </symbol>
      <symbol id="sm-10dd">
         <name>_xdc_runtime_Text_ropeText__E</name>
         <value>0x8ba5d</value>
         <object_component_ref idref="oc-421"/>
      </symbol>
      <symbol id="sm-10de">
         <name>_xdc_runtime_Text_putSite__E</name>
         <value>0x8a1cd</value>
         <object_component_ref idref="oc-480"/>
      </symbol>
      <symbol id="sm-10ea">
         <name>___xdc__init</name>
         <value>0x8bb9b</value>
         <object_component_ref idref="oc-2c3"/>
      </symbol>
      <symbol id="sm-110a">
         <name>_xdc_runtime_Registry_findById__E</name>
         <value>0x8b28e</value>
         <object_component_ref idref="oc-4a7"/>
      </symbol>
      <symbol id="sm-1125">
         <name>_c_int00</name>
         <value>0x8a03c</value>
         <object_component_ref idref="oc-87"/>
      </symbol>
      <symbol id="sm-1126">
         <name>__stack</name>
         <value>0x122</value>
         <object_component_ref idref="oc-25e"/>
      </symbol>
      <symbol id="sm-113f">
         <name>_ti_catalog_c2800_initF2837x_Boot_initFlash</name>
         <value>0xb000</value>
         <object_component_ref idref="oc-3d0"/>
      </symbol>
      <symbol id="sm-1140">
         <name>_ti_catalog_c2800_initF2837x_Boot_defaultLimpAbortFunction</name>
         <value>0x8bbfe</value>
         <object_component_ref idref="oc-360"/>
      </symbol>
      <symbol id="sm-1141">
         <name>_ti_catalog_c2800_initF2837x_Boot_configurePllDivs</name>
         <value>0x8a367</value>
         <object_component_ref idref="oc-2e1"/>
      </symbol>
      <symbol id="sm-1142">
         <name>_ti_catalog_c2800_initF2837x_Boot_initSharedRAMs</name>
         <value>0x8bac0</value>
         <object_component_ref idref="oc-2e2"/>
      </symbol>
      <symbol id="sm-1143">
         <name>_ti_catalog_c2800_initF2837x_Boot_disableWatchdog</name>
         <value>0x8bab8</value>
         <object_component_ref idref="oc-2e0"/>
      </symbol>
      <symbol id="sm-114f">
         <name>_ti_catalog_c2800_initF2837x_Boot_entry</name>
         <value>0x80000</value>
         <object_component_ref idref="oc-88"/>
      </symbol>
      <symbol id="sm-115b">
         <name>LL$$AND</name>
         <value>0x8b030</value>
         <object_component_ref idref="oc-26c"/>
      </symbol>
      <symbol id="sm-115c">
         <name>LL$$OR</name>
         <value>0x8b038</value>
         <object_component_ref idref="oc-26c"/>
      </symbol>
      <symbol id="sm-115d">
         <name>LL$$XOR</name>
         <value>0x8b040</value>
         <object_component_ref idref="oc-26c"/>
      </symbol>
      <symbol id="sm-1189">
         <name>ULL$$MOD</name>
         <value>0x88d68</value>
         <object_component_ref idref="oc-271"/>
      </symbol>
      <symbol id="sm-118a">
         <name>ULL$$DIV</name>
         <value>0x88d39</value>
         <object_component_ref idref="oc-271"/>
      </symbol>
      <symbol id="sm-118b">
         <name>LL$$MOD</name>
         <value>0x88cff</value>
         <object_component_ref idref="oc-271"/>
      </symbol>
      <symbol id="sm-118c">
         <name>LL$$DIV</name>
         <value>0x88cc3</value>
         <object_component_ref idref="oc-271"/>
      </symbol>
      <symbol id="sm-119b">
         <name>_copy_in</name>
         <value>0x8ac0f</value>
         <object_component_ref idref="oc-2bc"/>
      </symbol>
      <symbol id="sm-11ac">
         <name>_memcpy</name>
         <value>0x8ae26</value>
         <object_component_ref idref="oc-2e3"/>
      </symbol>
      <symbol id="sm-11b8">
         <name>__system_pre_init</name>
         <value>0x8bbfc</value>
         <object_component_ref idref="oc-2ba"/>
      </symbol>
      <symbol id="sm-11c5">
         <name>__system_post_cinit</name>
         <value>0x8bc03</value>
         <object_component_ref idref="oc-2be"/>
      </symbol>
      <symbol id="sm-11d9">
         <name>C$$EXIT</name>
         <value>0x8ab4f</value>
         <object_component_ref idref="oc-380"/>
      </symbol>
      <symbol id="sm-11da">
         <name>_exit</name>
         <value>0x8ab51</value>
         <object_component_ref idref="oc-380"/>
      </symbol>
      <symbol id="sm-11db">
         <name>___TI_cleanup_ptr</name>
         <value>0x924a</value>
         <object_component_ref idref="oc-28c"/>
      </symbol>
      <symbol id="sm-11dc">
         <name>___TI_enable_exit_profile_output</name>
         <value>0x9248</value>
         <object_component_ref idref="oc-28c"/>
      </symbol>
      <symbol id="sm-11dd">
         <name>_abort</name>
         <value>0x8ab4f</value>
         <object_component_ref idref="oc-380"/>
      </symbol>
      <symbol id="sm-11de">
         <name>___TI_dtors_ptr</name>
         <value>0x924c</value>
         <object_component_ref idref="oc-28c"/>
      </symbol>
      <symbol id="sm-11f2">
         <name>__unlock</name>
         <value>0x9254</value>
         <object_component_ref idref="oc-399"/>
      </symbol>
      <symbol id="sm-11f3">
         <name>__lock</name>
         <value>0x9252</value>
         <object_component_ref idref="oc-39a"/>
      </symbol>
      <symbol id="sm-11f4">
         <name>__register_lock</name>
         <value>0x8bab3</value>
         <object_component_ref idref="oc-343"/>
      </symbol>
      <symbol id="sm-11f5">
         <name>__nop</name>
         <value>0x8bab7</value>
         <object_component_ref idref="oc-343"/>
      </symbol>
      <symbol id="sm-11f6">
         <name>__register_unlock</name>
         <value>0x8baaf</value>
         <object_component_ref idref="oc-343"/>
      </symbol>
      <symbol id="sm-1205">
         <name>__args_main</name>
         <value>0x8afcf</value>
         <object_component_ref idref="oc-2bf"/>
      </symbol>
      <symbol id="sm-1213">
         <name>_memset</name>
         <value>0x8b458</value>
         <object_component_ref idref="oc-407"/>
      </symbol>
      <symbol id="sm-1229">
         <name>_strlen</name>
         <value>0x8bb08</value>
         <object_component_ref idref="oc-445"/>
      </symbol>
      <symbol id="sm-1236">
         <name>_HOSTwrite</name>
         <value>0x8a696</value>
         <object_component_ref idref="oc-498"/>
      </symbol>
      <symbol id="sm-124f">
         <name>___TI_readmsg</name>
         <value>0x89786</value>
         <object_component_ref idref="oc-4a4"/>
      </symbol>
      <symbol id="sm-1250">
         <name>C$$IO$$</name>
         <value>0x89781</value>
         <object_component_ref idref="oc-4a4"/>
      </symbol>
      <symbol id="sm-1251">
         <name>__CIOBUF_</name>
         <value>0x92c0</value>
         <object_component_ref idref="oc-2b0"/>
      </symbol>
      <symbol id="sm-1252">
         <name>___TI_writemsg</name>
         <value>0x8972e</value>
         <object_component_ref idref="oc-4a4"/>
      </symbol>
      <symbol id="sm-125e">
         <name>_parmbuf</name>
         <value>0x9178</value>
         <object_component_ref idref="oc-4a3"/>
      </symbol>
   </symbol_table>
   <title>Link successful</title>
</link_info>
